Archive member included to satisfy reference by file (symbol)

/usr/share/gcc-arm-none-eabi-10.3-2021.10/bin/../lib/gcc/arm-none-eabi/10.3.1/thumb/v7e-m/nofp/libgcc.a(_arm_muldf3.o)
                              Build/benchmark.o (__aeabi_dmul)
/usr/share/gcc-arm-none-eabi-10.3-2021.10/bin/../lib/gcc/arm-none-eabi/10.3.1/thumb/v7e-m/nofp/libgcc.a(_arm_addsubdf3.o)
                              Build/benchmark.o (__aeabi_dsub)
/usr/share/gcc-arm-none-eabi-10.3-2021.10/bin/../lib/gcc/arm-none-eabi/10.3.1/thumb/v7e-m/nofp/libgcc.a(_arm_muldivdf3.o)
                              Build/wolf_main.o (__aeabi_ddiv)
/usr/share/gcc-arm-none-eabi-10.3-2021.10/bin/../lib/gcc/arm-none-eabi/10.3.1/thumb/v7e-m/nofp/libgcc.a(_arm_cmpdf2.o)
                              Build/benchmark.o (__aeabi_dcmplt)
/usr/share/gcc-arm-none-eabi-10.3-2021.10/bin/../lib/gcc/arm-none-eabi/10.3.1/thumb/v7e-m/nofp/libgcc.a(_aeabi_uldivmod.o)
                              Build/tfm.o (__aeabi_uldivmod)
/usr/share/gcc-arm-none-eabi-10.3-2021.10/bin/../lib/gcc/arm-none-eabi/10.3.1/thumb/v7e-m/nofp/libgcc.a(_udivmoddi4.o)
                              /usr/share/gcc-arm-none-eabi-10.3-2021.10/bin/../lib/gcc/arm-none-eabi/10.3.1/thumb/v7e-m/nofp/libgcc.a(_aeabi_uldivmod.o) (__udivmoddi4)
/usr/share/gcc-arm-none-eabi-10.3-2021.10/bin/../lib/gcc/arm-none-eabi/10.3.1/thumb/v7e-m/nofp/libgcc.a(_dvmd_tls.o)
                              /usr/share/gcc-arm-none-eabi-10.3-2021.10/bin/../lib/gcc/arm-none-eabi/10.3.1/thumb/v7e-m/nofp/libgcc.a(_aeabi_uldivmod.o) (__aeabi_ldiv0)
/usr/share/gcc-arm-none-eabi-10.3-2021.10/bin/../lib/gcc/arm-none-eabi/10.3.1/../../../../arm-none-eabi/lib/thumb/v7e-m/nofp/libg_nano.a(lib_a-ctype_.o)
                              Build/internal.o (_ctype_)
/usr/share/gcc-arm-none-eabi-10.3-2021.10/bin/../lib/gcc/arm-none-eabi/10.3.1/../../../../arm-none-eabi/lib/thumb/v7e-m/nofp/libg_nano.a(lib_a-exit.o)
                              /usr/share/gcc-arm-none-eabi-10.3-2021.10/bin/../lib/gcc/arm-none-eabi/10.3.1/../../../../arm-none-eabi/lib/thumb/v7e-m/nofp/crt0.o (exit)
/usr/share/gcc-arm-none-eabi-10.3-2021.10/bin/../lib/gcc/arm-none-eabi/10.3.1/../../../../arm-none-eabi/lib/thumb/v7e-m/nofp/libg_nano.a(lib_a-fflush.o)
                              Build/test.o (fflush)
/usr/share/gcc-arm-none-eabi-10.3-2021.10/bin/../lib/gcc/arm-none-eabi/10.3.1/../../../../arm-none-eabi/lib/thumb/v7e-m/nofp/libg_nano.a(lib_a-findfp.o)
                              /usr/share/gcc-arm-none-eabi-10.3-2021.10/bin/../lib/gcc/arm-none-eabi/10.3.1/../../../../arm-none-eabi/lib/thumb/v7e-m/nofp/libg_nano.a(lib_a-fflush.o) (__sinit)
/usr/share/gcc-arm-none-eabi-10.3-2021.10/bin/../lib/gcc/arm-none-eabi/10.3.1/../../../../arm-none-eabi/lib/thumb/v7e-m/nofp/libg_nano.a(lib_a-fwalk.o)
                              /usr/share/gcc-arm-none-eabi-10.3-2021.10/bin/../lib/gcc/arm-none-eabi/10.3.1/../../../../arm-none-eabi/lib/thumb/v7e-m/nofp/libg_nano.a(lib_a-findfp.o) (_fwalk)
/usr/share/gcc-arm-none-eabi-10.3-2021.10/bin/../lib/gcc/arm-none-eabi/10.3.1/../../../../arm-none-eabi/lib/thumb/v7e-m/nofp/libg_nano.a(lib_a-impure.o)
                              /usr/share/gcc-arm-none-eabi-10.3-2021.10/bin/../lib/gcc/arm-none-eabi/10.3.1/../../../../arm-none-eabi/lib/thumb/v7e-m/nofp/libg_nano.a(lib_a-exit.o) (_global_impure_ptr)
/usr/share/gcc-arm-none-eabi-10.3-2021.10/bin/../lib/gcc/arm-none-eabi/10.3.1/../../../../arm-none-eabi/lib/thumb/v7e-m/nofp/libg_nano.a(lib_a-init.o)
                              /usr/share/gcc-arm-none-eabi-10.3-2021.10/bin/../lib/gcc/arm-none-eabi/10.3.1/../../../../arm-none-eabi/lib/thumb/v7e-m/nofp/crt0.o (__libc_init_array)
/usr/share/gcc-arm-none-eabi-10.3-2021.10/bin/../lib/gcc/arm-none-eabi/10.3.1/../../../../arm-none-eabi/lib/thumb/v7e-m/nofp/libg_nano.a(lib_a-lock.o)
                              /usr/share/gcc-arm-none-eabi-10.3-2021.10/bin/../lib/gcc/arm-none-eabi/10.3.1/../../../../arm-none-eabi/lib/thumb/v7e-m/nofp/libg_nano.a(lib_a-findfp.o) (__retarget_lock_init_recursive)
/usr/share/gcc-arm-none-eabi-10.3-2021.10/bin/../lib/gcc/arm-none-eabi/10.3.1/../../../../arm-none-eabi/lib/thumb/v7e-m/nofp/libg_nano.a(lib_a-malloc.o)
                              Build/test.o (malloc)
/usr/share/gcc-arm-none-eabi-10.3-2021.10/bin/../lib/gcc/arm-none-eabi/10.3.1/../../../../arm-none-eabi/lib/thumb/v7e-m/nofp/libg_nano.a(lib_a-memcmp.o)
                              Build/test.o (memcmp)
/usr/share/gcc-arm-none-eabi-10.3-2021.10/bin/../lib/gcc/arm-none-eabi/10.3.1/../../../../arm-none-eabi/lib/thumb/v7e-m/nofp/libg_nano.a(lib_a-memcpy-stub.o)
                              Build/test.o (memcpy)
/usr/share/gcc-arm-none-eabi-10.3-2021.10/bin/../lib/gcc/arm-none-eabi/10.3.1/../../../../arm-none-eabi/lib/thumb/v7e-m/nofp/libg_nano.a(lib_a-memmove.o)
                              Build/internal.o (memmove)
[...]
Memory Configuration

Name             Origin             Length             Attributes
RAM              0x0000000020000000 0x0000000000020000 xrw
FLASH            0x0000000008000000 0x0000000000100000 xr
*default*        0x0000000000000000 0xffffffffffffffff

Linker script and memory map

LOAD /usr/share/gcc-arm-none-eabi-10.3-2021.10/bin/../lib/gcc/arm-none-eabi/10.3.1/thumb/v7e-m/nofp/crti.o
LOAD /usr/share/gcc-arm-none-eabi-10.3-2021.10/bin/../lib/gcc/arm-none-eabi/10.3.1/thumb/v7e-m/nofp/crtbegin.o
LOAD /usr/share/gcc-arm-none-eabi-10.3-2021.10/bin/../lib/gcc/arm-none-eabi/10.3.1/../../../../arm-none-eabi/lib/thumb/v7e-m/nofp/crt0.o
LOAD Build/benchmark_main.o
LOAD Build/wolf_main.o
LOAD Build/armtarget.o
LOAD Build/test.o
LOAD Build/benchmark.o
LOAD Build/bio.o
LOAD Build/crl.o
LOAD Build/internal.o
LOAD Build/keys.o
LOAD Build/ocsp.o
LOAD Build/sniffer.o
LOAD Build/ssl.o
LOAD Build/tls.o
LOAD Build/tls13.o
LOAD Build/wolfio.o
LOAD Build/aes.o
LOAD Build/cmac.o
LOAD Build/des3.o
LOAD Build/dh.o
LOAD Build/ecc.o
LOAD Build/hmac.o
LOAD Build/kdf.o
LOAD Build/random.o
LOAD Build/rsa.o
LOAD Build/sha.o
LOAD Build/sha256.o
LOAD Build/sha512.o
LOAD Build/sha3.o
LOAD Build/asm.o
LOAD Build/asn.o
LOAD Build/blake2s.o
LOAD Build/chacha.o
LOAD Build/chacha20_poly1305.o
LOAD Build/coding.o
LOAD Build/compress.o
LOAD Build/cpuid.o
LOAD Build/cryptocb.o
LOAD Build/curve25519.o
LOAD Build/curve448.o
LOAD Build/ecc_fp.o
LOAD Build/eccsi.o
LOAD Build/ed25519.o
LOAD Build/ed448.o
LOAD Build/error.o
LOAD Build/fe_448.o
LOAD Build/fe_low_mem.o
LOAD Build/fe_operations.o
LOAD Build/ge_448.o
LOAD Build/ge_low_mem.o
LOAD Build/ge_operations.o
LOAD Build/hash.o
LOAD Build/integer.o
LOAD Build/logging.o
LOAD Build/md5.o
LOAD Build/memory.o
LOAD Build/misc.o
LOAD Build/pkcs12.o
LOAD Build/pkcs7.o
LOAD Build/poly1305.o
LOAD Build/pwdbased.o
LOAD Build/rc2.o
LOAD Build/sakke.o
LOAD Build/signature.o
LOAD Build/srp.o
LOAD Build/sp_arm32.o
LOAD Build/sp_arm64.o
LOAD Build/sp_armthumb.o
LOAD Build/sp_c32.o
LOAD Build/sp_c64.o
LOAD Build/sp_cortexm.o
LOAD Build/sp_dsp32.o
LOAD Build/sp_int.o
LOAD Build/sp_x86_64.o
LOAD Build/tfm.o
LOAD Build/wc_dsp.o
LOAD Build/wc_encrypt.o
LOAD Build/wc_pkcs11.o
LOAD Build/wc_port.o
LOAD Build/wolfevent.o
LOAD Build/wolfmath.o
LOAD Build/arc4.o
LOAD Build/blake2b.o
LOAD Build/camellia.o
LOAD Build/dsa.o
LOAD Build/md2.o
LOAD Build/md4.o
LOAD Build/ripemd.o
LOAD /usr/share/gcc-arm-none-eabi-10.3-2021.10/bin/../lib/gcc/arm-none-eabi/10.3.1/../../../../arm-none-eabi/lib/thumb/v7e-m/nofp/libm.a
START GROUP
LOAD /usr/share/gcc-arm-none-eabi-10.3-2021.10/bin/../lib/gcc/arm-none-eabi/10.3.1/thumb/v7e-m/nofp/libgcc.a
LOAD /usr/share/gcc-arm-none-eabi-10.3-2021.10/bin/../lib/gcc/arm-none-eabi/10.3.1/../../../../arm-none-eabi/lib/thumb/v7e-m/nofp/libg_nano.a
LOAD /usr/share/gcc-arm-none-eabi-10.3-2021.10/bin/../lib/gcc/arm-none-eabi/10.3.1/../../../../arm-none-eabi/lib/thumb/v7e-m/nofp/libc_nano.a
END GROUP
START GROUP
LOAD /usr/share/gcc-arm-none-eabi-10.3-2021.10/bin/../lib/gcc/arm-none-eabi/10.3.1/thumb/v7e-m/nofp/libgcc.a
LOAD /usr/share/gcc-arm-none-eabi-10.3-2021.10/bin/../lib/gcc/arm-none-eabi/10.3.1/../../../../arm-none-eabi/lib/thumb/v7e-m/nofp/libc_nano.a
LOAD /usr/share/gcc-arm-none-eabi-10.3-2021.10/bin/../lib/gcc/arm-none-eabi/10.3.1/../../../../arm-none-eabi/lib/thumb/v7e-m/nofp/libnosys.a
END GROUP
START GROUP
LOAD /usr/share/gcc-arm-none-eabi-10.3-2021.10/bin/../lib/gcc/arm-none-eabi/10.3.1/thumb/v7e-m/nofp/libgcc.a
LOAD /usr/share/gcc-arm-none-eabi-10.3-2021.10/bin/../lib/gcc/arm-none-eabi/10.3.1/../../../../arm-none-eabi/lib/thumb/v7e-m/nofp/libc_nano.a
LOAD /usr/share/gcc-arm-none-eabi-10.3-2021.10/bin/../lib/gcc/arm-none-eabi/10.3.1/../../../../arm-none-eabi/lib/thumb/v7e-m/nofp/libnosys.a
END GROUP
LOAD /usr/share/gcc-arm-none-eabi-10.3-2021.10/bin/../lib/gcc/arm-none-eabi/10.3.1/thumb/v7e-m/nofp/crtend.o
LOAD /usr/share/gcc-arm-none-eabi-10.3-2021.10/bin/../lib/gcc/arm-none-eabi/10.3.1/thumb/v7e-m/nofp/crtn.o
                0x0000000000000000                __vectors_start__ = .

.vectors
 *(.vectors)
                0x0000000000000400                __vectors_end__ = (__vectors_start__ + 0x400)

.sys
 *(.sys*)

.text           0x0000000008000000    0x14280
 *(.text*)
 .text.startup.main
                0x0000000008000000       0x34 Build/benchmark_main.o
                0x0000000008000000                main
 .text.current_time
                0x0000000008000034       0x40 Build/wolf_main.o
                0x0000000008000034                current_time
 .text.hw_rand  0x0000000008000074       0x10 Build/wolf_main.o
                0x0000000008000074                hw_rand
 .text.my_rng_gen_block
                0x0000000008000084       0x30 Build/wolf_main.o
                0x0000000008000084                my_rng_gen_block
 .text.memcpy32
                0x00000000080000b4       0x10 Build/armtarget.o
                0x00000000080000b4                memcpy32
 .text.meminit32
                0x00000000080000c4        0xe Build/armtarget.o
                0x00000000080000c4                meminit32
 *fill*         0x00000000080000d2        0x2 
 .text.reset_handler
                0x00000000080000d4       0x44 Build/armtarget.o
                0x00000000080000d4                reset_handler
 .text.bench_stats_start
                0x0000000008000118       0x14 Build/benchmark.o
 .text.bench_stats_check
                0x000000000800012c       0x28 Build/benchmark.o
 .text.bench_stats_asym_finish_ex.constprop.0
                0x0000000008000154      0x180 Build/benchmark.o
 *fill*         0x00000000080002d4        0x4 
 .text.bench_stats_sym_finish.constprop.0
                0x00000000080002d8      0x22c Build/benchmark.o
 .text.bench_hmac.constprop.0
                0x0000000008000504       0xdc Build/benchmark.o
 .text.bench_aesgcm_internal.constprop.0
                0x00000000080005e0      0x1f8 Build/benchmark.o
 .text.bench_aesgcm
                0x00000000080007d8       0xec Build/benchmark.o
                0x00000000080007d8                bench_aesgcm
 .text.bench_aescbc_internal
                0x00000000080008c4      0x138 Build/benchmark.o
 .text.benchmark_init
                0x00000000080009fc       0xe4 Build/benchmark.o
                0x00000000080009fc                benchmark_init
 .text.benchmark_free
                0x0000000008000ae0       0x20 Build/benchmark.o
                0x0000000008000ae0                benchmark_free
 .text.bench_rng
                0x0000000008000b00       0xb8 Build/benchmark.o
                0x0000000008000b00                bench_rng
 .text.bench_aescbc
                0x0000000008000bb8       0x68 Build/benchmark.o
                0x0000000008000bb8                bench_aescbc
 .text.bench_gmac
                0x0000000008000c20       0xb8 Build/benchmark.o
                0x0000000008000c20                bench_gmac
 .text.bench_des
                0x0000000008000cd8       0xd0 Build/benchmark.o
                0x0000000008000cd8                bench_des
 .text.bench_sha
                0x0000000008000da8      0x134 Build/benchmark.o
                0x0000000008000da8                bench_sha
 .text.bench_sha256
                0x0000000008000edc      0x134 Build/benchmark.o
                0x0000000008000edc                bench_sha256
 .text.bench_sha512
                0x0000000008001010      0x134 Build/benchmark.o
                0x0000000008001010                bench_sha512
 .text.bench_sha512_224
                0x0000000008001144      0x134 Build/benchmark.o
                0x0000000008001144                bench_sha512_224
 .text.bench_sha512_256
                0x0000000008001278      0x134 Build/benchmark.o
                0x0000000008001278                bench_sha512_256
 .text.bench_hmac_sha
                0x00000000080013ac       0x20 Build/benchmark.o
                0x00000000080013ac                bench_hmac_sha
 .text.bench_hmac_sha256
                0x00000000080013cc       0x20 Build/benchmark.o
                0x00000000080013cc                bench_hmac_sha256
 .text.bench_hmac_sha512
                0x00000000080013ec       0x20 Build/benchmark.o
                0x00000000080013ec                bench_hmac_sha512
 .text.bench_eccMakeKey
                0x000000000800140c       0xd8 Build/benchmark.o
                0x000000000800140c                bench_eccMakeKey
 .text.bench_ecc
                0x00000000080014e4      0x298 Build/benchmark.o
                0x00000000080014e4                bench_ecc
 .text.bench_ecc_curve
                0x000000000800177c       0x40 Build/benchmark.o
                0x000000000800177c                bench_ecc_curve
 .text.bench_curve25519KeyGen
                0x00000000080017bc       0x9c Build/benchmark.o
                0x00000000080017bc                bench_curve25519KeyGen
 .text.bench_curve25519KeyAgree
                0x0000000008001858       0xd8 Build/benchmark.o
                0x0000000008001858                bench_curve25519KeyAgree
 .text.bench_ed25519KeyGen
                0x0000000008001930       0x60 Build/benchmark.o
                0x0000000008001930                bench_ed25519KeyGen
 .text.bench_ed25519KeySign
                0x0000000008001990      0x144 Build/benchmark.o
                0x0000000008001990                bench_ed25519KeySign
 .text.benchmark_test
                0x0000000008001ad4      0x348 Build/benchmark.o
                0x0000000008001ad4                benchmark_test
 .text.ByteReverseWord32
                0x0000000008001e1c        0x4 Build/aes.o
 .text.xorbufout
                0x0000000008001e20       0x66 Build/aes.o
 .text.xorbuf   0x0000000008001e86       0x5e Build/aes.o
 .text.IncrementGcmCounter
                0x0000000008001ee4       0x18 Build/aes.o
 .text.wc_AesEncrypt
                0x0000000008001efc      0xe78 Build/aes.o
 .text.GMULT    0x0000000008002d74       0x8e Build/aes.o
 .text.wc_AesSetIV
                0x0000000008002e02       0x1e Build/aes.o
                0x0000000008002e02                wc_AesSetIV
 .text.wc_AesSetKey
                0x0000000008002e20      0x460 Build/aes.o
                0x0000000008002e20                wc_AesSetKey
 .text.wc_AesCbcEncrypt
                0x0000000008003280       0x54 Build/aes.o
                0x0000000008003280                wc_AesCbcEncrypt
 .text.wc_AesCbcDecrypt
                0x00000000080032d4      0xe64 Build/aes.o
                0x00000000080032d4                wc_AesCbcDecrypt
 .text.wc_AesGcmSetKey
                0x0000000008004138       0x4a Build/aes.o
                0x0000000008004138                wc_AesGcmSetKey
 .text.GHASH    0x0000000008004182      0x156 Build/aes.o
                0x0000000008004182                GHASH
 .text.wc_AesGcmEncrypt
                0x00000000080042d8      0x110 Build/aes.o
                0x00000000080042d8                wc_AesGcmEncrypt
 .text.wc_AesGcmDecrypt
                0x00000000080043e8      0x134 Build/aes.o
                0x00000000080043e8                wc_AesGcmDecrypt
 .text.wc_GmacSetKey
                0x000000000800451c        0xe Build/aes.o
                0x000000000800451c                wc_GmacSetKey
 .text.wc_GmacUpdate
                0x000000000800452a       0x2c Build/aes.o
                0x000000000800452a                wc_GmacUpdate
 .text.wc_AesInit
                0x0000000008004556       0x10 Build/aes.o
                0x0000000008004556                wc_AesInit
 .text.wc_AesFree
                0x0000000008004566        0x2 Build/aes.o
                0x0000000008004566                wc_AesFree
 .text.ByteReverseWord32
                0x0000000008004568        0x4 Build/des3.o
 .text.IPERM    0x000000000800456c       0x78 Build/des3.o
 .text.FPERM    0x00000000080045e4       0x78 Build/des3.o
 .text.DesRawProcessBlock
                0x000000000800465c      0x134 Build/des3.o
 .text.DesSetKey
                0x0000000008004790      0x158 Build/des3.o
 .text.Des3ProcessBlock
                0x00000000080048e8       0x7c Build/des3.o
 .text.xorbuf.constprop.0
                0x0000000008004964       0x68 Build/des3.o
 .text.wc_Des3_CbcEncrypt
                0x00000000080049cc       0x4c Build/des3.o
                0x00000000080049cc                wc_Des3_CbcEncrypt
 .text.wc_Des3_SetIV
                0x0000000008004a18       0x20 Build/des3.o
                0x0000000008004a18                wc_Des3_SetIV
 .text.wc_Des3_SetKey
                0x0000000008004a38       0x82 Build/des3.o
                0x0000000008004a38                wc_Des3_SetKey
 .text.wc_Des3Init
                0x0000000008004aba       0x10 Build/des3.o
                0x0000000008004aba                wc_Des3Init
 .text.wc_Des3Free
                0x0000000008004aca        0x2 Build/des3.o
                0x0000000008004aca                wc_Des3Free
 .text.wc_ecc_new_point_ex.constprop.0
                0x0000000008004acc       0x4e Build/ecc.o
 .text.wc_ecc_del_point_ex.constprop.0
                0x0000000008004b1a       0x26 Build/ecc.o
 .text.ecc_point_to_mont.constprop.0
                0x0000000008004b40       0xba Build/ecc.o
 .text._ecc_projective_dbl_point.constprop.0
                0x0000000008004bfa      0x27e Build/ecc.o
 .text.wc_ecc_curve_cache_load_item
                0x0000000008004e78       0x44 Build/ecc.o
 .text._ecc_projective_add_point.isra.0
                0x0000000008004ebc      0x458 Build/ecc.o
 .text.wc_ecc_curve_free
                0x0000000008005314       0x90 Build/ecc.o
 .text.wc_ecc_curve_load
                0x00000000080053a4       0xa0 Build/ecc.o
 .text.wc_ecc_set_curve
                0x0000000008005444       0x48 Build/ecc.o
                0x0000000008005444                wc_ecc_set_curve
 .text.ecc_map_ex
                0x000000000800548c      0x18c Build/ecc.o
                0x000000000800548c                ecc_map_ex
 .text.ecc_map  0x0000000008005618        0x6 Build/ecc.o
                0x0000000008005618                ecc_map
 .text.wc_ecc_copy_point
                0x000000000800561e       0x34 Build/ecc.o
                0x000000000800561e                wc_ecc_copy_point
 .text.wc_ecc_is_valid_idx
                0x0000000008005652        0xc Build/ecc.o
                0x0000000008005652                wc_ecc_is_valid_idx
 .text.wc_ecc_get_curve_idx
                0x000000000800565e        0xa Build/ecc.o
                0x000000000800565e                wc_ecc_get_curve_idx
 .text.wc_ecc_get_name
                0x0000000008005668       0x20 Build/ecc.o
                0x0000000008005668                wc_ecc_get_name
 .text.wc_ecc_get_curve_size_from_id
                0x0000000008005688       0x20 Build/ecc.o
                0x0000000008005688                wc_ecc_get_curve_size_from_id
 .text.wc_ecc_gen_k
                0x00000000080056a8       0x7a Build/ecc.o
                0x00000000080056a8                wc_ecc_gen_k
 .text.wc_ecc_gen_z
                0x0000000008005722       0xc0 Build/ecc.o
 .text.wc_ecc_init_ex
                0x00000000080057e2       0x42 Build/ecc.o
                0x00000000080057e2                wc_ecc_init_ex
 .text.wc_ecc_free
                0x0000000008005824       0x28 Build/ecc.o
                0x0000000008005824                wc_ecc_free
 .text.ecc_projective_add_point_safe
                0x000000000800584c      0x134 Build/ecc.o
                0x000000000800584c                ecc_projective_add_point_safe
 .text.ecc_projective_dbl_point_safe
                0x0000000008005980       0x38 Build/ecc.o
                0x0000000008005980                ecc_projective_dbl_point_safe
 .text.ecc_mulmod
                0x00000000080059b8      0x34e Build/ecc.o
 .text.wc_ecc_mulmod_ex2
                0x0000000008005d06      0x182 Build/ecc.o
                0x0000000008005d06                wc_ecc_mulmod_ex2
 .text.wc_ecc_shared_secret_gen_sync
                0x0000000008005e88      0x12c Build/ecc.o
                0x0000000008005e88                wc_ecc_shared_secret_gen_sync
 .text.wc_ecc_shared_secret_ex
                0x0000000008005fb4       0x66 Build/ecc.o
                0x0000000008005fb4                wc_ecc_shared_secret_ex
 .text.wc_ecc_shared_secret
                0x000000000800601a       0x4c Build/ecc.o
                0x000000000800601a                wc_ecc_shared_secret
 .text.ecc_make_pub_ex
                0x0000000008006066      0x124 Build/ecc.o
 .text._ecc_make_key_ex
                0x000000000800618a       0xc0 Build/ecc.o
 .text.wc_ecc_make_key_ex
                0x000000000800624a        0xe Build/ecc.o
                0x000000000800624a                wc_ecc_make_key_ex
 .text.wc_ecc_sign_hash_ex
                0x0000000008006258      0x2b8 Build/ecc.o
                0x0000000008006258                wc_ecc_sign_hash_ex
 .text.wc_ecc_sign_hash
                0x0000000008006510       0xc2 Build/ecc.o
                0x0000000008006510                wc_ecc_sign_hash
 .text.ecc_mul2add
                0x00000000080065d2      0x40c Build/ecc.o
                0x00000000080065d2                ecc_mul2add
 .text.wc_ecc_verify_hash_ex
                0x00000000080069de      0x306 Build/ecc.o
                0x00000000080069de                wc_ecc_verify_hash_ex
 .text.wc_ecc_verify_hash
                0x0000000008006ce4      0x116 Build/ecc.o
                0x0000000008006ce4                wc_ecc_verify_hash
 .text.wc_ecc_set_rng
                0x0000000008006dfa       0x10 Build/ecc.o
                0x0000000008006dfa                wc_ecc_set_rng
 .text.HmacKeyInnerHash
                0x0000000008006e0a       0x42 Build/hmac.o
 .text._InitHmac
                0x0000000008006e4c       0x40 Build/hmac.o
                0x0000000008006e4c                _InitHmac
 .text.wc_HmacUpdate
                0x0000000008006e8c       0x64 Build/hmac.o
                0x0000000008006e8c                wc_HmacUpdate
 .text.wc_HmacFinal
                0x0000000008006ef0       0xe0 Build/hmac.o
                0x0000000008006ef0                wc_HmacFinal
 .text.wc_HmacInit
                0x0000000008006fd0       0x24 Build/hmac.o
                0x0000000008006fd0                wc_HmacInit
 .text.wc_HmacFree
                0x0000000008006ff4       0x38 Build/hmac.o
                0x0000000008006ff4                wc_HmacFree
 .text.wc_HmacSetKey
                0x000000000800702c      0x114 Build/hmac.o
                0x000000000800702c                wc_HmacSetKey
 .text.wc_InitRng_ex
                0x0000000008007140        0xe Build/random.o
                0x0000000008007140                wc_InitRng_ex
 .text.wc_RNG_GenerateBlock
                0x000000000800714e       0x2a Build/random.o
                0x000000000800714e                wc_RNG_GenerateBlock
 .text.wc_FreeRng
                0x0000000008007178        0xc Build/random.o
                0x0000000008007178                wc_FreeRng
 .text.ByteReverseWords
                0x0000000008007184       0x18 Build/sha.o
 .text.Transform
                0x000000000800719c      0xddc Build/sha.o
 .text.wc_InitSha_ex
                0x0000000008007f78       0x40 Build/sha.o
                0x0000000008007f78                wc_InitSha_ex
 .text.wc_ShaUpdate
                0x0000000008007fb8       0xd0 Build/sha.o
                0x0000000008007fb8                wc_ShaUpdate
 .text.wc_ShaFinal
                0x0000000008008088       0xf0 Build/sha.o
                0x0000000008008088                wc_ShaFinal
 .text.wc_ShaFree
                0x0000000008008178        0x2 Build/sha.o
                0x0000000008008178                wc_ShaFree
 .text.ByteReverseWords
                0x000000000800817a       0x18 Build/sha256.o
 *fill*         0x0000000008008192        0x2 
 .text.Transform_Sha256
                0x0000000008008194      0x340 Build/sha256.o
 .text.wc_InitSha256_ex
                0x00000000080084d4       0x68 Build/sha256.o
                0x00000000080084d4                wc_InitSha256_ex
 .text.wc_Sha256Update
                0x000000000800853c       0xae Build/sha256.o
                0x000000000800853c                wc_Sha256Update
 *fill*         0x00000000080085ea        0x2 
 .text.wc_Sha256Final
                0x00000000080085ec      0x114 Build/sha256.o
                0x00000000080085ec                wc_Sha256Final
 .text.wc_Sha256Free
                0x0000000008008700       0x14 Build/sha256.o
                0x0000000008008700                wc_Sha256Free
 *fill*         0x0000000008008714        0x4 
 .text.InitSha512
                0x0000000008008718       0xb8 Build/sha512.o
 .text.InitSha512_224
                0x00000000080087d0       0xb8 Build/sha512.o
 .text.InitSha512_256
                0x0000000008008888       0xb8 Build/sha512.o
 .text.ByteReverseWords64
                0x0000000008008940       0x20 Build/sha512.o
 .text._Transform_Sha512
                0x0000000008008960     0x1fe0 Build/sha512.o
 .text.Sha512_Family_Final
                0x000000000800a940       0xe2 Build/sha512.o
 *fill*         0x000000000800aa22        0x2 
 .text.wc_Sha512Final
                0x000000000800aa24        0xc Build/sha512.o
                0x000000000800aa24                wc_Sha512Final
 .text.wc_Sha512_224Final
                0x000000000800aa30        0xc Build/sha512.o
                0x000000000800aa30                wc_Sha512_224Final
 .text.wc_Sha512_256Final
                0x000000000800aa3c        0xc Build/sha512.o
                0x000000000800aa3c                wc_Sha512_256Final
 .text.wc_InitSha512_ex
                0x000000000800aa48       0x10 Build/sha512.o
                0x000000000800aa48                wc_InitSha512_ex
 .text.wc_InitSha512_224_ex
                0x000000000800aa58       0x10 Build/sha512.o
                0x000000000800aa58                wc_InitSha512_224_ex
 .text.wc_InitSha512_256_ex
                0x000000000800aa68       0x10 Build/sha512.o
                0x000000000800aa68                wc_InitSha512_256_ex
 .text.wc_Sha512Update
                0x000000000800aa78       0xd4 Build/sha512.o
                0x000000000800aa78                wc_Sha512Update
 .text.wc_Sha512Free
                0x000000000800ab4c       0x14 Build/sha512.o
                0x000000000800ab4c                wc_Sha512Free
 .text.wc_Sha512_224Update
                0x000000000800ab60        0x4 Build/sha512.o
                0x000000000800ab60                wc_Sha512_224Update
 .text.wc_Sha512_224Free
                0x000000000800ab64        0x4 Build/sha512.o
                0x000000000800ab64                wc_Sha512_224Free
 .text.wc_Sha512_256Update
                0x000000000800ab68        0x4 Build/sha512.o
                0x000000000800ab68                wc_Sha512_256Update
 .text.wc_Sha512_256Free
                0x000000000800ab6c        0x4 Build/sha512.o
                0x000000000800ab6c                wc_Sha512_256Free
 .text.GetLength_ex
                0x000000000800ab70       0x76 Build/asn.o
                0x000000000800ab70                GetLength_ex
 .text.GetASNTag
                0x000000000800abe6       0x26 Build/asn.o
                0x000000000800abe6                GetASNTag
 .text.GetASNHeader_ex
                0x000000000800ac0c       0x56 Build/asn.o
 .text.GetSequence
                0x000000000800ac62       0x16 Build/asn.o
                0x000000000800ac62                GetSequence
 .text.GetASNInt
                0x000000000800ac78       0x5c Build/asn.o
                0x000000000800ac78                GetASNInt
 .text.GetIntPositive
                0x000000000800acd4       0x78 Build/asn.o
 .text.SetLength
                0x000000000800ad4c       0x4c Build/asn.o
                0x000000000800ad4c                SetLength
 .text.SetASNInt
                0x000000000800ad98       0x32 Build/asn.o
                0x000000000800ad98                SetASNInt
 .text.SetASNIntMP
                0x000000000800adca       0x64 Build/asn.o
 .text.SetHeader
                0x000000000800ae2e       0x16 Build/asn.o
 .text.SetSequence
                0x000000000800ae44        0xa Build/asn.o
                0x000000000800ae44                SetSequence
 .text.StoreECC_DSA_Sig
                0x000000000800ae4e       0x78 Build/asn.o
                0x000000000800ae4e                StoreECC_DSA_Sig
 .text.DecodeECC_DSA_Sig_Ex
                0x000000000800aec6       0x7c Build/asn.o
                0x000000000800aec6                DecodeECC_DSA_Sig_Ex
 .text.curve25519_copy_point
                0x000000000800af42       0x26 Build/curve25519.o
 .text.wc_curve25519_make_pub
                0x000000000800af68       0x3c Build/curve25519.o
                0x000000000800af68                wc_curve25519_make_pub
 .text.wc_curve25519_make_priv
                0x000000000800afa4       0x38 Build/curve25519.o
                0x000000000800afa4                wc_curve25519_make_priv
 .text.wc_curve25519_make_key
                0x000000000800afdc       0x48 Build/curve25519.o
                0x000000000800afdc                wc_curve25519_make_key
 .text.wc_curve25519_shared_secret_ex
                0x000000000800b024       0x80 Build/curve25519.o
                0x000000000800b024                wc_curve25519_shared_secret_ex
 .text.wc_curve25519_shared_secret
                0x000000000800b0a4        0xe Build/curve25519.o
                0x000000000800b0a4                wc_curve25519_shared_secret
 *fill*         0x000000000800b0b2        0x2 
 .text.wc_curve25519_init_ex
                0x000000000800b0b4       0x24 Build/curve25519.o
                0x000000000800b0b4                wc_curve25519_init_ex
 .text.wc_curve25519_free
                0x000000000800b0d8       0x36 Build/curve25519.o
                0x000000000800b0d8                wc_curve25519_free
 .text.ed25519_hash_init
                0x000000000800b10e       0x20 Build/ed25519.o
 .text.ed25519_hash
                0x000000000800b12e       0x44 Build/ed25519.o
 .text.wc_ed25519_make_public
                0x000000000800b172       0x70 Build/ed25519.o
                0x000000000800b172                wc_ed25519_make_public
 .text.wc_ed25519_make_key
                0x000000000800b1e2       0x74 Build/ed25519.o
                0x000000000800b1e2                wc_ed25519_make_key
 *fill*         0x000000000800b256        0x2 
 .text.wc_ed25519_sign_msg_ex
                0x000000000800b258      0x1f8 Build/ed25519.o
                0x000000000800b258                wc_ed25519_sign_msg_ex
 .text.wc_ed25519_sign_msg
                0x000000000800b450       0x18 Build/ed25519.o
                0x000000000800b450                wc_ed25519_sign_msg
 .text.wc_ed25519_verify_msg_ex
                0x000000000800b468      0x1b0 Build/ed25519.o
                0x000000000800b468                wc_ed25519_verify_msg_ex
 .text.wc_ed25519_verify_msg
                0x000000000800b618       0x1e Build/ed25519.o
                0x000000000800b618                wc_ed25519_verify_msg
 .text.wc_ed25519_init_ex
                0x000000000800b636       0x20 Build/ed25519.o
                0x000000000800b636                wc_ed25519_init_ex
 .text.wc_ed25519_init
                0x000000000800b656        0xa Build/ed25519.o
                0x000000000800b656                wc_ed25519_init
 .text.wc_ed25519_free
                0x000000000800b660       0x14 Build/ed25519.o
                0x000000000800b660                wc_ed25519_free
 .text.load_3   0x000000000800b674       0x14 Build/fe_operations.o
                0x000000000800b674                load_3
 .text.load_4   0x000000000800b688        0x6 Build/fe_operations.o
                0x000000000800b688                load_4
 .text.fe_1     0x000000000800b68e       0x1a Build/fe_operations.o
                0x000000000800b68e                fe_1
 .text.fe_0     0x000000000800b6a8       0x18 Build/fe_operations.o
                0x000000000800b6a8                fe_0
 .text.fe_init  0x000000000800b6c0        0x2 Build/fe_operations.o
                0x000000000800b6c0                fe_init
 .text.fe_sq    0x000000000800b6c2      0x3b0 Build/fe_operations.o
                0x000000000800b6c2                fe_sq
 .text.fe_add   0x000000000800ba72       0x62 Build/fe_operations.o
                0x000000000800ba72                fe_add
 .text.fe_tobytes
                0x000000000800bad4      0x162 Build/fe_operations.o
                0x000000000800bad4                fe_tobytes
 .text.fe_sub   0x000000000800bc36       0x62 Build/fe_operations.o
                0x000000000800bc36                fe_sub
 .text.fe_frombytes
                0x000000000800bc98      0x214 Build/fe_operations.o
                0x000000000800bc98                fe_frombytes
 .text.fe_copy  0x000000000800beac       0x30 Build/fe_operations.o
                0x000000000800beac                fe_copy
 .text.fe_mul   0x000000000800bedc      0x584 Build/fe_operations.o
                0x000000000800bedc                fe_mul
 .text.fe_invert
                0x000000000800c460      0x174 Build/fe_operations.o
                0x000000000800c460                fe_invert
 .text.fe_cswap
                0x000000000800c5d4      0x160 Build/fe_operations.o
                0x000000000800c5d4                fe_cswap
 .text.fe_mul121666
                0x000000000800c734      0x1ac Build/fe_operations.o
                0x000000000800c734                fe_mul121666
 .text.curve25519
                0x000000000800c8e0      0x192 Build/fe_operations.o
                0x000000000800c8e0                curve25519
 .text.fe_sq2   0x000000000800ca72      0x412 Build/fe_operations.o
                0x000000000800ca72                fe_sq2
 .text.fe_pow22523
                0x000000000800ce84      0x164 Build/fe_operations.o
                0x000000000800ce84                fe_pow22523
 .text.fe_neg   0x000000000800cfe8       0x4a Build/fe_operations.o
                0x000000000800cfe8                fe_neg
 *fill*         0x000000000800d032        0x2 
 .text.fe_isnonzero
                0x000000000800d034       0x30 Build/fe_operations.o
                0x000000000800d034                fe_isnonzero
 .text.fe_isnegative
                0x000000000800d064       0x1a Build/fe_operations.o
                0x000000000800d064                fe_isnegative
 .text.fe_cmov  0x000000000800d07e       0xba Build/fe_operations.o
                0x000000000800d07e                fe_cmov
 .text.slide    0x000000000800d138       0x98 Build/ge_operations.o
 .text.ge_p1p1_to_p2
                0x000000000800d1d0       0x32 Build/ge_operations.o
 .text.ge_madd  0x000000000800d202       0x8c Build/ge_operations.o
 .text.ge_p1p1_to_p3
                0x000000000800d28e       0x42 Build/ge_operations.o
 .text.ge_add   0x000000000800d2d0       0x98 Build/ge_operations.o
 .text.ge_p3_to_cached
                0x000000000800d368       0x40 Build/ge_operations.o
 .text.ge_p2_dbl
                0x000000000800d3a8       0x70 Build/ge_operations.o
 .text.ge_p3_dbl
                0x000000000800d418       0x2e Build/ge_operations.o
 .text.cmov     0x000000000800d446       0x34 Build/ge_operations.o
 *fill*         0x000000000800d47a        0x2 
 .text.ge_select
                0x000000000800d47c       0xe0 Build/ge_operations.o
 .text.sc_reduce
                0x000000000800d55c      0xbf8 Build/ge_operations.o
                0x000000000800d55c                sc_reduce
 .text.sc_muladd
                0x000000000800e154     0x14d8 Build/ge_operations.o
                0x000000000800e154                sc_muladd
 .text.ge_scalarmult_base
                0x000000000800f62c      0x12c Build/ge_operations.o
                0x000000000800f62c                ge_scalarmult_base
 .text.ge_double_scalarmult_vartime
                0x000000000800f758      0x3e8 Build/ge_operations.o
                0x000000000800f758                ge_double_scalarmult_vartime
 .text.ge_frombytes_negate_vartime
                0x000000000800fb40      0x104 Build/ge_operations.o
                0x000000000800fb40                ge_frombytes_negate_vartime
 .text.ge_tobytes
                0x000000000800fc44       0x40 Build/ge_operations.o
                0x000000000800fc44                ge_tobytes
 .text.fp_cond_swap_ct_ex
                0x000000000800fc84       0x78 Build/tfm.o
 .text.fp_sqr_comba8
                0x000000000800fcfc      0x458 Build/tfm.o
                0x000000000800fcfc                fp_sqr_comba8
 .text.fp_mul_comba8
                0x0000000008010154      0x4be Build/tfm.o
                0x0000000008010154                fp_mul_comba8
 .text.s_fp_add
                0x0000000008010612       0x8e Build/tfm.o
                0x0000000008010612                s_fp_add
 .text.s_fp_sub
                0x00000000080106a0       0x92 Build/tfm.o
                0x00000000080106a0                s_fp_sub
 .text.fp_mul_2
                0x0000000008010732       0x6a Build/tfm.o
                0x0000000008010732                fp_mul_2
 .text.fp_mul_d
                0x000000000801079c       0x7e Build/tfm.o
                0x000000000801079c                fp_mul_d
 .text.fp_div_2
                0x000000000801081a       0x6a Build/tfm.o
                0x000000000801081a                fp_div_2
 .text.fp_div_2_mod_ct
                0x0000000008010884       0x98 Build/tfm.o
                0x0000000008010884                fp_div_2_mod_ct
 .text.fp_submod_ct
                0x000000000801091c       0xa2 Build/tfm.o
                0x000000000801091c                fp_submod_ct
 .text.fp_addmod_ct
                0x00000000080109be       0xbe Build/tfm.o
                0x00000000080109be                fp_addmod_ct
 .text.fp_cmp_d
                0x0000000008010a7c       0x32 Build/tfm.o
                0x0000000008010a7c                fp_cmp_d
 .text.fp_cmp_mag
                0x0000000008010aae       0x36 Build/tfm.o
                0x0000000008010aae                fp_cmp_mag
 .text.fp_add   0x0000000008010ae4       0x44 Build/tfm.o
                0x0000000008010ae4                fp_add
 .text.fp_sub   0x0000000008010b28       0x42 Build/tfm.o
                0x0000000008010b28                fp_sub
 .text.fp_cmp   0x0000000008010b6a       0x2a Build/tfm.o
                0x0000000008010b6a                fp_cmp
 .text.fp_montgomery_setup
                0x0000000008010b94       0x36 Build/tfm.o
                0x0000000008010b94                fp_montgomery_setup
 .text.fp_montgomery_reduce_ex
                0x0000000008010bca      0x14a Build/tfm.o
                0x0000000008010bca                fp_montgomery_reduce_ex
 .text.fp_montgomery_reduce
                0x0000000008010d14        0x6 Build/tfm.o
                0x0000000008010d14                fp_montgomery_reduce
 .text.fp_to_unsigned_bin_at_pos
                0x0000000008010d1a       0x40 Build/tfm.o
                0x0000000008010d1a                fp_to_unsigned_bin_at_pos
 .text.fp_is_bit_set
                0x0000000008010d5a       0x30 Build/tfm.o
                0x0000000008010d5a                fp_is_bit_set
 .text.fp_count_bits
                0x0000000008010d8a       0x1a Build/tfm.o
                0x0000000008010d8a                fp_count_bits
 .text.fp_unsigned_bin_size
                0x0000000008010da4       0x1a Build/tfm.o
                0x0000000008010da4                fp_unsigned_bin_size
 .text.fp_leading_bit
                0x0000000008010dbe       0x22 Build/tfm.o
                0x0000000008010dbe                fp_leading_bit
 .text.fp_lshd  0x0000000008010de0       0x68 Build/tfm.o
                0x0000000008010de0                fp_lshd
 .text.fp_zero  0x0000000008010e48        0xe Build/tfm.o
                0x0000000008010e48                fp_zero
 .text.fp_2expt
                0x0000000008010e56       0x28 Build/tfm.o
                0x0000000008010e56                fp_2expt
 .text.fp_read_unsigned_bin
                0x0000000008010e7e       0x4a Build/tfm.o
                0x0000000008010e7e                fp_read_unsigned_bin
 .text.fp_set   0x0000000008010ec8       0x16 Build/tfm.o
                0x0000000008010ec8                fp_set
 .text.fp_montgomery_calc_normalization
                0x0000000008010ede       0x6e Build/tfm.o
                0x0000000008010ede                fp_montgomery_calc_normalization
 .text.fp_rshd  0x0000000008010f4c       0x56 Build/tfm.o
                0x0000000008010f4c                fp_rshd
 .text.fp_rshb  0x0000000008010fa2       0x66 Build/tfm.o
                0x0000000008010fa2                fp_rshb
 .text.fp_sub_d
                0x0000000008011008       0x3a Build/tfm.o
                0x0000000008011008                fp_sub_d
 .text.mp_init  0x0000000008011042        0xc Build/tfm.o
                0x0000000008011042                mp_init
 .text.fp_forcezero
                0x000000000801104e       0x1a Build/tfm.o
                0x000000000801104e                fp_forcezero
 .text.mp_forcezero
                0x0000000008011068        0x4 Build/tfm.o
                0x0000000008011068                mp_forcezero
 .text.mp_clear
                0x000000000801106c        0x8 Build/tfm.o
                0x000000000801106c                mp_clear
 .text.mp_free  0x0000000008011074        0x2 Build/tfm.o
                0x0000000008011074                mp_free
 .text.mp_init_multi
                0x0000000008011076       0x46 Build/tfm.o
                0x0000000008011076                mp_init_multi
 .text.mp_sub   0x00000000080110bc        0x4 Build/tfm.o
                0x00000000080110bc                mp_sub
 .text.mp_submod_ct
                0x00000000080110c0        0x4 Build/tfm.o
                0x00000000080110c0                mp_submod_ct
 .text.mp_addmod_ct
                0x00000000080110c4        0x4 Build/tfm.o
                0x00000000080110c4                mp_addmod_ct
 .text.mp_cmp   0x00000000080110c8        0x4 Build/tfm.o
                0x00000000080110c8                mp_cmp
 .text.mp_cmp_d
                0x00000000080110cc        0x4 Build/tfm.o
                0x00000000080110cc                mp_cmp_d
 .text.mp_unsigned_bin_size
                0x00000000080110d0        0x4 Build/tfm.o
                0x00000000080110d0                mp_unsigned_bin_size
 .text.mp_read_unsigned_bin
                0x00000000080110d4        0x4 Build/tfm.o
                0x00000000080110d4                mp_read_unsigned_bin
 .text.mp_sub_d
                0x00000000080110d8        0x4 Build/tfm.o
                0x00000000080110d8                mp_sub_d
 .text.fp_copy  0x00000000080110dc       0x1e Build/tfm.o
                0x00000000080110dc                fp_copy
 .text.fp_mul_2d
                0x00000000080110fa       0x8a Build/tfm.o
                0x00000000080110fa                fp_mul_2d
 .text.fp_mul_comba
                0x0000000008011184      0x100 Build/tfm.o
                0x0000000008011184                fp_mul_comba
 .text.fp_mul   0x0000000008011284       0x52 Build/tfm.o
                0x0000000008011284                fp_mul
 .text.mp_mul   0x00000000080112d6        0x4 Build/tfm.o
                0x00000000080112d6                mp_mul
 .text.fp_mod_2d
                0x00000000080112da       0xc6 Build/tfm.o
                0x00000000080112da                fp_mod_2d
 .text.fp_div_2d
                0x00000000080113a0       0x72 Build/tfm.o
                0x00000000080113a0                fp_div_2d
 .text.fp_div   0x0000000008011412      0x328 Build/tfm.o
                0x0000000008011412                fp_div
 .text.fp_mod   0x000000000801173a       0x58 Build/tfm.o
                0x000000000801173a                fp_mod
 .text.fp_mulmod
                0x0000000008011792       0x46 Build/tfm.o
                0x0000000008011792                fp_mulmod
 .text.mp_mulmod
                0x00000000080117d8        0x4 Build/tfm.o
                0x00000000080117d8                mp_mulmod
 .text.mp_mod   0x00000000080117dc        0x4 Build/tfm.o
                0x00000000080117dc                mp_mod
 .text.fp_invmod
                0x00000000080117e0      0x470 Build/tfm.o
                0x00000000080117e0                fp_invmod
 .text.mp_invmod
                0x0000000008011c50        0x4 Build/tfm.o
                0x0000000008011c50                mp_invmod
 .text.fp_sqr_comba
                0x0000000008011c54      0x12c Build/tfm.o
                0x0000000008011c54                fp_sqr_comba
 .text.fp_sqr   0x0000000008011d80       0x3c Build/tfm.o
                0x0000000008011d80                fp_sqr
 .text.fp_invmod_mont_ct
                0x0000000008011dbc      0x1b2 Build/tfm.o
                0x0000000008011dbc                fp_invmod_mont_ct
 .text.mp_invmod_mont_ct
                0x0000000008011f6e        0x4 Build/tfm.o
                0x0000000008011f6e                mp_invmod_mont_ct
 .text.fp_init_copy
                0x0000000008011f72       0x1c Build/tfm.o
                0x0000000008011f72                fp_init_copy
 .text.fp_to_unsigned_bin
                0x0000000008011f8e       0x38 Build/tfm.o
                0x0000000008011f8e                fp_to_unsigned_bin
 .text.mp_to_unsigned_bin
                0x0000000008011fc6        0x4 Build/tfm.o
                0x0000000008011fc6                mp_to_unsigned_bin
 .text.mp_copy  0x0000000008011fca        0xa Build/tfm.o
                0x0000000008011fca                mp_copy
 .text.mp_iszero
                0x0000000008011fd4        0xa Build/tfm.o
                0x0000000008011fd4                mp_iszero
 .text.mp_count_bits
                0x0000000008011fde        0x4 Build/tfm.o
                0x0000000008011fde                mp_count_bits
 .text.mp_leading_bit
                0x0000000008011fe2        0x4 Build/tfm.o
                0x0000000008011fe2                mp_leading_bit
 .text.mp_rshb  0x0000000008011fe6        0x4 Build/tfm.o
                0x0000000008011fe6                mp_rshb
 .text.mp_montgomery_calc_normalization
                0x0000000008011fea        0x4 Build/tfm.o
                0x0000000008011fea                mp_montgomery_calc_normalization
 .text.mp_cond_swap_ct_ex
                0x0000000008011fee        0x4 Build/tfm.o
                0x0000000008011fee                mp_cond_swap_ct_ex
 .text.fp_add_d
                0x0000000008011ff2       0x3a Build/tfm.o
                0x0000000008011ff2                fp_add_d
 .text.mp_read_radix
                0x000000000801202c      0x128 Build/tfm.o
                0x000000000801202c                mp_read_radix
 .text.mp_sqr   0x0000000008012154        0x4 Build/tfm.o
                0x0000000008012154                mp_sqr
 .text.mp_montgomery_reduce
                0x0000000008012158        0x4 Build/tfm.o
                0x0000000008012158                mp_montgomery_reduce
 .text.mp_montgomery_setup
                0x000000000801215c        0x4 Build/tfm.o
                0x000000000801215c                mp_montgomery_setup
 .text.mp_div_2_mod_ct
                0x0000000008012160        0x4 Build/tfm.o
                0x0000000008012160                mp_div_2_mod_ct
 .text.mp_set   0x0000000008012164        0xa Build/tfm.o
                0x0000000008012164                mp_set
 *fill*         0x000000000801216e        0x2 
 .text.wolfCrypt_Init
                0x0000000008012170       0x14 Build/wc_port.o
                0x0000000008012170                wolfCrypt_Init
 .text.wolfCrypt_Cleanup
                0x0000000008012184       0x1c Build/wc_port.o
                0x0000000008012184                wolfCrypt_Cleanup
 .text.mp_reverse
                0x00000000080121a0       0x24 Build/wolfmath.o
                0x00000000080121a0                mp_reverse
 .text.get_digit_count
                0x00000000080121c4        0x6 Build/wolfmath.o
                0x00000000080121c4                get_digit_count
 .text.get_digit
                0x00000000080121ca       0x18 Build/wolfmath.o
                0x00000000080121ca                get_digit
 .text.mp_cond_copy
                0x00000000080121e2       0xa2 Build/wolfmath.o
                0x00000000080121e2                mp_cond_copy
 .text          0x0000000008012284      0x378 /usr/share/gcc-arm-none-eabi-10.3-2021.10/bin/../lib/gcc/arm-none-eabi/10.3.1/thumb/v7e-m/nofp/libgcc.a(_arm_addsubdf3.o)
                0x0000000008012284                __aeabi_drsub
                0x000000000801228c                __aeabi_dsub
                0x000000000801228c                __subdf3
                0x0000000008012290                __adddf3
                0x0000000008012290                __aeabi_dadd
                0x0000000008012508                __aeabi_ui2d
                0x0000000008012508                __floatunsidf
                0x0000000008012528                __floatsidf
                0x0000000008012528                __aeabi_i2d
                0x000000000801254c                __extendsfdf2
                0x000000000801254c                __aeabi_f2d
                0x0000000008012590                __aeabi_ul2d
                0x0000000008012590                __floatundidf
                0x00000000080125a0                __floatdidf
                0x00000000080125a0                __aeabi_l2d
 .text          0x00000000080125fc      0x424 /usr/share/gcc-arm-none-eabi-10.3-2021.10/bin/../lib/gcc/arm-none-eabi/10.3.1/thumb/v7e-m/nofp/libgcc.a(_arm_muldivdf3.o)
                0x00000000080125fc                __aeabi_dmul
                0x00000000080125fc                __muldf3
                0x0000000008012850                __aeabi_ddiv
                0x0000000008012850                __divdf3
 .text          0x0000000008012a20      0x110 /usr/share/gcc-arm-none-eabi-10.3-2021.10/bin/../lib/gcc/arm-none-eabi/10.3.1/thumb/v7e-m/nofp/libgcc.a(_arm_cmpdf2.o)
                0x0000000008012a20                __gtdf2
                0x0000000008012a20                __gedf2
                0x0000000008012a28                __ltdf2
                0x0000000008012a28                __ledf2
                0x0000000008012a30                __cmpdf2
                0x0000000008012a30                __eqdf2
                0x0000000008012a30                __nedf2
                0x0000000008012aac                __aeabi_cdrcmple
                0x0000000008012abc                __aeabi_cdcmple
                0x0000000008012abc                __aeabi_cdcmpeq
                0x0000000008012acc                __aeabi_dcmpeq
                0x0000000008012ae0                __aeabi_dcmplt
                0x0000000008012af4                __aeabi_dcmple
                0x0000000008012b08                __aeabi_dcmpge
                0x0000000008012b1c                __aeabi_dcmpgt
 .text          0x0000000008012b30       0x30 /usr/share/gcc-arm-none-eabi-10.3-2021.10/bin/../lib/gcc/arm-none-eabi/10.3.1/thumb/v7e-m/nofp/libgcc.a(_aeabi_uldivmod.o)
                0x0000000008012b30                __aeabi_uldivmod
 .text          0x0000000008012b60      0x2d0 /usr/share/gcc-arm-none-eabi-10.3-2021.10/bin/../lib/gcc/arm-none-eabi/10.3.1/thumb/v7e-m/nofp/libgcc.a(_udivmoddi4.o)
                0x0000000008012b60                __udivmoddi4
 .text          0x0000000008012e30        0x4 /usr/share/gcc-arm-none-eabi-10.3-2021.10/bin/../lib/gcc/arm-none-eabi/10.3.1/thumb/v7e-m/nofp/libgcc.a(_dvmd_tls.o)
                0x0000000008012e30                __aeabi_ldiv0
                0x0000000008012e30                __aeabi_idiv0
 .text.__sflush_r
                0x0000000008012e34      0x104 /usr/share/gcc-arm-none-eabi-10.3-2021.10/bin/../lib/gcc/arm-none-eabi/10.3.1/../../../../arm-none-eabi/lib/thumb/v7e-m/nofp/libg_nano.a(lib_a-fflush.o)
                0x0000000008012e34                __sflush_r
 .text._fflush_r
                0x0000000008012f38       0x78 /usr/share/gcc-arm-none-eabi-10.3-2021.10/bin/../lib/gcc/arm-none-eabi/10.3.1/../../../../arm-none-eabi/lib/thumb/v7e-m/nofp/libg_nano.a(lib_a-fflush.o)
                0x0000000008012f38                _fflush_r
 .text.std      0x0000000008012fb0       0x48 /usr/share/gcc-arm-none-eabi-10.3-2021.10/bin/../lib/gcc/arm-none-eabi/10.3.1/../../../../arm-none-eabi/lib/thumb/v7e-m/nofp/libg_nano.a(lib_a-findfp.o)
 .text._cleanup_r
                0x0000000008012ff8        0xc /usr/share/gcc-arm-none-eabi-10.3-2021.10/bin/../lib/gcc/arm-none-eabi/10.3.1/../../../../arm-none-eabi/lib/thumb/v7e-m/nofp/libg_nano.a(lib_a-findfp.o)
                0x0000000008012ff8                _cleanup_r
 .text.__sfmoreglue
                0x0000000008013004       0x2c /usr/share/gcc-arm-none-eabi-10.3-2021.10/bin/../lib/gcc/arm-none-eabi/10.3.1/../../../../arm-none-eabi/lib/thumb/v7e-m/nofp/libg_nano.a(lib_a-findfp.o)
                0x0000000008013004                __sfmoreglue
 .text.__sfp_lock_acquire
                0x0000000008013030        0xc /usr/share/gcc-arm-none-eabi-10.3-2021.10/bin/../lib/gcc/arm-none-eabi/10.3.1/../../../../arm-none-eabi/lib/thumb/v7e-m/nofp/libg_nano.a(lib_a-findfp.o)
                0x0000000008013030                __sfp_lock_acquire
 .text.__sfp_lock_release
                0x000000000801303c        0xc /usr/share/gcc-arm-none-eabi-10.3-2021.10/bin/../lib/gcc/arm-none-eabi/10.3.1/../../../../arm-none-eabi/lib/thumb/v7e-m/nofp/libg_nano.a(lib_a-findfp.o)
                0x000000000801303c                __sfp_lock_release
 .text.__sinit_lock_acquire
                0x0000000008013048        0xc /usr/share/gcc-arm-none-eabi-10.3-2021.10/bin/../lib/gcc/arm-none-eabi/10.3.1/../../../../arm-none-eabi/lib/thumb/v7e-m/nofp/libg_nano.a(lib_a-findfp.o)
                0x0000000008013048                __sinit_lock_acquire
 .text.__sinit_lock_release
                0x0000000008013054        0xc /usr/share/gcc-arm-none-eabi-10.3-2021.10/bin/../lib/gcc/arm-none-eabi/10.3.1/../../../../arm-none-eabi/lib/thumb/v7e-m/nofp/libg_nano.a(lib_a-findfp.o)
                0x0000000008013054                __sinit_lock_release
 .text.__sinit  0x0000000008013060       0x70 /usr/share/gcc-arm-none-eabi-10.3-2021.10/bin/../lib/gcc/arm-none-eabi/10.3.1/../../../../arm-none-eabi/lib/thumb/v7e-m/nofp/libg_nano.a(lib_a-findfp.o)
                0x0000000008013060                __sinit
 .text.__sfp    0x00000000080130d0       0x8c /usr/share/gcc-arm-none-eabi-10.3-2021.10/bin/../lib/gcc/arm-none-eabi/10.3.1/../../../../arm-none-eabi/lib/thumb/v7e-m/nofp/libg_nano.a(lib_a-findfp.o)
                0x00000000080130d0                __sfp
 .text._fwalk_reent
                0x000000000801315c       0x3e /usr/share/gcc-arm-none-eabi-10.3-2021.10/bin/../lib/gcc/arm-none-eabi/10.3.1/../../../../arm-none-eabi/lib/thumb/v7e-m/nofp/libg_nano.a(lib_a-fwalk.o)
                0x000000000801315c                _fwalk_reent
 .text.__retarget_lock_init_recursive
                0x000000000801319a        0x2 /usr/share/gcc-arm-none-eabi-10.3-2021.10/bin/../lib/gcc/arm-none-eabi/10.3.1/../../../../arm-none-eabi/lib/thumb/v7e-m/nofp/libg_nano.a(lib_a-lock.o)
                0x000000000801319a                __retarget_lock_init_recursive
 .text.__retarget_lock_acquire_recursive
                0x000000000801319c        0x2 /usr/share/gcc-arm-none-eabi-10.3-2021.10/bin/../lib/gcc/arm-none-eabi/10.3.1/../../../../arm-none-eabi/lib/thumb/v7e-m/nofp/libg_nano.a(lib_a-lock.o)
                0x000000000801319c                __retarget_lock_acquire_recursive
 .text.__retarget_lock_release_recursive
                0x000000000801319e        0x2 /usr/share/gcc-arm-none-eabi-10.3-2021.10/bin/../lib/gcc/arm-none-eabi/10.3.1/../../../../arm-none-eabi/lib/thumb/v7e-m/nofp/libg_nano.a(lib_a-lock.o)
                0x000000000801319e                __retarget_lock_release_recursive
 .text.malloc   0x00000000080131a0       0x10 /usr/share/gcc-arm-none-eabi-10.3-2021.10/bin/../lib/gcc/arm-none-eabi/10.3.1/../../../../arm-none-eabi/lib/thumb/v7e-m/nofp/libg_nano.a(lib_a-malloc.o)
                0x00000000080131a0                malloc
 .text.free     0x00000000080131b0       0x10 /usr/share/gcc-arm-none-eabi-10.3-2021.10/bin/../lib/gcc/arm-none-eabi/10.3.1/../../../../arm-none-eabi/lib/thumb/v7e-m/nofp/libg_nano.a(lib_a-malloc.o)
                0x00000000080131b0                free
 .text.memcpy   0x00000000080131c0       0x1c /usr/share/gcc-arm-none-eabi-10.3-2021.10/bin/../lib/gcc/arm-none-eabi/10.3.1/../../../../arm-none-eabi/lib/thumb/v7e-m/nofp/libg_nano.a(lib_a-memcpy-stub.o)
                0x00000000080131c0                memcpy
 .text.memmove  0x00000000080131dc       0x34 /usr/share/gcc-arm-none-eabi-10.3-2021.10/bin/../lib/gcc/arm-none-eabi/10.3.1/../../../../arm-none-eabi/lib/thumb/v7e-m/nofp/libg_nano.a(lib_a-memmove.o)
                0x00000000080131dc                memmove
 .text.memset   0x0000000008013210       0x10 /usr/share/gcc-arm-none-eabi-10.3-2021.10/bin/../lib/gcc/arm-none-eabi/10.3.1/../../../../arm-none-eabi/lib/thumb/v7e-m/nofp/libg_nano.a(lib_a-memset.o)
                0x0000000008013210                memset
 .text._free_r  0x0000000008013220       0x94 /usr/share/gcc-arm-none-eabi-10.3-2021.10/bin/../lib/gcc/arm-none-eabi/10.3.1/../../../../arm-none-eabi/lib/thumb/v7e-m/nofp/libg_nano.a(lib_a-nano-freer.o)
                0x0000000008013220                _free_r
 .text.sbrk_aligned
                0x00000000080132b4       0x40 /usr/share/gcc-arm-none-eabi-10.3-2021.10/bin/../lib/gcc/arm-none-eabi/10.3.1/../../../../arm-none-eabi/lib/thumb/v7e-m/nofp/libg_nano.a(lib_a-nano-mallocr.o)
 .text._malloc_r
                0x00000000080132f4       0xe8 /usr/share/gcc-arm-none-eabi-10.3-2021.10/bin/../lib/gcc/arm-none-eabi/10.3.1/../../../../arm-none-eabi/lib/thumb/v7e-m/nofp/libg_nano.a(lib_a-nano-mallocr.o)
                0x00000000080132f4                _malloc_r
 .text.printf   0x00000000080133dc       0x30 /usr/share/gcc-arm-none-eabi-10.3-2021.10/bin/../lib/gcc/arm-none-eabi/10.3.1/../../../../arm-none-eabi/lib/thumb/v7e-m/nofp/libg_nano.a(lib_a-printf.o)
                0x00000000080133dc                printf
                0x00000000080133dc                iprintf
 .text._sbrk_r  0x000000000801340c       0x20 /usr/share/gcc-arm-none-eabi-10.3-2021.10/bin/../lib/gcc/arm-none-eabi/10.3.1/../../../../arm-none-eabi/lib/thumb/v7e-m/nofp/libg_nano.a(lib_a-sbrkr.o)
                0x000000000801340c                _sbrk_r
 .text.snprintf
                0x000000000801342c       0x68 /usr/share/gcc-arm-none-eabi-10.3-2021.10/bin/../lib/gcc/arm-none-eabi/10.3.1/../../../../arm-none-eabi/lib/thumb/v7e-m/nofp/libg_nano.a(lib_a-snprintf.o)
                0x000000000801342c                snprintf
                0x000000000801342c                sniprintf
 .text.__sread  0x0000000008013494       0x22 /usr/share/gcc-arm-none-eabi-10.3-2021.10/bin/../lib/gcc/arm-none-eabi/10.3.1/../../../../arm-none-eabi/lib/thumb/v7e-m/nofp/libg_nano.a(lib_a-stdio.o)
                0x0000000008013494                __sread
 .text.__swrite
                0x00000000080134b6       0x38 /usr/share/gcc-arm-none-eabi-10.3-2021.10/bin/../lib/gcc/arm-none-eabi/10.3.1/../../../../arm-none-eabi/lib/thumb/v7e-m/nofp/libg_nano.a(lib_a-stdio.o)
                0x00000000080134b6                __swrite
 .text.__sseek  0x00000000080134ee       0x24 /usr/share/gcc-arm-none-eabi-10.3-2021.10/bin/../lib/gcc/arm-none-eabi/10.3.1/../../../../arm-none-eabi/lib/thumb/v7e-m/nofp/libg_nano.a(lib_a-stdio.o)
                0x00000000080134ee                __sseek
 .text.__sclose
                0x0000000008013512        0x8 /usr/share/gcc-arm-none-eabi-10.3-2021.10/bin/../lib/gcc/arm-none-eabi/10.3.1/../../../../arm-none-eabi/lib/thumb/v7e-m/nofp/libg_nano.a(lib_a-stdio.o)
                0x0000000008013512                __sclose
 .text          0x000000000801351a       0x10 /usr/share/gcc-arm-none-eabi-10.3-2021.10/bin/../lib/gcc/arm-none-eabi/10.3.1/../../../../arm-none-eabi/lib/thumb/v7e-m/nofp/libg_nano.a(lib_a-strlen.o)
                0x000000000801351a                strlen
 *fill*         0x000000000801352a        0x2 
 .text._write_r
                0x000000000801352c       0x24 /usr/share/gcc-arm-none-eabi-10.3-2021.10/bin/../lib/gcc/arm-none-eabi/10.3.1/../../../../arm-none-eabi/lib/thumb/v7e-m/nofp/libg_nano.a(lib_a-writer.o)
                0x000000000801352c                _write_r
 .text._close_r
                0x0000000008013550       0x20 /usr/share/gcc-arm-none-eabi-10.3-2021.10/bin/../lib/gcc/arm-none-eabi/10.3.1/../../../../arm-none-eabi/lib/thumb/v7e-m/nofp/libg_nano.a(lib_a-closer.o)
                0x0000000008013550                _close_r
 .text._lseek_r
                0x0000000008013570       0x24 /usr/share/gcc-arm-none-eabi-10.3-2021.10/bin/../lib/gcc/arm-none-eabi/10.3.1/../../../../arm-none-eabi/lib/thumb/v7e-m/nofp/libg_nano.a(lib_a-lseekr.o)
                0x0000000008013570                _lseek_r
 .text.__malloc_lock
                0x0000000008013594        0xc /usr/share/gcc-arm-none-eabi-10.3-2021.10/bin/../lib/gcc/arm-none-eabi/10.3.1/../../../../arm-none-eabi/lib/thumb/v7e-m/nofp/libg_nano.a(lib_a-mlock.o)
                0x0000000008013594                __malloc_lock
 .text.__malloc_unlock
                0x00000000080135a0        0xc /usr/share/gcc-arm-none-eabi-10.3-2021.10/bin/../lib/gcc/arm-none-eabi/10.3.1/../../../../arm-none-eabi/lib/thumb/v7e-m/nofp/libg_nano.a(lib_a-mlock.o)
                0x00000000080135a0                __malloc_unlock
 .text.__ssputs_r
                0x00000000080135ac       0xb6 /usr/share/gcc-arm-none-eabi-10.3-2021.10/bin/../lib/gcc/arm-none-eabi/10.3.1/../../../../arm-none-eabi/lib/thumb/v7e-m/nofp/libg_nano.a(lib_a-nano-svfprintf.o)
                0x00000000080135ac                __ssputs_r
 *fill*         0x0000000008013662        0x2 
 .text._svfprintf_r
                0x0000000008013664      0x200 /usr/share/gcc-arm-none-eabi-10.3-2021.10/bin/../lib/gcc/arm-none-eabi/10.3.1/../../../../arm-none-eabi/lib/thumb/v7e-m/nofp/libg_nano.a(lib_a-nano-svfprintf.o)
                0x0000000008013664                _svfprintf_r
                0x0000000008013664                _svfiprintf_r
 .text.__sfputc_r
                0x0000000008013864       0x2a /usr/share/gcc-arm-none-eabi-10.3-2021.10/bin/../lib/gcc/arm-none-eabi/10.3.1/../../../../arm-none-eabi/lib/thumb/v7e-m/nofp/libg_nano.a(lib_a-nano-vfprintf.o)
 .text.__sfputs_r
                0x000000000801388e       0x24 /usr/share/gcc-arm-none-eabi-10.3-2021.10/bin/../lib/gcc/arm-none-eabi/10.3.1/../../../../arm-none-eabi/lib/thumb/v7e-m/nofp/libg_nano.a(lib_a-nano-vfprintf.o)
                0x000000000801388e                __sfputs_r
 *fill*         0x00000000080138b2        0x2 
 .text._vfprintf_r
                0x00000000080138b4      0x260 /usr/share/gcc-arm-none-eabi-10.3-2021.10/bin/../lib/gcc/arm-none-eabi/10.3.1/../../../../arm-none-eabi/lib/thumb/v7e-m/nofp/libg_nano.a(lib_a-nano-vfprintf.o)
                0x00000000080138b4                _vfiprintf_r
                0x00000000080138b4                _vfprintf_r
 .text._printf_common
                0x0000000008013b14       0xda /usr/share/gcc-arm-none-eabi-10.3-2021.10/bin/../lib/gcc/arm-none-eabi/10.3.1/../../../../arm-none-eabi/lib/thumb/v7e-m/nofp/libg_nano.a(lib_a-nano-vfprintf_i.o)
                0x0000000008013b14                _printf_common
 *fill*         0x0000000008013bee        0x2 
 .text._printf_i
                0x0000000008013bf0      0x24c /usr/share/gcc-arm-none-eabi-10.3-2021.10/bin/../lib/gcc/arm-none-eabi/10.3.1/../../../../arm-none-eabi/lib/thumb/v7e-m/nofp/libg_nano.a(lib_a-nano-vfprintf_i.o)
                0x0000000008013bf0                _printf_i
 .text._read_r  0x0000000008013e3c       0x24 /usr/share/gcc-arm-none-eabi-10.3-2021.10/bin/../lib/gcc/arm-none-eabi/10.3.1/../../../../arm-none-eabi/lib/thumb/v7e-m/nofp/libg_nano.a(lib_a-readr.o)
                0x0000000008013e3c                _read_r
 .text.__swbuf_r
                0x0000000008013e60       0xa4 /usr/share/gcc-arm-none-eabi-10.3-2021.10/bin/../lib/gcc/arm-none-eabi/10.3.1/../../../../arm-none-eabi/lib/thumb/v7e-m/nofp/libg_nano.a(lib_a-wbuf.o)
                0x0000000008013e60                __swbuf_r
 .text.__swsetup_r
                0x0000000008013f04       0xdc /usr/share/gcc-arm-none-eabi-10.3-2021.10/bin/../lib/gcc/arm-none-eabi/10.3.1/../../../../arm-none-eabi/lib/thumb/v7e-m/nofp/libg_nano.a(lib_a-wsetup.o)
                0x0000000008013f04                __swsetup_r
 .text.__swhatbuf_r
                0x0000000008013fe0       0x4a /usr/share/gcc-arm-none-eabi-10.3-2021.10/bin/../lib/gcc/arm-none-eabi/10.3.1/../../../../arm-none-eabi/lib/thumb/v7e-m/nofp/libg_nano.a(lib_a-makebuf.o)
                0x0000000008013fe0                __swhatbuf_r
 *fill*         0x000000000801402a        0x2 
 .text.__smakebuf_r
                0x000000000801402c       0x80 /usr/share/gcc-arm-none-eabi-10.3-2021.10/bin/../lib/gcc/arm-none-eabi/10.3.1/../../../../arm-none-eabi/lib/thumb/v7e-m/nofp/libg_nano.a(lib_a-makebuf.o)
                0x000000000801402c                __smakebuf_r
 *fill*         0x00000000080140ac        0x4 
 .text          0x00000000080140b0       0xa0 /usr/share/gcc-arm-none-eabi-10.3-2021.10/bin/../lib/gcc/arm-none-eabi/10.3.1/../../../../arm-none-eabi/lib/thumb/v7e-m/nofp/libg_nano.a(lib_a-memchr.o)
                0x00000000080140b0                memchr
 .text._realloc_r
                0x0000000008014150       0x5e /usr/share/gcc-arm-none-eabi-10.3-2021.10/bin/../lib/gcc/arm-none-eabi/10.3.1/../../../../arm-none-eabi/lib/thumb/v7e-m/nofp/libg_nano.a(lib_a-nano-reallocr.o)
                0x0000000008014150                _realloc_r
 *fill*         0x00000000080141ae        0x2 
 .text._fstat_r
                0x00000000080141b0       0x24 /usr/share/gcc-arm-none-eabi-10.3-2021.10/bin/../lib/gcc/arm-none-eabi/10.3.1/../../../../arm-none-eabi/lib/thumb/v7e-m/nofp/libg_nano.a(lib_a-fstatr.o)
                0x00000000080141b0                _fstat_r
 .text._isatty_r
                0x00000000080141d4       0x20 /usr/share/gcc-arm-none-eabi-10.3-2021.10/bin/../lib/gcc/arm-none-eabi/10.3.1/../../../../arm-none-eabi/lib/thumb/v7e-m/nofp/libg_nano.a(lib_a-isattyr.o)
                0x00000000080141d4                _isatty_r
 .text._malloc_usable_size_r
                0x00000000080141f4       0x10 /usr/share/gcc-arm-none-eabi-10.3-2021.10/bin/../lib/gcc/arm-none-eabi/10.3.1/../../../../arm-none-eabi/lib/thumb/v7e-m/nofp/libg_nano.a(lib_a-nano-msizer.o)
                0x00000000080141f4                _malloc_usable_size_r
 .text._close   0x0000000008014204       0x10 /usr/share/gcc-arm-none-eabi-10.3-2021.10/bin/../lib/gcc/arm-none-eabi/10.3.1/../../../../arm-none-eabi/lib/thumb/v7e-m/nofp/libnosys.a(close.o)
                0x0000000008014204                _close
 .text._fstat   0x0000000008014214       0x10 /usr/share/gcc-arm-none-eabi-10.3-2021.10/bin/../lib/gcc/arm-none-eabi/10.3.1/../../../../arm-none-eabi/lib/thumb/v7e-m/nofp/libnosys.a(fstat.o)
                0x0000000008014214                _fstat
 .text._isatty  0x0000000008014224       0x10 /usr/share/gcc-arm-none-eabi-10.3-2021.10/bin/../lib/gcc/arm-none-eabi/10.3.1/../../../../arm-none-eabi/lib/thumb/v7e-m/nofp/libnosys.a(isatty.o)
                0x0000000008014224                _isatty
 .text._lseek   0x0000000008014234       0x10 /usr/share/gcc-arm-none-eabi-10.3-2021.10/bin/../lib/gcc/arm-none-eabi/10.3.1/../../../../arm-none-eabi/lib/thumb/v7e-m/nofp/libnosys.a(lseek.o)
                0x0000000008014234                _lseek
 .text._read    0x0000000008014244       0x10 /usr/share/gcc-arm-none-eabi-10.3-2021.10/bin/../lib/gcc/arm-none-eabi/10.3.1/../../../../arm-none-eabi/lib/thumb/v7e-m/nofp/libnosys.a(read.o)
                0x0000000008014244                _read
 .text._sbrk    0x0000000008014254       0x1c /usr/share/gcc-arm-none-eabi-10.3-2021.10/bin/../lib/gcc/arm-none-eabi/10.3.1/../../../../arm-none-eabi/lib/thumb/v7e-m/nofp/libnosys.a(sbrk.o)
                0x0000000008014254                _sbrk
 .text._write   0x0000000008014270       0x10 /usr/share/gcc-arm-none-eabi-10.3-2021.10/bin/../lib/gcc/arm-none-eabi/10.3.1/../../../../arm-none-eabi/lib/thumb/v7e-m/nofp/libnosys.a(write.o)
                0x0000000008014270                _write

.glue_7         0x0000000008014280        0x0
 .glue_7        0x0000000008014280        0x0 linker stubs

.glue_7t        0x0000000008014280        0x0
 .glue_7t       0x0000000008014280        0x0 linker stubs

.vfp11_veneer   0x0000000008014280        0x0
 .vfp11_veneer  0x0000000008014280        0x0 linker stubs

.v4_bx          0x0000000008014280        0x0
 .v4_bx         0x0000000008014280        0x0 linker stubs

.init           0x0000000008014280        0x4
 .init          0x0000000008014280        0x4 /usr/share/gcc-arm-none-eabi-10.3-2021.10/bin/../lib/gcc/arm-none-eabi/10.3.1/thumb/v7e-m/nofp/crti.o
                0x0000000008014280                _init

.fini           0x0000000008014284        0x4
 .fini          0x0000000008014284        0x4 /usr/share/gcc-arm-none-eabi-10.3-2021.10/bin/../lib/gcc/arm-none-eabi/10.3.1/thumb/v7e-m/nofp/crti.o
                0x0000000008014284                _fini

.iplt           0x0000000008014288        0x0
 .iplt          0x0000000008014288        0x0 Build/benchmark_main.o

.rodata
 *(.text*)
                0x0000000008014288                __data_load_start__ = .
                0x0000000008014288                __data_start__ = .

.rodata.main.str1.1
                0x0000000008014288       0x31
 .rodata.main.str1.1
                0x0000000008014288       0x31 Build/benchmark_main.o

.rodata.bench_stats_asym_finish_ex.constprop.0.str1.1
                0x00000000080142b9       0xbf
 .rodata.bench_stats_asym_finish_ex.constprop.0.str1.1
                0x00000000080142b9       0xbf Build/benchmark.o
                                         0xc0 (size before relaxing)

.rodata.bench_stats_sym_finish.constprop.0.str1.1
                0x0000000008014378       0x88
 .rodata.bench_stats_sym_finish.constprop.0.str1.1
                0x0000000008014378       0x88 Build/benchmark.o

.rodata.bench_hmac.constprop.0.str1.1
                0x0000000008014400       0x4c
 .rodata.bench_hmac.constprop.0.str1.1
                0x0000000008014400       0x4c Build/benchmark.o

.rodata.bench_aesgcm_internal.constprop.0.str1.1
                0x000000000801444c       0x77
 .rodata.bench_aesgcm_internal.constprop.0.str1.1
                0x000000000801444c       0x77 Build/benchmark.o

.rodata.bench_aesgcm.str1.1
                0x00000000080144c3      0x174
 .rodata.bench_aesgcm.str1.1
                0x00000000080144c3      0x174 Build/benchmark.o

.rodata.bench_aescbc_internal.str1.1
                0x0000000008014637       0x1c
 .rodata.bench_aescbc_internal.str1.1
                0x0000000008014637       0x1c Build/benchmark.o

.rodata.benchmark_init.str1.1
                0x0000000008014653       0x97
 .rodata.benchmark_init.str1.1
                0x0000000008014653       0x97 Build/benchmark.o

.rodata.benchmark_free.str1.1
                0x00000000080146ea       0x23
 .rodata.benchmark_free.str1.1
                0x00000000080146ea       0x23 Build/benchmark.o

.rodata.bench_rng.str1.1
                0x000000000801470d       0x17
 .rodata.bench_rng.str1.1
                0x000000000801470d       0x17 Build/benchmark.o

.rodata.bench_aescbc.str1.1
                0x0000000008014724       0x60
 .rodata.bench_aescbc.str1.1
                0x0000000008014724       0x60 Build/benchmark.o

.rodata.bench_gmac.str1.1
                0x0000000008014784        0xb
 .rodata.bench_gmac.str1.1
                0x0000000008014784        0xb Build/benchmark.o

.rodata.bench_des.str1.1
                0x000000000801478f       0x3e
 .rodata.bench_des.str1.1
                0x000000000801478f       0x3e Build/benchmark.o

.rodata.bench_sha.str1.1
                0x00000000080147cd       0x1e
 .rodata.bench_sha.str1.1
                0x00000000080147cd       0x1e Build/benchmark.o

.rodata.bench_sha256.str1.1
                0x00000000080147eb       0x28
 .rodata.bench_sha256.str1.1
                0x00000000080147eb       0x28 Build/benchmark.o

.rodata.bench_sha512.str1.1
                0x0000000008014813       0x28
 .rodata.bench_sha512.str1.1
                0x0000000008014813       0x28 Build/benchmark.o

.rodata.bench_sha512_224.str1.1
                0x000000000801483b       0x30
 .rodata.bench_sha512_224.str1.1
                0x000000000801483b       0x30 Build/benchmark.o

.rodata.bench_sha512_256.str1.1
                0x000000000801486b       0x30
 .rodata.bench_sha512_256.str1.1
                0x000000000801486b       0x30 Build/benchmark.o

.rodata.bench_hmac_sha.str1.1
                0x000000000801489b        0x9
 .rodata.bench_hmac_sha.str1.1
                0x000000000801489b        0x9 Build/benchmark.o

.rodata.bench_hmac_sha256.str1.1
                0x00000000080148a4        0xc
 .rodata.bench_hmac_sha256.str1.1
                0x00000000080148a4        0xc Build/benchmark.o

.rodata.bench_hmac_sha512.str1.1
                0x00000000080148b0        0xc
 .rodata.bench_hmac_sha512.str1.1
                0x00000000080148b0        0xc Build/benchmark.o

.rodata.bench_eccMakeKey.str1.1
                0x00000000080148bc       0x2d
 .rodata.bench_eccMakeKey.str1.1
                0x00000000080148bc       0x2d Build/benchmark.o

.rodata.bench_ecc.str1.1
                0x00000000080148e9       0x1a
 .rodata.bench_ecc.str1.1
                0x00000000080148e9       0x1a Build/benchmark.o

.rodata.bench_curve25519KeyGen.str1.1
                0x0000000008014903       0x4b
 .rodata.bench_curve25519KeyGen.str1.1
                0x0000000008014903       0x4b Build/benchmark.o

.rodata.bench_curve25519KeyAgree.str1.1
                0x000000000801494e       0x61
 .rodata.bench_curve25519KeyAgree.str1.1
                0x000000000801494e       0x61 Build/benchmark.o

.rodata.bench_ed25519KeyGen.str1.1
                0x00000000080149af        0x3
 .rodata.bench_ed25519KeyGen.str1.1
                0x00000000080149af        0x3 Build/benchmark.o

.rodata.bench_ed25519KeySign.str1.1
                0x00000000080149b2       0x4d
 .rodata.bench_ed25519KeySign.str1.1
                0x00000000080149b2       0x4d Build/benchmark.o

.rodata.benchmark_test.str1.1
                0x00000000080149ff       0x64
 .rodata.benchmark_test.str1.1
                0x00000000080149ff       0x64 Build/benchmark.o
                                         0x66 (size before relaxing)

.rodata.str1.1  0x0000000008014a63      0x2ca
 .rodata.str1.1
                0x0000000008014a63      0x139 Build/benchmark.o
                                        0x146 (size before relaxing)
 .rodata.str1.1
                0x0000000008014b9c      0x186 Build/ecc.o
 .rodata.str1.1
                0x0000000008014d22        0xb Build/curve25519.o

.rodata.bench_iv_buf
                0x0000000008014d30       0x18
 .rodata.bench_iv_buf
                0x0000000008014d30       0x18 Build/benchmark.o

.rodata.bench_key_buf
                0x0000000008014d48       0x40
 .rodata.bench_key_buf
                0x0000000008014d48       0x40 Build/benchmark.o

.rodata.err_prefix
                0x0000000008014d88        0x1
 .rodata.err_prefix
                0x0000000008014d88        0x1 Build/benchmark.o

.rodata.info_prefix
                0x0000000008014d89        0x1
 .rodata.info_prefix
                0x0000000008014d89        0x1 Build/benchmark.o

.rodata.key.1   0x0000000008014d8a       0x40
 .rodata.key.1  0x0000000008014d8a       0x40 Build/benchmark.o

.rodata.key.2   0x0000000008014dca       0x20
 .rodata.key.2  0x0000000008014dca       0x20 Build/benchmark.o

.rodata.key.3   0x0000000008014dea       0x14
 .rodata.key.3  0x0000000008014dea       0x14 Build/benchmark.o

.rodata.Td      0x0000000008014e00     0x1000
 .rodata.Td     0x0000000008014e00     0x1000 Build/aes.o

.rodata.Td4     0x0000000008015e00      0x100
 .rodata.Td4    0x0000000008015e00      0x100 Build/aes.o

.rodata.Te      0x0000000008015f00     0x1000
 .rodata.Te     0x0000000008015f00     0x1000 Build/aes.o

.rodata.rcon    0x0000000008016f00       0x28
 .rodata.rcon   0x0000000008016f00       0x28 Build/aes.o

.rodata.Spbox   0x0000000008016f28      0x800
 .rodata.Spbox  0x0000000008016f28      0x800 Build/des3.o

.rodata.bytebit
                0x0000000008017728       0x20
 .rodata.bytebit
                0x0000000008017728       0x20 Build/des3.o

.rodata.pc1     0x0000000008017748       0x38
 .rodata.pc1    0x0000000008017748       0x38 Build/des3.o

.rodata.pc2     0x0000000008017780       0x30
 .rodata.pc2    0x0000000008017780       0x30 Build/des3.o

.rodata.totrot  0x00000000080177b0       0x10
 .rodata.totrot
                0x00000000080177b0       0x10 Build/des3.o

.rodata.wc_ecc_get_curve_idx_from_name.str1.1
                0x00000000080177c0        0xa
 .rodata.wc_ecc_get_curve_idx_from_name.str1.1
                0x00000000080177c0        0xa Build/ecc.o

.rodata.ecc_oid_secp256r1
                0x00000000080177ca        0x8
 .rodata.ecc_oid_secp256r1
                0x00000000080177ca        0x8 Build/ecc.o

.rodata.ecc_sets
                0x00000000080177d4       0x68
 .rodata.ecc_sets
                0x00000000080177d4       0x68 Build/ecc.o
                0x00000000080177d4                ecc_sets

.rodata.K       0x000000000801783c      0x100
 .rodata.K      0x000000000801783c      0x100 Build/sha256.o

.rodata.K512    0x0000000008017940      0x280
 .rodata.K512   0x0000000008017940      0x280 Build/sha512.o

.rodata.curve25519_sets
                0x0000000008017bc0        0x8
 .rodata.curve25519_sets
                0x0000000008017bc0        0x8 Build/curve25519.o
                0x0000000008017bc0                curve25519_sets

.rodata.kCurve25519BasePoint
                0x0000000008017bc8       0x20
 .rodata.kCurve25519BasePoint
                0x0000000008017bc8       0x20 Build/curve25519.o

.rodata.ed25519Ctx
                0x0000000008017be8       0x21
 .rodata.ed25519Ctx
                0x0000000008017be8       0x21 Build/ed25519.o

.rodata.ed25519_low_order
                0x0000000008017c09       0x10
 .rodata.ed25519_low_order
                0x0000000008017c09       0x10 Build/ed25519.o

.rodata.zero    0x0000000008017c19       0x20
 .rodata.zero   0x0000000008017c19       0x20 Build/fe_operations.o

.rodata.Bi      0x0000000008017c3c      0x3c0
 .rodata.Bi     0x0000000008017c3c      0x3c0 Build/ge_operations.o

.rodata.base    0x0000000008017ffc     0x7800
 .rodata.base   0x0000000008017ffc     0x7800 Build/ge_operations.o

.rodata.d       0x000000000801f7fc       0x28
 .rodata.d      0x000000000801f7fc       0x28 Build/ge_operations.o

.rodata.d2      0x000000000801f824       0x28
 .rodata.d2     0x000000000801f824       0x28 Build/ge_operations.o

.rodata.sqrtm1  0x000000000801f84c       0x28
 .rodata.sqrtm1
                0x000000000801f84c       0x28 Build/ge_operations.o

.rodata.mp_read_radix.str1.1
                0x000000000801f874       0x41
 .rodata.mp_read_radix.str1.1
                0x000000000801f874       0x41 Build/tfm.o

.ARM.exidx      0x000000000801f8b8        0x8
 .ARM.exidx     0x000000000801f8b8        0x8 /usr/share/gcc-arm-none-eabi-10.3-2021.10/bin/../lib/gcc/arm-none-eabi/10.3.1/thumb/v7e-m/nofp/libgcc.a(_udivmoddi4.o)

.rodata._ctype_
                0x000000000801f8c0      0x101
 .rodata._ctype_
                0x000000000801f8c0      0x101 /usr/share/gcc-arm-none-eabi-10.3-2021.10/bin/../lib/gcc/arm-none-eabi/10.3.1/../../../../arm-none-eabi/lib/thumb/v7e-m/nofp/libg_nano.a(lib_a-ctype_.o)
                0x000000000801f8c0                _ctype_

.rodata.__sf_fake_stderr
                0x000000000801f9c4       0x20
 .rodata.__sf_fake_stderr
                0x000000000801f9c4       0x20 /usr/share/gcc-arm-none-eabi-10.3-2021.10/bin/../lib/gcc/arm-none-eabi/10.3.1/../../../../arm-none-eabi/lib/thumb/v7e-m/nofp/libg_nano.a(lib_a-findfp.o)
                0x000000000801f9c4                __sf_fake_stderr

.rodata.__sf_fake_stdin
                0x000000000801f9e4       0x20
 .rodata.__sf_fake_stdin
                0x000000000801f9e4       0x20 /usr/share/gcc-arm-none-eabi-10.3-2021.10/bin/../lib/gcc/arm-none-eabi/10.3.1/../../../../arm-none-eabi/lib/thumb/v7e-m/nofp/libg_nano.a(lib_a-findfp.o)
                0x000000000801f9e4                __sf_fake_stdin

.rodata.__sf_fake_stdout
                0x000000000801fa04       0x20
 .rodata.__sf_fake_stdout
                0x000000000801fa04       0x20 /usr/share/gcc-arm-none-eabi-10.3-2021.10/bin/../lib/gcc/arm-none-eabi/10.3.1/../../../../arm-none-eabi/lib/thumb/v7e-m/nofp/libg_nano.a(lib_a-findfp.o)
                0x000000000801fa04                __sf_fake_stdout

.rodata._global_impure_ptr
                0x000000000801fa24        0x4
 .rodata._global_impure_ptr
                0x000000000801fa24        0x4 /usr/share/gcc-arm-none-eabi-10.3-2021.10/bin/../lib/gcc/arm-none-eabi/10.3.1/../../../../arm-none-eabi/lib/thumb/v7e-m/nofp/libg_nano.a(lib_a-impure.o)
                0x000000000801fa24                _global_impure_ptr

.rodata._svfprintf_r.str1.1
                0x000000000801fa28       0x11
 .rodata._svfprintf_r.str1.1
                0x000000000801fa28       0x11 /usr/share/gcc-arm-none-eabi-10.3-2021.10/bin/../lib/gcc/arm-none-eabi/10.3.1/../../../../arm-none-eabi/lib/thumb/v7e-m/nofp/libg_nano.a(lib_a-nano-svfprintf.o)

.rodata._vfprintf_r.str1.1
                0x000000000801fa39       0x11
 .rodata._vfprintf_r.str1.1
                0x000000000801fa39       0x11 /usr/share/gcc-arm-none-eabi-10.3-2021.10/bin/../lib/gcc/arm-none-eabi/10.3.1/../../../../arm-none-eabi/lib/thumb/v7e-m/nofp/libg_nano.a(lib_a-nano-vfprintf.o)

.rodata._printf_i.str1.1
                0x000000000801fa4a       0x22
 .rodata._printf_i.str1.1
                0x000000000801fa4a       0x22 /usr/share/gcc-arm-none-eabi-10.3-2021.10/bin/../lib/gcc/arm-none-eabi/10.3.1/../../../../arm-none-eabi/lib/thumb/v7e-m/nofp/libg_nano.a(lib_a-nano-vfprintf_i.o)

.rel.dyn        0x000000000801fa6c        0x0
 .rel.iplt      0x000000000801fa6c        0x0 Build/benchmark_main.o

.data           0x0000000020000000      0x140
 *(.data*)
 .data.aesAuthAddSz
                0x0000000020000000        0x4 Build/benchmark.o
 .data.aes_aad_options
                0x0000000020000004        0x4 Build/benchmark.o
 .data.base2    0x0000000020000008        0x4 Build/benchmark.o
 .data.bench_all
                0x000000002000000c        0x4 Build/benchmark.o
 .data.bench_desc_words
                0x0000000020000010       0x78 Build/benchmark.o
 .data.bench_result_words1
                0x0000000020000088       0x20 Build/benchmark.o
 .data.bench_result_words2
                0x00000000200000a8       0x28 Build/benchmark.o
 .data.bench_size
                0x00000000200000d0        0x4 Build/benchmark.o
 .data.digest_stream
                0x00000000200000d4        0x4 Build/benchmark.o
 .data.numBlocks
                0x00000000200000d8        0x4 Build/benchmark.o
 .data._impure_ptr
                0x00000000200000dc        0x4 /usr/share/gcc-arm-none-eabi-10.3-2021.10/bin/../lib/gcc/arm-none-eabi/10.3.1/../../../../arm-none-eabi/lib/thumb/v7e-m/nofp/libg_nano.a(lib_a-impure.o)
                0x00000000200000dc                _impure_ptr
 .data.impure_data
                0x00000000200000e0       0x60 /usr/share/gcc-arm-none-eabi-10.3-2021.10/bin/../lib/gcc/arm-none-eabi/10.3.1/../../../../arm-none-eabi/lib/thumb/v7e-m/nofp/libg_nano.a(lib_a-impure.o)
                0x00000000080143c8                __data_end__ = (__data_start__ + SIZEOF (.data))
                0x0000000020000140                __bss_start__ = .

.igot.plt       0x0000000020000140        0x0
 .igot.plt      0x0000000020000140        0x0 Build/benchmark_main.o

.bss            0x0000000020000140       0x6c
 *(.bss*)
 .bss.args      0x0000000020000140        0xc Build/benchmark_main.o
 .bss.gCounter  0x000000002000014c        0x4 Build/wolf_main.o
 .bss.gTimeMs   0x0000000020000150        0x4 Build/wolf_main.o
 .bss.aes_aad_size
                0x0000000020000154        0x4 Build/benchmark.o
 .bss.asym_header_printed.0
                0x0000000020000158        0x4 Build/benchmark.o
 .bss.bench_asym_algs
                0x000000002000015c        0x4 Build/benchmark.o
 .bss.bench_cipher
                0x0000000020000160        0x4 Build/benchmark.o
 .bss.bench_cipher_algs
                0x0000000020000164        0x4 Build/benchmark.o
 .bss.bench_digest_algs
                0x0000000020000168        0x4 Build/benchmark.o
 .bss.bench_iv  0x000000002000016c        0x4 Build/benchmark.o
 .bss.bench_key
                0x0000000020000170        0x4 Build/benchmark.o
 .bss.bench_mac_algs
                0x0000000020000174        0x4 Build/benchmark.o
 .bss.bench_other_algs
                0x0000000020000178        0x4 Build/benchmark.o
 .bss.bench_plain
                0x000000002000017c        0x4 Build/benchmark.o
 .bss.csv_format
                0x0000000020000180        0x4 Build/benchmark.o
 .bss.gBenchStaticInit.5
                0x0000000020000184        0x4 Build/benchmark.o
 .bss.gRng      0x0000000020000188        0x8 Build/benchmark.o
 .bss.sym_header_printed.4
                0x0000000020000190        0x4 Build/benchmark.o
 .bss.initRefCount
                0x0000000020000194        0x4 Build/wc_port.o
 .bss.__lock___malloc_recursive_mutex
                0x0000000020000198        0x1 /usr/share/gcc-arm-none-eabi-10.3-2021.10/bin/../lib/gcc/arm-none-eabi/10.3.1/../../../../arm-none-eabi/lib/thumb/v7e-m/nofp/libg_nano.a(lib_a-lock.o)
                0x0000000020000198                __lock___malloc_recursive_mutex
 .bss.__lock___sfp_recursive_mutex
                0x0000000020000199        0x1 /usr/share/gcc-arm-none-eabi-10.3-2021.10/bin/../lib/gcc/arm-none-eabi/10.3.1/../../../../arm-none-eabi/lib/thumb/v7e-m/nofp/libg_nano.a(lib_a-lock.o)
                0x0000000020000199                __lock___sfp_recursive_mutex
 .bss.__lock___sinit_recursive_mutex
                0x000000002000019a        0x1 /usr/share/gcc-arm-none-eabi-10.3-2021.10/bin/../lib/gcc/arm-none-eabi/10.3.1/../../../../arm-none-eabi/lib/thumb/v7e-m/nofp/libg_nano.a(lib_a-lock.o)
                0x000000002000019a                __lock___sinit_recursive_mutex
 *fill*         0x000000002000019b        0x1 
 .bss.__malloc_free_list
                0x000000002000019c        0x4 /usr/share/gcc-arm-none-eabi-10.3-2021.10/bin/../lib/gcc/arm-none-eabi/10.3.1/../../../../arm-none-eabi/lib/thumb/v7e-m/nofp/libg_nano.a(lib_a-nano-mallocr.o)
                0x000000002000019c                __malloc_free_list
 .bss.__malloc_sbrk_start
                0x00000000200001a0        0x4 /usr/share/gcc-arm-none-eabi-10.3-2021.10/bin/../lib/gcc/arm-none-eabi/10.3.1/../../../../arm-none-eabi/lib/thumb/v7e-m/nofp/libg_nano.a(lib_a-nano-mallocr.o)
                0x00000000200001a0                __malloc_sbrk_start
 .bss.errno     0x00000000200001a4        0x4 /usr/share/gcc-arm-none-eabi-10.3-2021.10/bin/../lib/gcc/arm-none-eabi/10.3.1/../../../../arm-none-eabi/lib/thumb/v7e-m/nofp/libg_nano.a(lib_a-reent.o)
                0x00000000200001a4                errno
 .bss.heap_end.0
                0x00000000200001a8        0x4 /usr/share/gcc-arm-none-eabi-10.3-2021.10/bin/../lib/gcc/arm-none-eabi/10.3.1/../../../../arm-none-eabi/lib/thumb/v7e-m/nofp/libnosys.a(sbrk.o)
                0x00000000200001ac                __bss_end__ = (__bss_start__ + SIZEOF (.bss))
                0x00000000200001ac                __heap_start__ = .

.heap           0x00000000200001ac        0x0
 *(.heap*)
                0x00000000200001ac                __heap_end__ = (__heap_start__ + SIZEOF (.heap))
                0x00000000200001ac                end = .
OUTPUT(Build/WolfCryptBench.elf elf32-littlearm)
LOAD linker stubs

.ARM.attributes
                0x0000000000000000       0x2a
 .ARM.attributes
                0x0000000000000000       0x1e /usr/share/gcc-arm-none-eabi-10.3-2021.10/bin/../lib/gcc/arm-none-eabi/10.3.1/thumb/v7e-m/nofp/crti.o
 .ARM.attributes
                0x000000000000001e       0x2e Build/benchmark_main.o
 .ARM.attributes
                0x000000000000004c       0x2e Build/wolf_main.o
 .ARM.attributes
                0x000000000000007a       0x2e Build/armtarget.o
 .ARM.attributes
                0x00000000000000a8       0x2e Build/benchmark.o
 .ARM.attributes
                0x00000000000000d6       0x2e Build/aes.o
 .ARM.attributes
                0x0000000000000104       0x2e Build/des3.o
 .ARM.attributes
                0x0000000000000132       0x2e Build/ecc.o
 .ARM.attributes
                0x0000000000000160       0x2e Build/hmac.o
 .ARM.attributes
                0x000000000000018e       0x2e Build/random.o
 .ARM.attributes
                0x00000000000001bc       0x2e Build/sha.o
 .ARM.attributes
                0x00000000000001ea       0x2e Build/sha256.o
 .ARM.attributes
                0x0000000000000218       0x2e Build/sha512.o
 .ARM.attributes
                0x0000000000000246       0x2e Build/asn.o
 .ARM.attributes
                0x0000000000000274       0x2e Build/curve25519.o
 .ARM.attributes
                0x00000000000002a2       0x2e Build/ed25519.o
 .ARM.attributes
                0x00000000000002d0       0x2e Build/fe_operations.o
 .ARM.attributes
                0x00000000000002fe       0x2e Build/ge_operations.o
 .ARM.attributes
                0x000000000000032c       0x2e Build/tfm.o
 .ARM.attributes
                0x000000000000035a       0x2e Build/wc_port.o
 .ARM.attributes
                0x0000000000000388       0x2e Build/wolfmath.o
 .ARM.attributes
                0x00000000000003b6       0x1e /usr/share/gcc-arm-none-eabi-10.3-2021.10/bin/../lib/gcc/arm-none-eabi/10.3.1/thumb/v7e-m/nofp/libgcc.a(_arm_addsubdf3.o)
 .ARM.attributes
                0x00000000000003d4       0x1e /usr/share/gcc-arm-none-eabi-10.3-2021.10/bin/../lib/gcc/arm-none-eabi/10.3.1/thumb/v7e-m/nofp/libgcc.a(_arm_muldivdf3.o)
 .ARM.attributes
                0x00000000000003f2       0x1e /usr/share/gcc-arm-none-eabi-10.3-2021.10/bin/../lib/gcc/arm-none-eabi/10.3.1/thumb/v7e-m/nofp/libgcc.a(_arm_cmpdf2.o)
 .ARM.attributes
                0x0000000000000410       0x1e /usr/share/gcc-arm-none-eabi-10.3-2021.10/bin/../lib/gcc/arm-none-eabi/10.3.1/thumb/v7e-m/nofp/libgcc.a(_aeabi_uldivmod.o)
 .ARM.attributes
                0x000000000000042e       0x2e /usr/share/gcc-arm-none-eabi-10.3-2021.10/bin/../lib/gcc/arm-none-eabi/10.3.1/thumb/v7e-m/nofp/libgcc.a(_udivmoddi4.o)
 .ARM.attributes
                0x000000000000045c       0x1e /usr/share/gcc-arm-none-eabi-10.3-2021.10/bin/../lib/gcc/arm-none-eabi/10.3.1/thumb/v7e-m/nofp/libgcc.a(_dvmd_tls.o)
 .ARM.attributes
                0x000000000000047a       0x2e /usr/share/gcc-arm-none-eabi-10.3-2021.10/bin/../lib/gcc/arm-none-eabi/10.3.1/../../../../arm-none-eabi/lib/thumb/v7e-m/nofp/libg_nano.a(lib_a-ctype_.o)
 .ARM.attributes
                0x00000000000004a8       0x2e /usr/share/gcc-arm-none-eabi-10.3-2021.10/bin/../lib/gcc/arm-none-eabi/10.3.1/../../../../arm-none-eabi/lib/thumb/v7e-m/nofp/libg_nano.a(lib_a-fflush.o)
 .ARM.attributes
                0x00000000000004d6       0x2e /usr/share/gcc-arm-none-eabi-10.3-2021.10/bin/../lib/gcc/arm-none-eabi/10.3.1/../../../../arm-none-eabi/lib/thumb/v7e-m/nofp/libg_nano.a(lib_a-findfp.o)
 .ARM.attributes
                0x0000000000000504       0x2e /usr/share/gcc-arm-none-eabi-10.3-2021.10/bin/../lib/gcc/arm-none-eabi/10.3.1/../../../../arm-none-eabi/lib/thumb/v7e-m/nofp/libg_nano.a(lib_a-fwalk.o)
 .ARM.attributes
                0x0000000000000532       0x2e /usr/share/gcc-arm-none-eabi-10.3-2021.10/bin/../lib/gcc/arm-none-eabi/10.3.1/../../../../arm-none-eabi/lib/thumb/v7e-m/nofp/libg_nano.a(lib_a-impure.o)
 .ARM.attributes
                0x0000000000000560       0x2e /usr/share/gcc-arm-none-eabi-10.3-2021.10/bin/../lib/gcc/arm-none-eabi/10.3.1/../../../../arm-none-eabi/lib/thumb/v7e-m/nofp/libg_nano.a(lib_a-lock.o)
 .ARM.attributes
                0x000000000000058e       0x2e /usr/share/gcc-arm-none-eabi-10.3-2021.10/bin/../lib/gcc/arm-none-eabi/10.3.1/../../../../arm-none-eabi/lib/thumb/v7e-m/nofp/libg_nano.a(lib_a-malloc.o)
 .ARM.attributes
                0x00000000000005bc       0x2e /usr/share/gcc-arm-none-eabi-10.3-2021.10/bin/../lib/gcc/arm-none-eabi/10.3.1/../../../../arm-none-eabi/lib/thumb/v7e-m/nofp/libg_nano.a(lib_a-memcpy-stub.o)
 .ARM.attributes
                0x00000000000005ea       0x2e /usr/share/gcc-arm-none-eabi-10.3-2021.10/bin/../lib/gcc/arm-none-eabi/10.3.1/../../../../arm-none-eabi/lib/thumb/v7e-m/nofp/libg_nano.a(lib_a-memmove.o)
 .ARM.attributes
                0x0000000000000618       0x2e /usr/share/gcc-arm-none-eabi-10.3-2021.10/bin/../lib/gcc/arm-none-eabi/10.3.1/../../../../arm-none-eabi/lib/thumb/v7e-m/nofp/libg_nano.a(lib_a-memset.o)
 .ARM.attributes
                0x0000000000000646       0x2e /usr/share/gcc-arm-none-eabi-10.3-2021.10/bin/../lib/gcc/arm-none-eabi/10.3.1/../../../../arm-none-eabi/lib/thumb/v7e-m/nofp/libg_nano.a(lib_a-nano-freer.o)
 .ARM.attributes
                0x0000000000000674       0x2e /usr/share/gcc-arm-none-eabi-10.3-2021.10/bin/../lib/gcc/arm-none-eabi/10.3.1/../../../../arm-none-eabi/lib/thumb/v7e-m/nofp/libg_nano.a(lib_a-nano-mallocr.o)
 .ARM.attributes
                0x00000000000006a2       0x2e /usr/share/gcc-arm-none-eabi-10.3-2021.10/bin/../lib/gcc/arm-none-eabi/10.3.1/../../../../arm-none-eabi/lib/thumb/v7e-m/nofp/libg_nano.a(lib_a-printf.o)
 .ARM.attributes
                0x00000000000006d0       0x2e /usr/share/gcc-arm-none-eabi-10.3-2021.10/bin/../lib/gcc/arm-none-eabi/10.3.1/../../../../arm-none-eabi/lib/thumb/v7e-m/nofp/libg_nano.a(lib_a-sbrkr.o)
 .ARM.attributes
                0x00000000000006fe       0x2e /usr/share/gcc-arm-none-eabi-10.3-2021.10/bin/../lib/gcc/arm-none-eabi/10.3.1/../../../../arm-none-eabi/lib/thumb/v7e-m/nofp/libg_nano.a(lib_a-snprintf.o)
 .ARM.attributes
                0x000000000000072c       0x2e /usr/share/gcc-arm-none-eabi-10.3-2021.10/bin/../lib/gcc/arm-none-eabi/10.3.1/../../../../arm-none-eabi/lib/thumb/v7e-m/nofp/libg_nano.a(lib_a-stdio.o)
 .ARM.attributes
                0x000000000000075a       0x17 /usr/share/gcc-arm-none-eabi-10.3-2021.10/bin/../lib/gcc/arm-none-eabi/10.3.1/../../../../arm-none-eabi/lib/thumb/v7e-m/nofp/libg_nano.a(lib_a-strlen.o)
 .ARM.attributes
                0x0000000000000771       0x2e /usr/share/gcc-arm-none-eabi-10.3-2021.10/bin/../lib/gcc/arm-none-eabi/10.3.1/../../../../arm-none-eabi/lib/thumb/v7e-m/nofp/libg_nano.a(lib_a-writer.o)
 .ARM.attributes
                0x000000000000079f       0x2e /usr/share/gcc-arm-none-eabi-10.3-2021.10/bin/../lib/gcc/arm-none-eabi/10.3.1/../../../../arm-none-eabi/lib/thumb/v7e-m/nofp/libg_nano.a(lib_a-closer.o)
 .ARM.attributes
                0x00000000000007cd       0x2e /usr/share/gcc-arm-none-eabi-10.3-2021.10/bin/../lib/gcc/arm-none-eabi/10.3.1/../../../../arm-none-eabi/lib/thumb/v7e-m/nofp/libg_nano.a(lib_a-lseekr.o)
 .ARM.attributes
                0x00000000000007fb       0x2e /usr/share/gcc-arm-none-eabi-10.3-2021.10/bin/../lib/gcc/arm-none-eabi/10.3.1/../../../../arm-none-eabi/lib/thumb/v7e-m/nofp/libg_nano.a(lib_a-mlock.o)
 .ARM.attributes
                0x0000000000000829       0x2e /usr/share/gcc-arm-none-eabi-10.3-2021.10/bin/../lib/gcc/arm-none-eabi/10.3.1/../../../../arm-none-eabi/lib/thumb/v7e-m/nofp/libg_nano.a(lib_a-nano-svfprintf.o)
 .ARM.attributes
                0x0000000000000857       0x2e /usr/share/gcc-arm-none-eabi-10.3-2021.10/bin/../lib/gcc/arm-none-eabi/10.3.1/../../../../arm-none-eabi/lib/thumb/v7e-m/nofp/libg_nano.a(lib_a-nano-vfprintf.o)
 .ARM.attributes
                0x0000000000000885       0x2e /usr/share/gcc-arm-none-eabi-10.3-2021.10/bin/../lib/gcc/arm-none-eabi/10.3.1/../../../../arm-none-eabi/lib/thumb/v7e-m/nofp/libg_nano.a(lib_a-nano-vfprintf_i.o)
 .ARM.attributes
                0x00000000000008b3       0x2e /usr/share/gcc-arm-none-eabi-10.3-2021.10/bin/../lib/gcc/arm-none-eabi/10.3.1/../../../../arm-none-eabi/lib/thumb/v7e-m/nofp/libg_nano.a(lib_a-readr.o)
 .ARM.attributes
                0x00000000000008e1       0x2e /usr/share/gcc-arm-none-eabi-10.3-2021.10/bin/../lib/gcc/arm-none-eabi/10.3.1/../../../../arm-none-eabi/lib/thumb/v7e-m/nofp/libg_nano.a(lib_a-reent.o)
 .ARM.attributes
                0x000000000000090f       0x2e /usr/share/gcc-arm-none-eabi-10.3-2021.10/bin/../lib/gcc/arm-none-eabi/10.3.1/../../../../arm-none-eabi/lib/thumb/v7e-m/nofp/libg_nano.a(lib_a-wbuf.o)
 .ARM.attributes
                0x000000000000093d       0x2e /usr/share/gcc-arm-none-eabi-10.3-2021.10/bin/../lib/gcc/arm-none-eabi/10.3.1/../../../../arm-none-eabi/lib/thumb/v7e-m/nofp/libg_nano.a(lib_a-wsetup.o)
 .ARM.attributes
                0x000000000000096b       0x2e /usr/share/gcc-arm-none-eabi-10.3-2021.10/bin/../lib/gcc/arm-none-eabi/10.3.1/../../../../arm-none-eabi/lib/thumb/v7e-m/nofp/libg_nano.a(lib_a-makebuf.o)
 .ARM.attributes
                0x0000000000000999       0x1c /usr/share/gcc-arm-none-eabi-10.3-2021.10/bin/../lib/gcc/arm-none-eabi/10.3.1/../../../../arm-none-eabi/lib/thumb/v7e-m/nofp/libg_nano.a(lib_a-memchr.o)
 .ARM.attributes
                0x00000000000009b5       0x2e /usr/share/gcc-arm-none-eabi-10.3-2021.10/bin/../lib/gcc/arm-none-eabi/10.3.1/../../../../arm-none-eabi/lib/thumb/v7e-m/nofp/libg_nano.a(lib_a-nano-reallocr.o)
 .ARM.attributes
                0x00000000000009e3       0x2e /usr/share/gcc-arm-none-eabi-10.3-2021.10/bin/../lib/gcc/arm-none-eabi/10.3.1/../../../../arm-none-eabi/lib/thumb/v7e-m/nofp/libg_nano.a(lib_a-fstatr.o)
 .ARM.attributes
                0x0000000000000a11       0x2e /usr/share/gcc-arm-none-eabi-10.3-2021.10/bin/../lib/gcc/arm-none-eabi/10.3.1/../../../../arm-none-eabi/lib/thumb/v7e-m/nofp/libg_nano.a(lib_a-isattyr.o)
 .ARM.attributes
                0x0000000000000a3f       0x2e /usr/share/gcc-arm-none-eabi-10.3-2021.10/bin/../lib/gcc/arm-none-eabi/10.3.1/../../../../arm-none-eabi/lib/thumb/v7e-m/nofp/libg_nano.a(lib_a-nano-msizer.o)
 .ARM.attributes
                0x0000000000000a6d       0x2e /usr/share/gcc-arm-none-eabi-10.3-2021.10/bin/../lib/gcc/arm-none-eabi/10.3.1/../../../../arm-none-eabi/lib/thumb/v7e-m/nofp/libnosys.a(close.o)
 .ARM.attributes