Archive member included to satisfy reference by file (symbol)

/usr/share/gcc-arm-none-eabi-10.3-2021.10/bin/../lib/gcc/arm-none-eabi/10.3.1/thumb/v7e-m/nofp/libgcc.a(_arm_muldf3.o)
                              Build/benchmark.o (__aeabi_dmul)
/usr/share/gcc-arm-none-eabi-10.3-2021.10/bin/../lib/gcc/arm-none-eabi/10.3.1/thumb/v7e-m/nofp/libgcc.a(_arm_addsubdf3.o)
                              Build/benchmark.o (__aeabi_dsub)
/usr/share/gcc-arm-none-eabi-10.3-2021.10/bin/../lib/gcc/arm-none-eabi/10.3.1/thumb/v7e-m/nofp/libgcc.a(_arm_muldivdf3.o)
                              Build/wolf_main.o (__aeabi_ddiv)
/usr/share/gcc-arm-none-eabi-10.3-2021.10/bin/../lib/gcc/arm-none-eabi/10.3.1/thumb/v7e-m/nofp/libgcc.a(_arm_cmpdf2.o)
                              Build/benchmark.o (__aeabi_dcmplt)
/usr/share/gcc-arm-none-eabi-10.3-2021.10/bin/../lib/gcc/arm-none-eabi/10.3.1/thumb/v7e-m/nofp/libgcc.a(_aeabi_uldivmod.o)
                              Build/tfm.o (__aeabi_uldivmod)
/usr/share/gcc-arm-none-eabi-10.3-2021.10/bin/../lib/gcc/arm-none-eabi/10.3.1/thumb/v7e-m/nofp/libgcc.a(_udivmoddi4.o)
                              /usr/share/gcc-arm-none-eabi-10.3-2021.10/bin/../lib/gcc/arm-none-eabi/10.3.1/thumb/v7e-m/nofp/libgcc.a(_aeabi_uldivmod.o) (__udivmoddi4)
/usr/share/gcc-arm-none-eabi-10.3-2021.10/bin/../lib/gcc/arm-none-eabi/10.3.1/thumb/v7e-m/nofp/libgcc.a(_dvmd_tls.o)
                              /usr/share/gcc-arm-none-eabi-10.3-2021.10/bin/../lib/gcc/arm-none-eabi/10.3.1/thumb/v7e-m/nofp/libgcc.a(_aeabi_uldivmod.o) (__aeabi_ldiv0)
/usr/share/gcc-arm-none-eabi-10.3-2021.10/bin/../lib/gcc/arm-none-eabi/10.3.1/../../../../arm-none-eabi/lib/thumb/v7e-m/nofp/libg_nano.a(lib_a-ctype_.o)
                              Build/internal.o (_ctype_)
/usr/share/gcc-arm-none-eabi-10.3-2021.10/bin/../lib/gcc/arm-none-eabi/10.3.1/../../../../arm-none-eabi/lib/thumb/v7e-m/nofp/libg_nano.a(lib_a-exit.o)
                              /usr/share/gcc-arm-none-eabi-10.3-2021.10/bin/../lib/gcc/arm-none-eabi/10.3.1/../../../../arm-none-eabi/lib/thumb/v7e-m/nofp/crt0.o (exit)
/usr/share/gcc-arm-none-eabi-10.3-2021.10/bin/../lib/gcc/arm-none-eabi/10.3.1/../../../../arm-none-eabi/lib/thumb/v7e-m/nofp/libg_nano.a(lib_a-fflush.o)
                              Build/test.o (fflush)
/usr/share/gcc-arm-none-eabi-10.3-2021.10/bin/../lib/gcc/arm-none-eabi/10.3.1/../../../../arm-none-eabi/lib/thumb/v7e-m/nofp/libg_nano.a(lib_a-findfp.o)
                              /usr/share/gcc-arm-none-eabi-10.3-2021.10/bin/../lib/gcc/arm-none-eabi/10.3.1/../../../../arm-none-eabi/lib/thumb/v7e-m/nofp/libg_nano.a(lib_a-fflush.o) (__sinit)
/usr/share/gcc-arm-none-eabi-10.3-2021.10/bin/../lib/gcc/arm-none-eabi/10.3.1/../../../../arm-none-eabi/lib/thumb/v7e-m/nofp/libg_nano.a(lib_a-fwalk.o)
                              /usr/share/gcc-arm-none-eabi-10.3-2021.10/bin/../lib/gcc/arm-none-eabi/10.3.1/../../../../arm-none-eabi/lib/thumb/v7e-m/nofp/libg_nano.a(lib_a-findfp.o) (_fwalk)
/usr/share/gcc-arm-none-eabi-10.3-2021.10/bin/../lib/gcc/arm-none-eabi/10.3.1/../../../../arm-none-eabi/lib/thumb/v7e-m/nofp/libg_nano.a(lib_a-impure.o)
                              /usr/share/gcc-arm-none-eabi-10.3-2021.10/bin/../lib/gcc/arm-none-eabi/10.3.1/../../../../arm-none-eabi/lib/thumb/v7e-m/nofp/libg_nano.a(lib_a-exit.o) (_global_impure_ptr)
/usr/share/gcc-arm-none-eabi-10.3-2021.10/bin/../lib/gcc/arm-none-eabi/10.3.1/../../../../arm-none-eabi/lib/thumb/v7e-m/nofp/libg_nano.a(lib_a-init.o)
                              /usr/share/gcc-arm-none-eabi-10.3-2021.10/bin/../lib/gcc/arm-none-eabi/10.3.1/../../../../arm-none-eabi/lib/thumb/v7e-m/nofp/crt0.o (__libc_init_array)
/usr/share/gcc-arm-none-eabi-10.3-2021.10/bin/../lib/gcc/arm-none-eabi/10.3.1/../../../../arm-none-eabi/lib/thumb/v7e-m/nofp/libg_nano.a(lib_a-lock.o)
                              /usr/share/gcc-arm-none-eabi-10.3-2021.10/bin/../lib/gcc/arm-none-eabi/10.3.1/../../../../arm-none-eabi/lib/thumb/v7e-m/nofp/libg_nano.a(lib_a-findfp.o) (__retarget_lock_init_recursive)
/usr/share/gcc-arm-none-eabi-10.3-2021.10/bin/../lib/gcc/arm-none-eabi/10.3.1/../../../../arm-none-eabi/lib/thumb/v7e-m/nofp/libg_nano.a(lib_a-malloc.o)
                              Build/test.o (malloc)
/usr/share/gcc-arm-none-eabi-10.3-2021.10/bin/../lib/gcc/arm-none-eabi/10.3.1/../../../../arm-none-eabi/lib/thumb/v7e-m/nofp/libg_nano.a(lib_a-memcmp.o)
                              Build/test.o (memcmp)
/usr/share/gcc-arm-none-eabi-10.3-2021.10/bin/../lib/gcc/arm-none-eabi/10.3.1/../../../../arm-none-eabi/lib/thumb/v7e-m/nofp/libg_nano.a(lib_a-memcpy-stub.o)
                              Build/test.o (memcpy)
/usr/share/gcc-arm-none-eabi-10.3-2021.10/bin/../lib/gcc/arm-none-eabi/10.3.1/../../../../arm-none-eabi/lib/thumb/v7e-m/nofp/libg_nano.a(lib_a-memmove.o)
                              Build/internal.o (memmove)
[...]
Memory Configuration

Name             Origin             Length             Attributes
RAM              0x0000000020000000 0x0000000000020000 xrw
FLASH            0x0000000008000000 0x0000000000100000 xr
*default*        0x0000000000000000 0xffffffffffffffff

Linker script and memory map

LOAD /usr/share/gcc-arm-none-eabi-10.3-2021.10/bin/../lib/gcc/arm-none-eabi/10.3.1/thumb/v7e-m/nofp/crti.o
LOAD /usr/share/gcc-arm-none-eabi-10.3-2021.10/bin/../lib/gcc/arm-none-eabi/10.3.1/thumb/v7e-m/nofp/crtbegin.o
LOAD /usr/share/gcc-arm-none-eabi-10.3-2021.10/bin/../lib/gcc/arm-none-eabi/10.3.1/../../../../arm-none-eabi/lib/thumb/v7e-m/nofp/crt0.o
LOAD Build/tls_server.o
LOAD Build/wolf_main.o
LOAD Build/armtarget.o
LOAD Build/test.o
LOAD Build/benchmark.o
LOAD Build/bio.o
LOAD Build/crl.o
LOAD Build/internal.o
LOAD Build/keys.o
LOAD Build/ocsp.o
LOAD Build/sniffer.o
LOAD Build/ssl.o
LOAD Build/tls.o
LOAD Build/tls13.o
LOAD Build/wolfio.o
LOAD Build/aes.o
LOAD Build/cmac.o
LOAD Build/des3.o
LOAD Build/dh.o
LOAD Build/ecc.o
LOAD Build/hmac.o
LOAD Build/kdf.o
LOAD Build/random.o
LOAD Build/rsa.o
LOAD Build/sha.o
LOAD Build/sha256.o
LOAD Build/sha512.o
LOAD Build/sha3.o
LOAD Build/asm.o
LOAD Build/asn.o
LOAD Build/blake2s.o
LOAD Build/chacha.o
LOAD Build/chacha20_poly1305.o
LOAD Build/coding.o
LOAD Build/compress.o
LOAD Build/cpuid.o
LOAD Build/cryptocb.o
LOAD Build/curve25519.o
LOAD Build/curve448.o
LOAD Build/ecc_fp.o
LOAD Build/eccsi.o
LOAD Build/ed25519.o
LOAD Build/ed448.o
LOAD Build/error.o
LOAD Build/fe_448.o
LOAD Build/fe_low_mem.o
LOAD Build/fe_operations.o
LOAD Build/ge_448.o
LOAD Build/ge_low_mem.o
LOAD Build/ge_operations.o
LOAD Build/hash.o
LOAD Build/integer.o
LOAD Build/logging.o
LOAD Build/md5.o
LOAD Build/memory.o
LOAD Build/misc.o
LOAD Build/pkcs12.o
LOAD Build/pkcs7.o
LOAD Build/poly1305.o
LOAD Build/pwdbased.o
LOAD Build/rc2.o
LOAD Build/sakke.o
LOAD Build/signature.o
LOAD Build/srp.o
LOAD Build/sp_arm32.o
LOAD Build/sp_arm64.o
LOAD Build/sp_armthumb.o
LOAD Build/sp_c32.o
LOAD Build/sp_c64.o
LOAD Build/sp_cortexm.o
LOAD Build/sp_dsp32.o
LOAD Build/sp_int.o
LOAD Build/sp_x86_64.o
LOAD Build/tfm.o
LOAD Build/wc_dsp.o
LOAD Build/wc_encrypt.o
LOAD Build/wc_pkcs11.o
LOAD Build/wc_port.o
LOAD Build/wolfevent.o
LOAD Build/wolfmath.o
LOAD Build/arc4.o
LOAD Build/blake2b.o
LOAD Build/camellia.o
LOAD Build/dsa.o
LOAD Build/md2.o
LOAD Build/md4.o
LOAD Build/ripemd.o
LOAD /usr/share/gcc-arm-none-eabi-10.3-2021.10/bin/../lib/gcc/arm-none-eabi/10.3.1/../../../../arm-none-eabi/lib/thumb/v7e-m/nofp/libm.a
START GROUP
LOAD /usr/share/gcc-arm-none-eabi-10.3-2021.10/bin/../lib/gcc/arm-none-eabi/10.3.1/thumb/v7e-m/nofp/libgcc.a
LOAD /usr/share/gcc-arm-none-eabi-10.3-2021.10/bin/../lib/gcc/arm-none-eabi/10.3.1/../../../../arm-none-eabi/lib/thumb/v7e-m/nofp/libg_nano.a
LOAD /usr/share/gcc-arm-none-eabi-10.3-2021.10/bin/../lib/gcc/arm-none-eabi/10.3.1/../../../../arm-none-eabi/lib/thumb/v7e-m/nofp/libc_nano.a
END GROUP
START GROUP
LOAD /usr/share/gcc-arm-none-eabi-10.3-2021.10/bin/../lib/gcc/arm-none-eabi/10.3.1/thumb/v7e-m/nofp/libgcc.a
LOAD /usr/share/gcc-arm-none-eabi-10.3-2021.10/bin/../lib/gcc/arm-none-eabi/10.3.1/../../../../arm-none-eabi/lib/thumb/v7e-m/nofp/libc_nano.a
LOAD /usr/share/gcc-arm-none-eabi-10.3-2021.10/bin/../lib/gcc/arm-none-eabi/10.3.1/../../../../arm-none-eabi/lib/thumb/v7e-m/nofp/libnosys.a
END GROUP
START GROUP
LOAD /usr/share/gcc-arm-none-eabi-10.3-2021.10/bin/../lib/gcc/arm-none-eabi/10.3.1/thumb/v7e-m/nofp/libgcc.a
LOAD /usr/share/gcc-arm-none-eabi-10.3-2021.10/bin/../lib/gcc/arm-none-eabi/10.3.1/../../../../arm-none-eabi/lib/thumb/v7e-m/nofp/libc_nano.a
LOAD /usr/share/gcc-arm-none-eabi-10.3-2021.10/bin/../lib/gcc/arm-none-eabi/10.3.1/../../../../arm-none-eabi/lib/thumb/v7e-m/nofp/libnosys.a
END GROUP
LOAD /usr/share/gcc-arm-none-eabi-10.3-2021.10/bin/../lib/gcc/arm-none-eabi/10.3.1/thumb/v7e-m/nofp/crtend.o
LOAD /usr/share/gcc-arm-none-eabi-10.3-2021.10/bin/../lib/gcc/arm-none-eabi/10.3.1/thumb/v7e-m/nofp/crtn.o
                0x0000000000000000                __vectors_start__ = .

.vectors
 *(.vectors)
                0x0000000000000400                __vectors_end__ = (__vectors_start__ + 0x400)

.sys
 *(.sys*)

.text           0x0000000008000000    0x1e760
 *(.text*)
 .text.CbIORecv
                0x0000000008000000        0x6 Build/tls_server.o
 *fill*         0x0000000008000006        0x2 
 .text.tls_server
                0x0000000008000008      0x124 Build/tls_server.o
 .text.CbIOSend
                0x000000000800012c        0x6 Build/tls_server.o
 .text.startup.main
                0x0000000008000132       0x14 Build/tls_server.o
                0x0000000008000132                main
 *fill*         0x0000000008000146        0x2 
 .text.my_time  0x0000000008000148       0x10 Build/wolf_main.o
                0x0000000008000148                my_time
 .text.LowResTimer
                0x0000000008000158       0x10 Build/wolf_main.o
                0x0000000008000158                LowResTimer
 .text.hw_rand  0x0000000008000168       0x10 Build/wolf_main.o
                0x0000000008000168                hw_rand
 .text.my_rng_gen_block
                0x0000000008000178       0x30 Build/wolf_main.o
                0x0000000008000178                my_rng_gen_block
 .text.memcpy32
                0x00000000080001a8       0x10 Build/armtarget.o
                0x00000000080001a8                memcpy32
 .text.meminit32
                0x00000000080001b8        0xe Build/armtarget.o
                0x00000000080001b8                meminit32
 *fill*         0x00000000080001c6        0x2 
 .text.reset_handler
                0x00000000080001c8       0x44 Build/armtarget.o
                0x00000000080001c8                reset_handler
 .text.ForceZero
                0x000000000800020c       0x10 Build/internal.o
 .text.c24to32  0x000000000800021c       0x12 Build/internal.o
 .text.ato16    0x000000000800022e        0x8 Build/internal.o
 *fill*         0x0000000008000236        0x2 
 .text.CipherRequires
                0x0000000008000238       0xd8 Build/internal.o
 .text.SanityCheckMsgReceived
                0x0000000008000310      0x2f4 Build/internal.o
 .text.FreeSckeArgs
                0x0000000008000604       0x1e Build/internal.o
 .text.FreeScvArgs
                0x0000000008000622       0x12 Build/internal.o
 .text.FreeSskeArgs
                0x0000000008000634       0x12 Build/internal.o
 .text.ProcessPeerCertParse
                0x0000000008000646       0xa4 Build/internal.o
 *fill*         0x00000000080006ea        0x2 
 .text.HashSkeData
                0x00000000080006ec       0xb8 Build/internal.o
 .text.DecodeSigAlg
                0x00000000080007a4       0x2a Build/internal.o
 .text.SetDigest
                0x00000000080007ce       0x58 Build/internal.o
 .text.AddRecordHeader.constprop.0
                0x0000000008000826       0x22 Build/internal.o
 .text.AddHeaders
                0x0000000008000848       0x1c Build/internal.o
 .text.CompareSuites.isra.0
                0x0000000008000864       0xf8 Build/internal.o
 .text.IsTLS    0x000000000800095c       0x18 Build/internal.o
                0x000000000800095c                IsTLS
 .text.IsAtLeastTLSv1_2
                0x0000000008000974       0x1a Build/internal.o
                0x0000000008000974                IsAtLeastTLSv1_2
 .text.IsAtLeastTLSv1_3
                0x000000000800098e       0x20 Build/internal.o
                0x000000000800098e                IsAtLeastTLSv1_3
 .text.IsEncryptionOn
                0x00000000080009ae       0x1c Build/internal.o
                0x00000000080009ae                IsEncryptionOn
 .text.InitSSL_Method
                0x00000000080009ca       0x18 Build/internal.o
                0x00000000080009ca                InitSSL_Method
 .text.InitSSL_Ctx
                0x00000000080009e2       0x74 Build/internal.o
                0x00000000080009e2                InitSSL_Ctx
 .text.SSL_CtxResourceFree
                0x0000000008000a56       0x6a Build/internal.o
                0x0000000008000a56                SSL_CtxResourceFree
 .text.FreeSSL_Ctx
                0x0000000008000ac0       0x1c Build/internal.o
                0x0000000008000ac0                FreeSSL_Ctx
 .text.InitCiphers
                0x0000000008000adc       0x14 Build/internal.o
                0x0000000008000adc                InitCiphers
 .text.FreeCiphers
                0x0000000008000af0       0x62 Build/internal.o
                0x0000000008000af0                FreeCiphers
 .text.InitCipherSpecs
                0x0000000008000b52       0x18 Build/internal.o
                0x0000000008000b52                InitCipherSpecs
 .text.InitSuitesHashSigAlgo_ex2
                0x0000000008000b6a       0x4a Build/internal.o
                0x0000000008000b6a                InitSuitesHashSigAlgo_ex2
 .text.AllocateCtxSuites
                0x0000000008000bb4       0x28 Build/internal.o
                0x0000000008000bb4                AllocateCtxSuites
 .text.AllocateSuites
                0x0000000008000bdc       0x3e Build/internal.o
                0x0000000008000bdc                AllocateSuites
 .text.InitSuites
                0x0000000008000c1a       0xf8 Build/internal.o
                0x0000000008000c1a                InitSuites
 .text.InitSuites_EitherSide.constprop.0
                0x0000000008000d12       0x52 Build/internal.o
 .text.EccVerify
                0x0000000008000d64       0x30 Build/internal.o
                0x0000000008000d64                EccVerify
 .text.EccSharedSecret
                0x0000000008000d94       0x2a Build/internal.o
                0x0000000008000d94                EccSharedSecret
 .text.EccMakeKey
                0x0000000008000dbe       0x3e Build/internal.o
                0x0000000008000dbe                EccMakeKey
 .text.Ed25519CheckPubKey
                0x0000000008000dfc       0x32 Build/internal.o
                0x0000000008000dfc                Ed25519CheckPubKey
 *fill*         0x0000000008000e2e        0x2 
 .text.Ed25519Verify
                0x0000000008000e30       0x34 Build/internal.o
                0x0000000008000e30                Ed25519Verify
 .text.InitSSL_CTX_Suites
                0x0000000008000e64       0x48 Build/internal.o
                0x0000000008000e64                InitSSL_CTX_Suites
 .text.InitSSL_Suites
                0x0000000008000eac       0xba Build/internal.o
                0x0000000008000eac                InitSSL_Suites
 *fill*         0x0000000008000f66        0x2 
 .text.SetSSL_CTX
                0x0000000008000f68      0x210 Build/internal.o
                0x0000000008000f68                SetSSL_CTX
 .text.FreeHandshakeHashes
                0x0000000008001178       0x4c Build/internal.o
                0x0000000008001178                FreeHandshakeHashes
 .text.InitHandshakeHashes
                0x00000000080011c4       0x4e Build/internal.o
                0x00000000080011c4                InitHandshakeHashes
 .text.ReinitSSL
                0x0000000008001212       0x86 Build/internal.o
                0x0000000008001212                ReinitSSL
 .text.InitSSL  0x0000000008001298      0x124 Build/internal.o
                0x0000000008001298                InitSSL
 .text.FreeArrays
                0x00000000080013bc       0x72 Build/internal.o
                0x00000000080013bc                FreeArrays
 .text.FreeKey  0x000000000800142e       0x36 Build/internal.o
                0x000000000800142e                FreeKey
 .text.AllocKey
                0x0000000008001464       0x84 Build/internal.o
                0x0000000008001464                AllocKey
 .text.FreeAsyncCtx
                0x00000000080014e8       0x28 Build/internal.o
                0x00000000080014e8                FreeAsyncCtx
 .text.FreeKeyExchange
                0x0000000008001510       0x48 Build/internal.o
                0x0000000008001510                FreeKeyExchange
 .text.FreeSuites
                0x0000000008001558       0x12 Build/internal.o
                0x0000000008001558                FreeSuites
 .text.WriteSEQ
                0x000000000800156a       0x5a Build/internal.o
                0x000000000800156a                WriteSEQ
 .text.HashRaw  0x00000000080015c4       0xb0 Build/internal.o
                0x00000000080015c4                HashRaw
 .text.HashOutput
                0x0000000008001674       0x1a Build/internal.o
                0x0000000008001674                HashOutput
 .text.HashInput
                0x000000000800168e       0x12 Build/internal.o
                0x000000000800168e                HashInput
 .text.ShrinkOutputBuffer
                0x00000000080016a0       0x2a Build/internal.o
                0x00000000080016a0                ShrinkOutputBuffer
 .text.ShrinkInputBuffer
                0x00000000080016ca       0x5a Build/internal.o
                0x00000000080016ca                ShrinkInputBuffer
 .text.SSL_ResourceFree
                0x0000000008001724      0x110 Build/internal.o
                0x0000000008001724                SSL_ResourceFree
 .text.FreeSSL  0x0000000008001834       0x1e Build/internal.o
                0x0000000008001834                FreeSSL
 .text.FreeHandshakeResources
                0x0000000008001852       0xde Build/internal.o
                0x0000000008001852                FreeHandshakeResources
 .text.SendBuffered
                0x0000000008001930       0x88 Build/internal.o
                0x0000000008001930                SendBuffered
 .text.GetOutputBuffer
                0x00000000080019b8        0xe Build/internal.o
                0x00000000080019b8                GetOutputBuffer
 .text.GrowInputBuffer
                0x00000000080019c6       0xa0 Build/internal.o
                0x00000000080019c6                GrowInputBuffer
 *fill*         0x0000000008001a66        0x2 
 .text.GetInputData
                0x0000000008001a68      0x11c Build/internal.o
 .text.CheckAvailableSize
                0x0000000008001b84       0x8c Build/internal.o
                0x0000000008001b84                CheckAvailableSize
 .text.MatchDomainName
                0x0000000008001c10       0xa4 Build/internal.o
                0x0000000008001c10                MatchDomainName
 .text.CheckForAltNames
                0x0000000008001cb4       0x58 Build/internal.o
                0x0000000008001cb4                CheckForAltNames
 .text.DoVerifyCallback
                0x0000000008001d0c      0x13a Build/internal.o
                0x0000000008001d0c                DoVerifyCallback
 *fill*         0x0000000008001e46        0x2 
 .text.DoFinished
                0x0000000008001e48       0x98 Build/internal.o
                0x0000000008001e48                DoFinished
 .text.TimingPadVerify
                0x0000000008001ee0      0x1c0 Build/internal.o
                0x0000000008001ee0                TimingPadVerify
 .text.BuildCertHashes
                0x00000000080020a0       0x4c Build/internal.o
                0x00000000080020a0                BuildCertHashes
 .text.FreeBuildMsgArgs
                0x00000000080020ec       0x12 Build/internal.o
                0x00000000080020ec                FreeBuildMsgArgs
 *fill*         0x00000000080020fe        0x2 
 .text.BuildMessage
                0x0000000008002100      0x388 Build/internal.o
                0x0000000008002100                BuildMessage
 .text.SendChangeCipher
                0x0000000008002488       0xba Build/internal.o
                0x0000000008002488                SendChangeCipher
 *fill*         0x0000000008002542        0x2 
 .text.SendAlert_ex
                0x0000000008002544       0xb4 Build/internal.o
 .text.SendFinished
                0x00000000080025f8       0xf4 Build/internal.o
                0x00000000080025f8                SendFinished
 .text.cipherExtraData
                0x00000000080026ec       0x2c Build/internal.o
                0x00000000080026ec                cipherExtraData
 .text.SendHandshakeMsg.constprop.0
                0x0000000008002718      0x134 Build/internal.o
 .text.SendCertificate
                0x000000000800284c      0x3ac Build/internal.o
                0x000000000800284c                SendCertificate
 .text.SendCertificateRequest
                0x0000000008002bf8      0x194 Build/internal.o
                0x0000000008002bf8                SendCertificateRequest
 .text.SendCertificateStatus
                0x0000000008002d8c        0x4 Build/internal.o
                0x0000000008002d8c                SendCertificateStatus
 .text.RetrySendAlert
                0x0000000008002d90       0x1e Build/internal.o
                0x0000000008002d90                RetrySendAlert
 *fill*         0x0000000008002dae        0x2 
 .text.SendData
                0x0000000008002db0      0x15c Build/internal.o
                0x0000000008002db0                SendData
 .text.SendAlert
                0x0000000008002f0c       0x36 Build/internal.o
                0x0000000008002f0c                SendAlert
 .text.DoCertFatalAlert
                0x0000000008002f42       0x48 Build/internal.o
                0x0000000008002f42                DoCertFatalAlert
 *fill*         0x0000000008002f8a        0x2 
 .text.ProcessPeerCerts
                0x0000000008002f8c      0x70c Build/internal.o
                0x0000000008002f8c                ProcessPeerCerts
 .text.DoApplicationData
                0x0000000008003698       0x88 Build/internal.o
                0x0000000008003698                DoApplicationData
 .text.SetCipherList
                0x0000000008003720      0x198 Build/internal.o
                0x0000000008003720                SetCipherList
 .text.PickHashSigAlgo
                0x00000000080038b8       0xf8 Build/internal.o
                0x00000000080038b8                PickHashSigAlgo
 .text.DecodePrivateKey
                0x00000000080039b0       0xcc Build/internal.o
                0x00000000080039b0                DecodePrivateKey
 .text.HaveUniqueSessionObj
                0x0000000008003a7c       0x28 Build/internal.o
                0x0000000008003a7c                HaveUniqueSessionObj
 .text.SendClientHello
                0x0000000008003aa4      0x22a Build/internal.o
                0x0000000008003aa4                SendClientHello
 *fill*         0x0000000008003cce        0x2 
 .text.DoHelloVerifyRequest
                0x0000000008003cd0       0x6c Build/internal.o
                0x0000000008003cd0                DoHelloVerifyRequest
 .text.CheckVersion
                0x0000000008003d3c      0x118 Build/internal.o
                0x0000000008003d3c                CheckVersion
 .text.CompleteServerHello
                0x0000000008003e54       0xcc Build/internal.o
                0x0000000008003e54                CompleteServerHello
 .text.DoServerHello
                0x0000000008003f20      0x1b4 Build/internal.o
                0x0000000008003f20                DoServerHello
 .text.VerifyClientSuite
                0x00000000080040d4       0x14 Build/internal.o
                0x00000000080040d4                VerifyClientSuite
 .text.SendClientKeyExchange
                0x00000000080040e8      0x404 Build/internal.o
                0x00000000080040e8                SendClientKeyExchange
 .text.SendCertificateVerify
                0x00000000080044ec      0x2b4 Build/internal.o
                0x00000000080044ec                SendCertificateVerify
 .text.SendServerHello
                0x00000000080047a0      0x208 Build/internal.o
                0x00000000080047a0                SendServerHello
 .text.SendServerKeyExchange
                0x00000000080049a8      0x438 Build/internal.o
                0x00000000080049a8                SendServerKeyExchange
 .text.MatchSuite_ex
                0x0000000008004de0       0xb4 Build/internal.o
                0x0000000008004de0                MatchSuite_ex
 .text.MatchSuite
                0x0000000008004e94       0x48 Build/internal.o
                0x0000000008004e94                MatchSuite
 .text.HandleTlsResumption
                0x0000000008004edc       0xfc Build/internal.o
                0x0000000008004edc                HandleTlsResumption
 .text.DoClientHello
                0x0000000008004fd8      0x40c Build/internal.o
                0x0000000008004fd8                DoClientHello
 .text.DoHandShakeMsgType
                0x00000000080053e4      0xd68 Build/internal.o
                0x00000000080053e4                DoHandShakeMsgType
 .text.ProcessReplyEx
                0x000000000800614c      0x8b8 Build/internal.o
                0x000000000800614c                ProcessReplyEx
 .text.ProcessReply
                0x0000000008006a04        0x6 Build/internal.o
                0x0000000008006a04                ProcessReply
 .text.ReceiveData
                0x0000000008006a0a       0xbc Build/internal.o
                0x0000000008006a0a                ReceiveData
 .text.SendServerHelloDone
                0x0000000008006ac6       0xf8 Build/internal.o
                0x0000000008006ac6                SendServerHelloDone
 *fill*         0x0000000008006bbe        0x2 
 .text.GetCipherSpec
                0x0000000008006bc0      0x100 Build/keys.o
                0x0000000008006bc0                GetCipherSpec
 .text.SetCipherSpecs
                0x0000000008006cc0       0x70 Build/keys.o
                0x0000000008006cc0                SetCipherSpecs
 .text.SetKeysSide
                0x0000000008006d30      0x404 Build/keys.o
                0x0000000008006d30                SetKeysSide
 .text.StoreKeys
                0x0000000008007134       0xae Build/keys.o
                0x0000000008007134                StoreKeys
 .text.MakeMasterSecret
                0x00000000080071e2        0x4 Build/keys.o
                0x00000000080071e2                MakeMasterSecret
 .text.ForceZero
                0x00000000080071e6       0x10 Build/ssl.o
 .text.HashSigner
                0x00000000080071f6       0x10 Build/ssl.o
 .text.ModeToVerifyOptions
                0x0000000008007206       0x52 Build/ssl.o
 .text.wolfSSL_CertManagerFree
                0x0000000008007258       0x2a Build/ssl.o
                0x0000000008007258                wolfSSL_CertManagerFree
 .text.wolfSSL_CertManagerNew_ex
                0x0000000008007282       0x3a Build/ssl.o
                0x0000000008007282                wolfSSL_CertManagerNew_ex
 .text.wolfSSL_CTX_up_ref
                0x00000000080072bc        0xa Build/ssl.o
                0x00000000080072bc                wolfSSL_CTX_up_ref
 .text.wolfSSL_CTX_free
                0x00000000080072c6        0x8 Build/ssl.o
                0x00000000080072c6                wolfSSL_CTX_free
 .text.wolfSSL_new
                0x00000000080072ce       0x30 Build/ssl.o
                0x00000000080072ce                wolfSSL_new
 .text.wolfSSL_free
                0x00000000080072fe        0xc Build/ssl.o
                0x00000000080072fe                wolfSSL_free
 .text.wolfSSL_write
                0x000000000800730a       0x1a Build/ssl.o
                0x000000000800730a                wolfSSL_write
 .text.wolfSSL_read
                0x0000000008007324       0x1c Build/ssl.o
                0x0000000008007324                wolfSSL_read
 .text.wolfSSL_shutdown
                0x0000000008007340       0x94 Build/ssl.o
                0x0000000008007340                wolfSSL_shutdown
 .text.wolfSSL_get_error
                0x00000000080073d4       0x46 Build/ssl.o
                0x00000000080073d4                wolfSSL_get_error
 .text.wolfSSL_GetMacSecret
                0x000000000800741a       0x22 Build/ssl.o
                0x000000000800741a                wolfSSL_GetMacSecret
 .text.AlreadySigner
                0x000000000800743c       0x52 Build/ssl.o
                0x000000000800743c                AlreadySigner
 .text.GetCA    0x000000000800748e       0x4a Build/ssl.o
                0x000000000800748e                GetCA
 .text.GetCAByName
                0x00000000080074d8       0x56 Build/ssl.o
                0x00000000080074d8                GetCAByName
 *fill*         0x000000000800752e        0x2 
 .text.AddCA    0x0000000008007530      0x1bc Build/ssl.o
                0x0000000008007530                AddCA
 .text.wolfSSL_CTX_set_verify
                0x00000000080076ec       0x3a Build/ssl.o
                0x00000000080076ec                wolfSSL_CTX_set_verify
 .text.wolfSSL_CTX_set_cipher_list
                0x0000000008007726       0x26 Build/ssl.o
                0x0000000008007726                wolfSSL_CTX_set_cipher_list
 .text.wolfSSL_connect
                0x000000000800774c      0x1ec Build/ssl.o
                0x000000000800774c                wolfSSL_connect
 .text.wolfSSL_accept
                0x0000000008007938      0x2c8 Build/ssl.o
                0x0000000008007938                wolfSSL_accept
 .text.wolfSSL_negotiate
                0x0000000008007c00       0x36 Build/ssl.o
                0x0000000008007c00                wolfSSL_negotiate
 *fill*         0x0000000008007c36        0x2 
 .text.wolfSSL_Cleanup
                0x0000000008007c38       0xac Build/ssl.o
                0x0000000008007c38                wolfSSL_Cleanup
 .text.wolfSSL_Init
                0x0000000008007ce4       0x70 Build/ssl.o
                0x0000000008007ce4                wolfSSL_Init
 .text.wolfSSL_CTX_new_ex
                0x0000000008007d54       0x4c Build/ssl.o
                0x0000000008007d54                wolfSSL_CTX_new_ex
 .text.wolfSSL_CTX_new
                0x0000000008007da0        0x6 Build/ssl.o
                0x0000000008007da0                wolfSSL_CTX_new
 .text.SetupSession
                0x0000000008007da6       0x9e Build/ssl.o
                0x0000000008007da6                SetupSession
 .text.wolfSSL_GetSession
                0x0000000008007e44        0x4 Build/ssl.o
                0x0000000008007e44                wolfSSL_GetSession
 .text.wolfSSL_UnloadCertsKeys
                0x0000000008007e48       0x5a Build/ssl.o
                0x0000000008007e48                wolfSSL_UnloadCertsKeys
 .text.wolfSSL_NewSession
                0x0000000008007ea2       0x24 Build/ssl.o
                0x0000000008007ea2                wolfSSL_NewSession
 .text.wolfSSL_DupSession
                0x0000000008007ec6       0x22 Build/ssl.o
                0x0000000008007ec6                wolfSSL_DupSession
 .text.wolfSSL_FreeSession
                0x0000000008007ee8       0x3a Build/ssl.o
                0x0000000008007ee8                wolfSSL_FreeSession
 .text.wolfSSL_SESSION_dup
                0x0000000008007f22       0x30 Build/ssl.o
                0x0000000008007f22                wolfSSL_SESSION_dup
 .text.wolfSSL_set_options
                0x0000000008007f52       0xd0 Build/ssl.o
                0x0000000008007f52                wolfSSL_set_options
 .text.wolfSSL_get_options
                0x0000000008008022        0x8 Build/ssl.o
                0x0000000008008022                wolfSSL_get_options
 .text.ctMaskEq
                0x000000000800802a       0x12 Build/tls.o
 .text.TLSX_SupportedCurve_ValidateRequest
                0x000000000800803c       0x36 Build/tls.o
 .text.TLSX_PointFormat_ValidateRequest
                0x0000000008008072       0x38 Build/tls.o
 .text.TLSX_GetSize
                0x00000000080080aa       0xc8 Build/tls.o
 .text.TLSX_Write
                0x0000000008008172      0x14c Build/tls.o
 .text.Hmac_HashUpdate
                0x00000000080082be       0x22 Build/tls.o
 .text.TLSX_PointFormat_ValidateResponse.isra.0
                0x00000000080082e0       0x1a Build/tls.o
 *fill*         0x00000000080082fa        0x2 
 .text.BuildTlsHandshakeHash
                0x00000000080082fc       0x54 Build/tls.o
                0x00000000080082fc                BuildTlsHandshakeHash
 .text.BuildTlsFinished
                0x0000000008008350       0xa0 Build/tls.o
                0x0000000008008350                BuildTlsFinished
 .text.DeriveTlsKeys
                0x00000000080083f0       0xa8 Build/tls.o
                0x00000000080083f0                DeriveTlsKeys
 .text.MakeTlsMasterSecret
                0x0000000008008498       0x7c Build/tls.o
                0x0000000008008498                MakeTlsMasterSecret
 .text.wolfSSL_GetHmacType_ex
                0x0000000008008514       0x1e Build/tls.o
                0x0000000008008514                wolfSSL_GetHmacType_ex
 .text.wolfSSL_GetHmacType
                0x0000000008008532       0x10 Build/tls.o
                0x0000000008008532                wolfSSL_GetHmacType
 .text.wolfSSL_SetTlsHmacInner
                0x0000000008008542       0x42 Build/tls.o
                0x0000000008008542                wolfSSL_SetTlsHmacInner
 .text.TLS_hmac
                0x0000000008008584      0x34a Build/tls.o
                0x0000000008008584                TLS_hmac
 .text.TLSX_SignatureAlgorithms_New
                0x00000000080088ce       0x24 Build/tls.o
                0x00000000080088ce                TLSX_SignatureAlgorithms_New
 .text.TLSX_SignatureAlgorithms_FreeAll
                0x00000000080088f2        0x8 Build/tls.o
                0x00000000080088f2                TLSX_SignatureAlgorithms_FreeAll
 .text.TLSX_Find
                0x00000000080088fa        0xe Build/tls.o
                0x00000000080088fa                TLSX_Find
 .text.TLSX_SetResponse
                0x0000000008008908       0x12 Build/tls.o
                0x0000000008008908                TLSX_SetResponse
 .text.TLSX_ValidateSupportedCurves
                0x000000000800891a      0x164 Build/tls.o
                0x000000000800891a                TLSX_ValidateSupportedCurves
 .text.TLSX_FreeAll
                0x0000000008008a7e       0x4c Build/tls.o
                0x0000000008008a7e                TLSX_FreeAll
 .text.TLSX_Push
                0x0000000008008aca       0x44 Build/tls.o
                0x0000000008008aca                TLSX_Push
 .text.TLSX_UseSupportedCurve
                0x0000000008008b0e       0x76 Build/tls.o
                0x0000000008008b0e                TLSX_UseSupportedCurve
 .text.TLSX_SupportedCurve_Parse
                0x0000000008008b84       0x60 Build/tls.o
                0x0000000008008b84                TLSX_SupportedCurve_Parse
 .text.TLSX_UsePointFormat
                0x0000000008008be4       0x76 Build/tls.o
                0x0000000008008be4                TLSX_UsePointFormat
 .text.TLSX_SupportExtensions
                0x0000000008008c5a       0x1e Build/tls.o
                0x0000000008008c5a                TLSX_SupportExtensions
 .text.TLSX_PopulateExtensions
                0x0000000008008c78       0xd4 Build/tls.o
                0x0000000008008c78                TLSX_PopulateExtensions
 .text.TLSX_GetRequestSize
                0x0000000008008d4c       0x98 Build/tls.o
                0x0000000008008d4c                TLSX_GetRequestSize
 .text.TLSX_WriteRequest
                0x0000000008008de4       0xc6 Build/tls.o
                0x0000000008008de4                TLSX_WriteRequest
 .text.TLSX_GetResponseSize
                0x0000000008008eaa       0x64 Build/tls.o
                0x0000000008008eaa                TLSX_GetResponseSize
 .text.TLSX_WriteResponse
                0x0000000008008f0e       0x84 Build/tls.o
                0x0000000008008f0e                TLSX_WriteResponse
 *fill*         0x0000000008008f92        0x2 
 .text.TLSX_Parse
                0x0000000008008f94      0x21c Build/tls.o
                0x0000000008008f94                TLSX_Parse
 .text.wolfTLSv1_2_server_method_ex
                0x00000000080091b0       0x26 Build/tls.o
                0x00000000080091b0                wolfTLSv1_2_server_method_ex
 .text.wolfTLSv1_2_server_method
                0x00000000080091d6        0x6 Build/tls.o
                0x00000000080091d6                wolfTLSv1_2_server_method
 .text.wolfSSL_CTX_SetIORecv
                0x00000000080091dc        0x6 Build/wolfio.o
                0x00000000080091dc                wolfSSL_CTX_SetIORecv
 .text.wolfSSL_CTX_SetIOSend
                0x00000000080091e2        0x6 Build/wolfio.o
                0x00000000080091e2                wolfSSL_CTX_SetIOSend
 .text.ByteReverseWord32
                0x00000000080091e8        0x4 Build/aes.o
 .text.xorbufout
                0x00000000080091ec       0x66 Build/aes.o
 .text.xorbuf   0x0000000008009252       0x5e Build/aes.o
 .text.IncrementGcmCounter
                0x00000000080092b0       0x18 Build/aes.o
 .text.wc_AesEncrypt
                0x00000000080092c8      0xe78 Build/aes.o
 .text.GMULT    0x000000000800a140       0x8e Build/aes.o
 .text.wc_AesSetIV
                0x000000000800a1ce       0x1e Build/aes.o
                0x000000000800a1ce                wc_AesSetIV
 .text.wc_AesSetKey
                0x000000000800a1ec      0x460 Build/aes.o
                0x000000000800a1ec                wc_AesSetKey
 .text.wc_AesCbcEncrypt
                0x000000000800a64c       0x54 Build/aes.o
                0x000000000800a64c                wc_AesCbcEncrypt
 .text.wc_AesCbcDecrypt
                0x000000000800a6a0      0xe64 Build/aes.o
                0x000000000800a6a0                wc_AesCbcDecrypt
 .text.wc_AesGcmSetKey
                0x000000000800b504       0x4a Build/aes.o
                0x000000000800b504                wc_AesGcmSetKey
 .text.GHASH    0x000000000800b54e      0x156 Build/aes.o
                0x000000000800b54e                GHASH
 .text.wc_AesGcmEncrypt
                0x000000000800b6a4      0x110 Build/aes.o
                0x000000000800b6a4                wc_AesGcmEncrypt
 .text.wc_AesGcmDecrypt
                0x000000000800b7b4      0x134 Build/aes.o
                0x000000000800b7b4                wc_AesGcmDecrypt
 .text.wc_AesGcmSetIV
                0x000000000800b8e8       0x5e Build/aes.o
                0x000000000800b8e8                wc_AesGcmSetIV
 *fill*         0x000000000800b946        0x2 
 .text.wc_AesGcmEncrypt_ex
                0x000000000800b948       0xb4 Build/aes.o
                0x000000000800b948                wc_AesGcmEncrypt_ex
 .text.wc_AesInit
                0x000000000800b9fc       0x10 Build/aes.o
                0x000000000800b9fc                wc_AesInit
 .text.wc_AesFree
                0x000000000800ba0c        0x2 Build/aes.o
                0x000000000800ba0c                wc_AesFree
 .text.ByteReverseWord32
                0x000000000800ba0e        0x4 Build/des3.o
 .text.IPERM    0x000000000800ba12       0x78 Build/des3.o
 .text.FPERM    0x000000000800ba8a       0x78 Build/des3.o
 *fill*         0x000000000800bb02        0x2 
 .text.DesRawProcessBlock
                0x000000000800bb04      0x134 Build/des3.o
 .text.DesSetKey
                0x000000000800bc38      0x158 Build/des3.o
 .text.Des3ProcessBlock
                0x000000000800bd90       0x7c Build/des3.o
 .text.xorbuf.constprop.0
                0x000000000800be0c       0x68 Build/des3.o
 .text.wc_Des3_CbcEncrypt
                0x000000000800be74       0x4c Build/des3.o
                0x000000000800be74                wc_Des3_CbcEncrypt
 .text.wc_Des3_CbcDecrypt
                0x000000000800bec0       0x5a Build/des3.o
                0x000000000800bec0                wc_Des3_CbcDecrypt
 .text.wc_Des3_SetIV
                0x000000000800bf1a       0x20 Build/des3.o
                0x000000000800bf1a                wc_Des3_SetIV
 .text.wc_Des3_SetKey
                0x000000000800bf3a       0x82 Build/des3.o
                0x000000000800bf3a                wc_Des3_SetKey
 .text.wc_Des3Init
                0x000000000800bfbc       0x10 Build/des3.o
                0x000000000800bfbc                wc_Des3Init
 .text.wc_Des3Free
                0x000000000800bfcc        0x2 Build/des3.o
                0x000000000800bfcc                wc_Des3Free
 .text.wc_ecc_new_point_ex.constprop.0
                0x000000000800bfce       0x4e Build/ecc.o
 .text.wc_ecc_del_point_ex.constprop.0
                0x000000000800c01c       0x26 Build/ecc.o
 .text.ecc_point_to_mont.constprop.0
                0x000000000800c042       0xba Build/ecc.o
 .text._ecc_projective_dbl_point.constprop.0
                0x000000000800c0fc      0x27e Build/ecc.o
 .text.wc_ecc_curve_cache_load_item
                0x000000000800c37a       0x44 Build/ecc.o
 .text._ecc_projective_add_point.isra.0
                0x000000000800c3be      0x458 Build/ecc.o
 .text.wc_ecc_curve_free
                0x000000000800c816       0x90 Build/ecc.o
 .text.wc_ecc_curve_load
                0x000000000800c8a6       0xa0 Build/ecc.o
 *fill*         0x000000000800c946        0x2 
 .text.wc_ecc_set_curve
                0x000000000800c948       0x48 Build/ecc.o
                0x000000000800c948                wc_ecc_set_curve
 .text.ecc_map_ex
                0x000000000800c990      0x18c Build/ecc.o
                0x000000000800c990                ecc_map_ex
 .text.ecc_map  0x000000000800cb1c        0x6 Build/ecc.o
                0x000000000800cb1c                ecc_map
 .text.wc_ecc_copy_point
                0x000000000800cb22       0x34 Build/ecc.o
                0x000000000800cb22                wc_ecc_copy_point
 .text.wc_ecc_is_valid_idx
                0x000000000800cb56        0xc Build/ecc.o
                0x000000000800cb56                wc_ecc_is_valid_idx
 .text.wc_ecc_gen_k
                0x000000000800cb62       0x7a Build/ecc.o
                0x000000000800cb62                wc_ecc_gen_k
 .text.wc_ecc_gen_z
                0x000000000800cbdc       0xc0 Build/ecc.o
 .text.wc_ecc_init_ex
                0x000000000800cc9c       0x42 Build/ecc.o
                0x000000000800cc9c                wc_ecc_init_ex
 .text.wc_ecc_free
                0x000000000800ccde       0x28 Build/ecc.o
                0x000000000800ccde                wc_ecc_free
 .text.ecc_projective_add_point_safe
                0x000000000800cd06      0x134 Build/ecc.o
                0x000000000800cd06                ecc_projective_add_point_safe
 .text.ecc_projective_dbl_point_safe
                0x000000000800ce3a       0x38 Build/ecc.o
                0x000000000800ce3a                ecc_projective_dbl_point_safe
 .text.ecc_mulmod
                0x000000000800ce72      0x34e Build/ecc.o
 .text.wc_ecc_mulmod_ex2
                0x000000000800d1c0      0x182 Build/ecc.o
                0x000000000800d1c0                wc_ecc_mulmod_ex2
 .text.wc_ecc_shared_secret_gen_sync
                0x000000000800d342      0x12c Build/ecc.o
                0x000000000800d342                wc_ecc_shared_secret_gen_sync
 .text.wc_ecc_shared_secret_ex
                0x000000000800d46e       0x66 Build/ecc.o
                0x000000000800d46e                wc_ecc_shared_secret_ex
 .text.wc_ecc_shared_secret
                0x000000000800d4d4       0x4c Build/ecc.o
                0x000000000800d4d4                wc_ecc_shared_secret
 .text.ecc_make_pub_ex
                0x000000000800d520      0x124 Build/ecc.o
 .text._ecc_make_key_ex
                0x000000000800d644       0xc0 Build/ecc.o
 .text.wc_ecc_make_key_ex
                0x000000000800d704        0xe Build/ecc.o
                0x000000000800d704                wc_ecc_make_key_ex
 .text.wc_ecc_sign_hash_ex
                0x000000000800d712      0x2b8 Build/ecc.o
                0x000000000800d712                wc_ecc_sign_hash_ex
 .text.wc_ecc_sign_hash
                0x000000000800d9ca       0xc2 Build/ecc.o
                0x000000000800d9ca                wc_ecc_sign_hash
 .text.ecc_mul2add
                0x000000000800da8c      0x40c Build/ecc.o
                0x000000000800da8c                ecc_mul2add
 .text.wc_ecc_verify_hash_ex
                0x000000000800de98      0x306 Build/ecc.o
                0x000000000800de98                wc_ecc_verify_hash_ex
 .text.wc_ecc_verify_hash
                0x000000000800e19e      0x116 Build/ecc.o
                0x000000000800e19e                wc_ecc_verify_hash
 .text.wc_ecc_export_x963
                0x000000000800e2b4      0x104 Build/ecc.o
                0x000000000800e2b4                wc_ecc_export_x963
 .text.wc_ecc_import_x963_ex
                0x000000000800e3b8       0xde Build/ecc.o
                0x000000000800e3b8                wc_ecc_import_x963_ex
 .text.wc_ecc_import_private_key_ex
                0x000000000800e496       0x64 Build/ecc.o
                0x000000000800e496                wc_ecc_import_private_key_ex
 .text.wc_ecc_size
                0x000000000800e4fa        0xa Build/ecc.o
                0x000000000800e4fa                wc_ecc_size
 .text.wc_ecc_sig_size
                0x000000000800e504       0x86 Build/ecc.o
                0x000000000800e504                wc_ecc_sig_size
 .text.wc_ecc_set_rng
                0x000000000800e58a       0x10 Build/ecc.o
                0x000000000800e58a                wc_ecc_set_rng
 *fill*         0x000000000800e59a        0x2 
 .text.wc_ecc_get_oid
                0x000000000800e59c       0x2c Build/ecc.o
                0x000000000800e59c                wc_ecc_get_oid
 .text.HmacKeyInnerHash
                0x000000000800e5c8       0x42 Build/hmac.o
 .text._InitHmac
                0x000000000800e60a       0x40 Build/hmac.o
                0x000000000800e60a                _InitHmac
 .text.wc_HmacUpdate
                0x000000000800e64a       0x64 Build/hmac.o
                0x000000000800e64a                wc_HmacUpdate
 .text.wc_HmacFinal
                0x000000000800e6ae       0xe0 Build/hmac.o
                0x000000000800e6ae                wc_HmacFinal
 .text.wc_HmacInit
                0x000000000800e78e       0x24 Build/hmac.o
                0x000000000800e78e                wc_HmacInit
 .text.wc_HmacFree
                0x000000000800e7b2       0x38 Build/hmac.o
                0x000000000800e7b2                wc_HmacFree
 .text.wc_HmacSetKey
                0x000000000800e7ea      0x114 Build/hmac.o
                0x000000000800e7ea                wc_HmacSetKey
 .text.wc_PRF   0x000000000800e8fe      0x194 Build/kdf.o
                0x000000000800e8fe                wc_PRF
 .text.wc_PRF_TLS
                0x000000000800ea92       0x94 Build/kdf.o
                0x000000000800ea92                wc_PRF_TLS
 .text.wc_InitRng_ex
                0x000000000800eb26        0xe Build/random.o
                0x000000000800eb26                wc_InitRng_ex
 .text.wc_RNG_GenerateBlock
                0x000000000800eb34       0x2a Build/random.o
                0x000000000800eb34                wc_RNG_GenerateBlock
 .text.wc_FreeRng
                0x000000000800eb5e        0xc Build/random.o
                0x000000000800eb5e                wc_FreeRng
 .text.ByteReverseWords
                0x000000000800eb6a       0x18 Build/sha.o
 *fill*         0x000000000800eb82        0x2 
 .text.Transform
                0x000000000800eb84      0xddc Build/sha.o
 .text.wc_InitSha_ex
                0x000000000800f960       0x40 Build/sha.o
                0x000000000800f960                wc_InitSha_ex
 .text.wc_ShaUpdate
                0x000000000800f9a0       0xd0 Build/sha.o
                0x000000000800f9a0                wc_ShaUpdate
 .text.wc_ShaFinalRaw
                0x000000000800fa70       0x2c Build/sha.o
                0x000000000800fa70                wc_ShaFinalRaw
 .text.wc_ShaFinal
                0x000000000800fa9c       0xf0 Build/sha.o
                0x000000000800fa9c                wc_ShaFinal
 .text.wc_ShaFree
                0x000000000800fb8c        0x2 Build/sha.o
                0x000000000800fb8c                wc_ShaFree
 .text.wc_ShaCopy
                0x000000000800fb8e       0x1c Build/sha.o
                0x000000000800fb8e                wc_ShaCopy
 .text.wc_ShaGetHash
                0x000000000800fbaa       0x40 Build/sha.o
                0x000000000800fbaa                wc_ShaGetHash
 .text.ByteReverseWords
                0x000000000800fbea       0x18 Build/sha256.o
 *fill*         0x000000000800fc02        0x2 
 .text.Transform_Sha256
                0x000000000800fc04      0x340 Build/sha256.o
 .text.wc_InitSha256_ex
                0x000000000800ff44       0x68 Build/sha256.o
                0x000000000800ff44                wc_InitSha256_ex
 .text.wc_Sha256Update
                0x000000000800ffac       0xae Build/sha256.o
                0x000000000800ffac                wc_Sha256Update
 .text.wc_Sha256FinalRaw
                0x000000000801005a       0x2a Build/sha256.o
                0x000000000801005a                wc_Sha256FinalRaw
 .text.wc_Sha256Final
                0x0000000008010084      0x114 Build/sha256.o
                0x0000000008010084                wc_Sha256Final
 .text.wc_Sha256Free
                0x0000000008010198       0x14 Build/sha256.o
                0x0000000008010198                wc_Sha256Free
 .text.wc_Sha256Copy
                0x00000000080101ac       0x1c Build/sha256.o
                0x00000000080101ac                wc_Sha256Copy
 .text.wc_Sha256GetHash
                0x00000000080101c8       0x46 Build/sha256.o
                0x00000000080101c8                wc_Sha256GetHash
 *fill*         0x000000000801020e        0x2 
 .text.InitSha512
                0x0000000008010210       0xb8 Build/sha512.o
 .text.InitSha512_224
                0x00000000080102c8       0xb8 Build/sha512.o
 .text.InitSha512_256
                0x0000000008010380       0xb8 Build/sha512.o
 .text.ByteReverseWords64
                0x0000000008010438       0x20 Build/sha512.o
 .text.Sha512FinalRaw
                0x0000000008010458       0x2c Build/sha512.o
 .text._Transform_Sha512
                0x0000000008010484     0x1fe0 Build/sha512.o
 .text.Sha512_Family_Final
                0x0000000008012464       0xe2 Build/sha512.o
 *fill*         0x0000000008012546        0x2 
 .text.wc_Sha512Final
                0x0000000008012548        0xc Build/sha512.o
                0x0000000008012548                wc_Sha512Final
 .text.wc_Sha512_224Final
                0x0000000008012554        0xc Build/sha512.o
                0x0000000008012554                wc_Sha512_224Final
 .text.wc_Sha512_256Final
                0x0000000008012560        0xc Build/sha512.o
                0x0000000008012560                wc_Sha512_256Final
 .text.wc_InitSha512_ex
                0x000000000801256c       0x10 Build/sha512.o
                0x000000000801256c                wc_InitSha512_ex
 .text.wc_InitSha512_224_ex
                0x000000000801257c       0x10 Build/sha512.o
                0x000000000801257c                wc_InitSha512_224_ex
 .text.wc_InitSha512_256_ex
                0x000000000801258c       0x10 Build/sha512.o
                0x000000000801258c                wc_InitSha512_256_ex
 .text.wc_Sha512Update
                0x000000000801259c       0xd4 Build/sha512.o
                0x000000000801259c                wc_Sha512Update
 .text.wc_Sha512FinalRaw
                0x0000000008012670        0x6 Build/sha512.o
                0x0000000008012670                wc_Sha512FinalRaw
 .text.wc_InitSha512
                0x0000000008012676        0xa Build/sha512.o
                0x0000000008012676                wc_InitSha512
 .text.wc_Sha512Free
                0x0000000008012680       0x14 Build/sha512.o
                0x0000000008012680                wc_Sha512Free
 .text.wc_Sha512Copy
                0x0000000008012694       0x1c Build/sha512.o
                0x0000000008012694                wc_Sha512Copy
 .text.Sha512_Family_GetHash
                0x00000000080126b0       0x46 Build/sha512.o
 *fill*         0x00000000080126f6        0x2 
 .text.wc_Sha512GetHash
                0x00000000080126f8        0xc Build/sha512.o
                0x00000000080126f8                wc_Sha512GetHash
 .text.wc_InitSha512_224
                0x0000000008012704        0xa Build/sha512.o
                0x0000000008012704                wc_InitSha512_224
 .text.wc_Sha512_224Update
                0x000000000801270e        0x4 Build/sha512.o
                0x000000000801270e                wc_Sha512_224Update
 .text.wc_Sha512_224Free
                0x0000000008012712        0x4 Build/sha512.o
                0x0000000008012712                wc_Sha512_224Free
 .text.wc_InitSha512_256
                0x0000000008012716        0xa Build/sha512.o
                0x0000000008012716                wc_InitSha512_256
 .text.wc_Sha512_256Update
                0x0000000008012720        0x4 Build/sha512.o
                0x0000000008012720                wc_Sha512_256Update
 .text.wc_Sha512_256Free
                0x0000000008012724        0x4 Build/sha512.o
                0x0000000008012724                wc_Sha512_256Free
 .text.GetBoolean
                0x0000000008012728       0x36 Build/asn.o
 .text.GetTime  0x000000000801275e       0x3a Build/asn.o
 .text.CheckCurve
                0x0000000008012798       0x24 Build/asn.o
 .text.MatchBaseName
                0x00000000080127bc       0xcc Build/asn.o
 .text.IsInExcludedList
                0x0000000008012888       0x36 Build/asn.o
 .text.PermittedListOk
                0x00000000080128be       0x3c Build/asn.o
 .text.GetLength_ex
                0x00000000080128fa       0x76 Build/asn.o
                0x00000000080128fa                GetLength_ex
 .text.GetLength
                0x0000000008012970        0xe Build/asn.o
                0x0000000008012970                GetLength
 .text.GetDateInfo
                0x000000000801297e       0x84 Build/asn.o
 .text.GetASNTag
                0x0000000008012a02       0x26 Build/asn.o
                0x0000000008012a02                GetASNTag
 .text.GetASNHeader_ex
                0x0000000008012a28       0x56 Build/asn.o
 .text.GetSequence
                0x0000000008012a7e       0x16 Build/asn.o
                0x0000000008012a7e                GetSequence
 .text.GetSet   0x0000000008012a94       0x16 Build/asn.o
                0x0000000008012a94                GetSet
 .text.GetOctetString
                0x0000000008012aaa       0x16 Build/asn.o
                0x0000000008012aaa                GetOctetString
 .text.GetASNInt
                0x0000000008012ac0       0x5c Build/asn.o
                0x0000000008012ac0                GetASNInt
 .text.GetIntPositive
                0x0000000008012b1c       0x78 Build/asn.o
 .text.GetMyVersion
                0x0000000008012b94       0x4c Build/asn.o
                0x0000000008012b94                GetMyVersion
 .text.CheckBitString
                0x0000000008012be0       0xa2 Build/asn.o
                0x0000000008012be0                CheckBitString
 *fill*         0x0000000008012c82        0x2 
 .text.OidFromId
                0x0000000008012c84      0x3d4 Build/asn.o
                0x0000000008012c84                OidFromId
 .text.GetASNObjectId
                0x0000000008013058       0x1a Build/asn.o
                0x0000000008013058                GetASNObjectId
 .text.SkipObjectId
                0x0000000008013072       0x20 Build/asn.o
 .text.GetObjectId
                0x0000000008013092       0x6e Build/asn.o
                0x0000000008013092                GetObjectId
 .text.GetSigAlg
                0x0000000008013100       0x7e Build/asn.o
 .text.GetAlgoId
                0x000000000801317e       0x98 Build/asn.o
                0x000000000801317e                GetAlgoId
 .text.ToTraditionalInline_ex
                0x0000000008013216       0x9c Build/asn.o
                0x0000000008013216                ToTraditionalInline_ex
 .text.FreeAltNames
                0x00000000080132b2       0x1c Build/asn.o
                0x00000000080132b2                FreeAltNames
 .text.AltNameNew
                0x00000000080132ce       0x18 Build/asn.o
                0x00000000080132ce                AltNameNew
 .text.FreeNameSubtrees
                0x00000000080132e6       0x1c Build/asn.o
                0x00000000080132e6                FreeNameSubtrees
 *fill*         0x0000000008013302        0x2 
 .text.GetName  0x0000000008013304      0x360 Build/asn.o
                0x0000000008013304                GetName
 .text.ExtractDate
                0x0000000008013664       0xa4 Build/asn.o
                0x0000000008013664                ExtractDate
 .text.DateGreaterThan
                0x0000000008013708       0x66 Build/asn.o
                0x0000000008013708                DateGreaterThan
 *fill*         0x000000000801376e        0x2 
 .text.wc_Time  0x0000000008013770       0x1c Build/asn.o
                0x0000000008013770                wc_Time
 .text.wc_ValidateDate
                0x000000000801378c       0xa6 Build/asn.o
                0x000000000801378c                wc_ValidateDate
 .text.GetDate  0x0000000008013832       0x82 Build/asn.o
 .text.SetLength
                0x00000000080138b4       0x4c Build/asn.o
                0x00000000080138b4                SetLength
 .text.SetASNInt
                0x0000000008013900       0x32 Build/asn.o
                0x0000000008013900                SetASNInt
 .text.SetASNIntMP
                0x0000000008013932       0x64 Build/asn.o
 .text.SetHeader
                0x0000000008013996       0x16 Build/asn.o
 .text.SetSequence
                0x00000000080139ac        0xa Build/asn.o
                0x00000000080139ac                SetSequence
 .text.InitSignatureCtx
                0x00000000080139b6       0x18 Build/asn.o
                0x00000000080139b6                InitSignatureCtx
 .text.InitDecodedCert_ex
                0x00000000080139ce       0x4a Build/asn.o
                0x00000000080139ce                InitDecodedCert_ex
 .text.InitDecodedCert
                0x0000000008013a18       0x10 Build/asn.o
                0x0000000008013a18                InitDecodedCert
 .text.FreeSignatureCtx
                0x0000000008013a28       0x42 Build/asn.o
                0x0000000008013a28                FreeSignatureCtx
 .text.FreeDecodedCert
                0x0000000008013a6a       0x78 Build/asn.o
                0x0000000008013a6a                FreeDecodedCert
 *fill*         0x0000000008013ae2        0x2 
 .text.wc_CertGetPubKey
                0x0000000008013ae4       0x94 Build/asn.o
                0x0000000008013ae4                wc_CertGetPubKey
 .text.MakeSigner
                0x0000000008013b78       0x18 Build/asn.o
                0x0000000008013b78                MakeSigner
 .text.FreeSigner
                0x0000000008013b90       0x34 Build/asn.o
                0x0000000008013b90                FreeSigner
 .text.FreeSignerTable
                0x0000000008013bc4       0x2e Build/asn.o
                0x0000000008013bc4                FreeSignerTable
 .text.wc_GetSerialNumber
                0x0000000008013bf2       0x58 Build/asn.o
                0x0000000008013bf2                wc_GetSerialNumber
 .text.wc_GetPubX509
                0x0000000008013c4a      0x158 Build/asn.o
                0x0000000008013c4a                wc_GetPubX509
 .text.DecodeToKey
                0x0000000008013da2      0x182 Build/asn.o
                0x0000000008013da2                DecodeToKey
 .text.AllocDer
                0x0000000008013f24       0x5c Build/asn.o
                0x0000000008013f24                AllocDer
 .text.FreeDer  0x0000000008013f80       0x34 Build/asn.o
                0x0000000008013f80                FreeDer
 .text.StoreECC_DSA_Sig
                0x0000000008013fb4       0x78 Build/asn.o
                0x0000000008013fb4                StoreECC_DSA_Sig
 .text.DecodeECC_DSA_Sig_Ex
                0x000000000801402c       0x7c Build/asn.o
                0x000000000801402c                DecodeECC_DSA_Sig_Ex
 .text.wc_EccPrivateKeyDecode
                0x00000000080140a8      0x1c2 Build/asn.o
                0x00000000080140a8                wc_EccPrivateKeyDecode
 .text.wc_EccPublicKeyDecode
                0x000000000801426a      0x184 Build/asn.o
                0x000000000801426a                wc_EccPublicKeyDecode
 *fill*         0x00000000080143ee        0x2 
 .text.ParseCertRelative
                0x00000000080143f0     0x125c Build/asn.o
                0x00000000080143f0                ParseCertRelative
 .text.ParseCert
                0x000000000801564c       0x70 Build/asn.o
                0x000000000801564c                ParseCert
 .text.DecodeAsymKey
                0x00000000080156bc      0x14e Build/asn.o
                0x00000000080156bc                DecodeAsymKey
 .text.wc_Ed25519PrivateKeyDecode
                0x000000000801580a       0x58 Build/asn.o
                0x000000000801580a                wc_Ed25519PrivateKeyDecode
 .text.curve25519_copy_point
                0x0000000008015862       0x26 Build/curve25519.o
 .text.wc_curve25519_make_pub
                0x0000000008015888       0x3c Build/curve25519.o
                0x0000000008015888                wc_curve25519_make_pub
 .text.wc_curve25519_make_priv
                0x00000000080158c4       0x38 Build/curve25519.o
                0x00000000080158c4                wc_curve25519_make_priv
 .text.wc_curve25519_make_key
                0x00000000080158fc       0x48 Build/curve25519.o
                0x00000000080158fc                wc_curve25519_make_key
 .text.wc_curve25519_shared_secret_ex
                0x0000000008015944       0x80 Build/curve25519.o
                0x0000000008015944                wc_curve25519_shared_secret_ex
 .text.wc_curve25519_export_public_ex
                0x00000000080159c4       0x6e Build/curve25519.o
                0x00000000080159c4                wc_curve25519_export_public_ex
 *fill*         0x0000000008015a32        0x2 
 .text.wc_curve25519_import_public_ex
                0x0000000008015a34       0x3c Build/curve25519.o
                0x0000000008015a34                wc_curve25519_import_public_ex
 .text.wc_curve25519_check_public
                0x0000000008015a70       0xa6 Build/curve25519.o
                0x0000000008015a70                wc_curve25519_check_public
 *fill*         0x0000000008015b16        0x2 
 .text.wc_curve25519_init_ex
                0x0000000008015b18       0x24 Build/curve25519.o
                0x0000000008015b18                wc_curve25519_init_ex
 .text.wc_curve25519_free
                0x0000000008015b3c       0x36 Build/curve25519.o
                0x0000000008015b3c                wc_curve25519_free
 .text.ed25519_hash_init
                0x0000000008015b72       0x20 Build/ed25519.o
 .text.ed25519_hash
                0x0000000008015b92       0x44 Build/ed25519.o
 .text.wc_ed25519_make_public
                0x0000000008015bd6       0x70 Build/ed25519.o
                0x0000000008015bd6                wc_ed25519_make_public
 *fill*         0x0000000008015c46        0x2 
 .text.wc_ed25519_sign_msg_ex
                0x0000000008015c48      0x1f8 Build/ed25519.o
                0x0000000008015c48                wc_ed25519_sign_msg_ex
 .text.wc_ed25519_sign_msg
                0x0000000008015e40       0x18 Build/ed25519.o
                0x0000000008015e40                wc_ed25519_sign_msg
 .text.wc_ed25519_verify_msg_ex
                0x0000000008015e58      0x1b0 Build/ed25519.o
                0x0000000008015e58                wc_ed25519_verify_msg_ex
 .text.wc_ed25519_verify_msg
                0x0000000008016008       0x1e Build/ed25519.o
                0x0000000008016008                wc_ed25519_verify_msg
 .text.wc_ed25519_init_ex
                0x0000000008016026       0x20 Build/ed25519.o
                0x0000000008016026                wc_ed25519_init_ex
 .text.wc_ed25519_free
                0x0000000008016046       0x14 Build/ed25519.o
                0x0000000008016046                wc_ed25519_free
 .text.wc_ed25519_check_key
                0x000000000801605a       0x2c Build/ed25519.o
                0x000000000801605a                wc_ed25519_check_key
 .text.wc_ed25519_import_public_ex
                0x0000000008016086       0x8a Build/ed25519.o
                0x0000000008016086                wc_ed25519_import_public_ex
 .text.wc_ed25519_import_public
                0x0000000008016110        0x6 Build/ed25519.o
                0x0000000008016110                wc_ed25519_import_public
 .text.wc_ed25519_import_private_key_ex
                0x0000000008016116       0x8a Build/ed25519.o
                0x0000000008016116                wc_ed25519_import_private_key_ex
 .text.wc_ed25519_import_private_key
                0x00000000080161a0       0x12 Build/ed25519.o
                0x00000000080161a0                wc_ed25519_import_private_key
 .text.wc_ed25519_import_private_only
                0x00000000080161b2       0x5a Build/ed25519.o
                0x00000000080161b2                wc_ed25519_import_private_only
 .text.load_3   0x000000000801620c       0x14 Build/fe_operations.o
                0x000000000801620c                load_3
 .text.load_4   0x0000000008016220        0x6 Build/fe_operations.o
                0x0000000008016220                load_4
 .text.fe_1     0x0000000008016226       0x1a Build/fe_operations.o
                0x0000000008016226                fe_1
 .text.fe_0     0x0000000008016240       0x18 Build/fe_operations.o
                0x0000000008016240                fe_0
 .text.fe_init  0x0000000008016258        0x2 Build/fe_operations.o
                0x0000000008016258                fe_init
 .text.fe_sq    0x000000000801625a      0x3b0 Build/fe_operations.o
                0x000000000801625a                fe_sq
 .text.fe_add   0x000000000801660a       0x62 Build/fe_operations.o
                0x000000000801660a                fe_add
 .text.fe_tobytes
                0x000000000801666c      0x162 Build/fe_operations.o
                0x000000000801666c                fe_tobytes
 .text.fe_sub   0x00000000080167ce       0x62 Build/fe_operations.o
                0x00000000080167ce                fe_sub
 .text.fe_frombytes
                0x0000000008016830      0x214 Build/fe_operations.o
                0x0000000008016830                fe_frombytes
 .text.fe_copy  0x0000000008016a44       0x30 Build/fe_operations.o
                0x0000000008016a44                fe_copy
 .text.fe_mul   0x0000000008016a74      0x584 Build/fe_operations.o
                0x0000000008016a74                fe_mul
 .text.fe_invert
                0x0000000008016ff8      0x174 Build/fe_operations.o
                0x0000000008016ff8                fe_invert
 .text.fe_cswap
                0x000000000801716c      0x160 Build/fe_operations.o
                0x000000000801716c                fe_cswap
 .text.fe_mul121666
                0x00000000080172cc      0x1ac Build/fe_operations.o
                0x00000000080172cc                fe_mul121666
 .text.curve25519
                0x0000000008017478      0x192 Build/fe_operations.o
                0x0000000008017478                curve25519
 .text.fe_sq2   0x000000000801760a      0x412 Build/fe_operations.o
                0x000000000801760a                fe_sq2
 .text.fe_pow22523
                0x0000000008017a1c      0x164 Build/fe_operations.o
                0x0000000008017a1c                fe_pow22523
 .text.fe_neg   0x0000000008017b80       0x4a Build/fe_operations.o
                0x0000000008017b80                fe_neg
 *fill*         0x0000000008017bca        0x2 
 .text.fe_isnonzero
                0x0000000008017bcc       0x30 Build/fe_operations.o
                0x0000000008017bcc                fe_isnonzero
 .text.fe_isnegative
                0x0000000008017bfc       0x1a Build/fe_operations.o
                0x0000000008017bfc                fe_isnegative
 .text.fe_cmov  0x0000000008017c16       0xba Build/fe_operations.o
                0x0000000008017c16                fe_cmov
 .text.slide    0x0000000008017cd0       0x98 Build/ge_operations.o
 .text.ge_p1p1_to_p2
                0x0000000008017d68       0x32 Build/ge_operations.o
 .text.ge_madd  0x0000000008017d9a       0x8c Build/ge_operations.o
 .text.ge_p1p1_to_p3
                0x0000000008017e26       0x42 Build/ge_operations.o
 .text.ge_add   0x0000000008017e68       0x98 Build/ge_operations.o
 .text.ge_p3_to_cached
                0x0000000008017f00       0x40 Build/ge_operations.o
 .text.ge_p2_dbl
                0x0000000008017f40       0x70 Build/ge_operations.o
 .text.ge_p3_dbl
                0x0000000008017fb0       0x2e Build/ge_operations.o
 .text.cmov     0x0000000008017fde       0x34 Build/ge_operations.o
 *fill*         0x0000000008018012        0x2 
 .text.ge_select
                0x0000000008018014       0xe0 Build/ge_operations.o
 .text.sc_reduce
                0x00000000080180f4      0xbf8 Build/ge_operations.o
                0x00000000080180f4                sc_reduce
 .text.sc_muladd
                0x0000000008018cec     0x14d8 Build/ge_operations.o
                0x0000000008018cec                sc_muladd
 .text.ge_scalarmult_base
                0x000000000801a1c4      0x12c Build/ge_operations.o
                0x000000000801a1c4                ge_scalarmult_base
 .text.ge_double_scalarmult_vartime
                0x000000000801a2f0      0x3e8 Build/ge_operations.o
                0x000000000801a2f0                ge_double_scalarmult_vartime
 .text.ge_frombytes_negate_vartime
                0x000000000801a6d8      0x104 Build/ge_operations.o
                0x000000000801a6d8                ge_frombytes_negate_vartime
 .text.ge_tobytes
                0x000000000801a7dc       0x40 Build/ge_operations.o
                0x000000000801a7dc                ge_tobytes
 .text.ge_compress_key
                0x000000000801a81c       0x54 Build/ge_operations.o
                0x000000000801a81c                ge_compress_key
 .text.wc_HashGetDigestSize
                0x000000000801a870       0x18 Build/hash.o
                0x000000000801a870                wc_HashGetDigestSize
 .text.wc_HashGetBlockSize
                0x000000000801a888       0x18 Build/hash.o
                0x000000000801a888                wc_HashGetBlockSize
 .text.wc_HashInit_ex
                0x000000000801a8a0       0x50 Build/hash.o
                0x000000000801a8a0                wc_HashInit_ex
 .text.wc_HashInit
                0x000000000801a8f0        0xa Build/hash.o
                0x000000000801a8f0                wc_HashInit
 .text.wc_HashUpdate
                0x000000000801a8fa       0x54 Build/hash.o
                0x000000000801a8fa                wc_HashUpdate
 .text.wc_HashFinal
                0x000000000801a94e       0x42 Build/hash.o
                0x000000000801a94e                wc_HashFinal
 .text.wc_HashFree
                0x000000000801a990       0x4a Build/hash.o
                0x000000000801a990                wc_HashFree
 .text.wc_ShaHash
                0x000000000801a9da       0x52 Build/hash.o
                0x000000000801a9da                wc_ShaHash
 .text.wc_Sha256Hash
                0x000000000801aa2c       0x52 Build/hash.o
                0x000000000801aa2c                wc_Sha256Hash
 .text.wc_Sha512Hash
                0x000000000801aa7e       0x4c Build/hash.o
                0x000000000801aa7e                wc_Sha512Hash
 .text.wc_Sha512_224Hash
                0x000000000801aaca       0x4c Build/hash.o
                0x000000000801aaca                wc_Sha512_224Hash
 .text.wc_Sha512_256Hash
                0x000000000801ab16       0x4c Build/hash.o
                0x000000000801ab16                wc_Sha512_256Hash
 .text.wc_Hash  0x000000000801ab62       0x76 Build/hash.o
                0x000000000801ab62                wc_Hash
 .text.fp_cond_swap_ct_ex
                0x000000000801abd8       0x78 Build/tfm.o
 .text.fp_sqr_comba8
                0x000000000801ac50      0x458 Build/tfm.o
                0x000000000801ac50                fp_sqr_comba8
 .text.fp_mul_comba8
                0x000000000801b0a8      0x4be Build/tfm.o
                0x000000000801b0a8                fp_mul_comba8
 .text.s_fp_add
                0x000000000801b566       0x8e Build/tfm.o
                0x000000000801b566                s_fp_add
 .text.s_fp_sub
                0x000000000801b5f4       0x92 Build/tfm.o
                0x000000000801b5f4                s_fp_sub
 .text.fp_mul_2
                0x000000000801b686       0x6a Build/tfm.o
                0x000000000801b686                fp_mul_2
 .text.fp_mul_d
                0x000000000801b6f0       0x7e Build/tfm.o
                0x000000000801b6f0                fp_mul_d
 .text.fp_div_2
                0x000000000801b76e       0x6a Build/tfm.o
                0x000000000801b76e                fp_div_2
 .text.fp_div_2_mod_ct
                0x000000000801b7d8       0x98 Build/tfm.o
                0x000000000801b7d8                fp_div_2_mod_ct
 .text.fp_submod_ct
                0x000000000801b870       0xa2 Build/tfm.o
                0x000000000801b870                fp_submod_ct
 .text.fp_addmod_ct
                0x000000000801b912       0xbe Build/tfm.o
                0x000000000801b912                fp_addmod_ct
 .text.fp_cmp_d
                0x000000000801b9d0       0x32 Build/tfm.o
                0x000000000801b9d0                fp_cmp_d
 .text.fp_cmp_mag
                0x000000000801ba02       0x36 Build/tfm.o
                0x000000000801ba02                fp_cmp_mag
 .text.fp_add   0x000000000801ba38       0x44 Build/tfm.o
                0x000000000801ba38                fp_add
 .text.fp_sub   0x000000000801ba7c       0x42 Build/tfm.o
                0x000000000801ba7c                fp_sub
 .text.fp_cmp   0x000000000801babe       0x2a Build/tfm.o
                0x000000000801babe                fp_cmp
 .text.fp_montgomery_setup
                0x000000000801bae8       0x36 Build/tfm.o
                0x000000000801bae8                fp_montgomery_setup
 .text.fp_montgomery_reduce_ex
                0x000000000801bb1e      0x14a Build/tfm.o
                0x000000000801bb1e                fp_montgomery_reduce_ex
 .text.fp_montgomery_reduce
                0x000000000801bc68        0x6 Build/tfm.o
                0x000000000801bc68                fp_montgomery_reduce
 .text.fp_to_unsigned_bin_at_pos
                0x000000000801bc6e       0x40 Build/tfm.o
                0x000000000801bc6e                fp_to_unsigned_bin_at_pos
 .text.fp_is_bit_set
                0x000000000801bcae       0x30 Build/tfm.o
                0x000000000801bcae                fp_is_bit_set
 .text.fp_count_bits
                0x000000000801bcde       0x1a Build/tfm.o
                0x000000000801bcde                fp_count_bits
 .text.fp_unsigned_bin_size
                0x000000000801bcf8       0x1a Build/tfm.o
                0x000000000801bcf8                fp_unsigned_bin_size
 .text.fp_leading_bit
                0x000000000801bd12       0x22 Build/tfm.o
                0x000000000801bd12                fp_leading_bit
 .text.fp_lshd  0x000000000801bd34       0x68 Build/tfm.o
                0x000000000801bd34                fp_lshd
 .text.fp_zero  0x000000000801bd9c        0xe Build/tfm.o
                0x000000000801bd9c                fp_zero
 .text.fp_2expt
                0x000000000801bdaa       0x28 Build/tfm.o
                0x000000000801bdaa                fp_2expt
 .text.fp_read_unsigned_bin
                0x000000000801bdd2       0x4a Build/tfm.o
                0x000000000801bdd2                fp_read_unsigned_bin
 .text.fp_set   0x000000000801be1c       0x16 Build/tfm.o
                0x000000000801be1c                fp_set
 .text.fp_montgomery_calc_normalization
                0x000000000801be32       0x6e Build/tfm.o
                0x000000000801be32                fp_montgomery_calc_normalization
 .text.fp_rshd  0x000000000801bea0       0x56 Build/tfm.o
                0x000000000801bea0                fp_rshd
 .text.fp_rshb  0x000000000801bef6       0x66 Build/tfm.o
                0x000000000801bef6                fp_rshb
 .text.fp_sub_d
                0x000000000801bf5c       0x3a Build/tfm.o
                0x000000000801bf5c                fp_sub_d
 .text.mp_init  0x000000000801bf96        0xc Build/tfm.o
                0x000000000801bf96                mp_init
 .text.fp_forcezero
                0x000000000801bfa2       0x1a Build/tfm.o
                0x000000000801bfa2                fp_forcezero
 .text.mp_forcezero
                0x000000000801bfbc        0x4 Build/tfm.o
                0x000000000801bfbc                mp_forcezero
 .text.mp_clear
                0x000000000801bfc0        0x8 Build/tfm.o
                0x000000000801bfc0                mp_clear
 .text.mp_free  0x000000000801bfc8        0x2 Build/tfm.o
                0x000000000801bfc8                mp_free
 .text.mp_init_multi
                0x000000000801bfca       0x46 Build/tfm.o
                0x000000000801bfca                mp_init_multi
 .text.mp_sub   0x000000000801c010        0x4 Build/tfm.o
                0x000000000801c010                mp_sub
 .text.mp_submod_ct
                0x000000000801c014        0x4 Build/tfm.o
                0x000000000801c014                mp_submod_ct
 .text.mp_addmod_ct
                0x000000000801c018        0x4 Build/tfm.o
                0x000000000801c018                mp_addmod_ct
 .text.mp_cmp   0x000000000801c01c        0x4 Build/tfm.o
                0x000000000801c01c                mp_cmp
 .text.mp_cmp_d
                0x000000000801c020        0x4 Build/tfm.o
                0x000000000801c020                mp_cmp_d
 .text.mp_unsigned_bin_size
                0x000000000801c024        0x4 Build/tfm.o
                0x000000000801c024                mp_unsigned_bin_size
 .text.mp_read_unsigned_bin
                0x000000000801c028        0x4 Build/tfm.o
                0x000000000801c028                mp_read_unsigned_bin
 .text.mp_sub_d
                0x000000000801c02c        0x4 Build/tfm.o
                0x000000000801c02c                mp_sub_d
 .text.fp_copy  0x000000000801c030       0x1e Build/tfm.o
                0x000000000801c030                fp_copy
 .text.fp_mul_2d
                0x000000000801c04e       0x8a Build/tfm.o
                0x000000000801c04e                fp_mul_2d
 .text.fp_mul_comba
                0x000000000801c0d8      0x100 Build/tfm.o
                0x000000000801c0d8                fp_mul_comba
 .text.fp_mul   0x000000000801c1d8       0x52 Build/tfm.o
                0x000000000801c1d8                fp_mul
 .text.mp_mul   0x000000000801c22a        0x4 Build/tfm.o
                0x000000000801c22a                mp_mul
 .text.fp_mod_2d
                0x000000000801c22e       0xc6 Build/tfm.o
                0x000000000801c22e                fp_mod_2d
 .text.fp_div_2d
                0x000000000801c2f4       0x72 Build/tfm.o
                0x000000000801c2f4                fp_div_2d
 .text.fp_div   0x000000000801c366      0x328 Build/tfm.o
                0x000000000801c366                fp_div
 .text.fp_mod   0x000000000801c68e       0x58 Build/tfm.o
                0x000000000801c68e                fp_mod
 .text.fp_mulmod
                0x000000000801c6e6       0x46 Build/tfm.o
                0x000000000801c6e6                fp_mulmod
 .text.mp_mulmod
                0x000000000801c72c        0x4 Build/tfm.o
                0x000000000801c72c                mp_mulmod
 .text.mp_mod   0x000000000801c730        0x4 Build/tfm.o
                0x000000000801c730                mp_mod
 .text.fp_invmod
                0x000000000801c734      0x470 Build/tfm.o
                0x000000000801c734                fp_invmod
 .text.mp_invmod
                0x000000000801cba4        0x4 Build/tfm.o
                0x000000000801cba4                mp_invmod
 .text.fp_sqr_comba
                0x000000000801cba8      0x12c Build/tfm.o
                0x000000000801cba8                fp_sqr_comba
 .text.fp_sqr   0x000000000801ccd4       0x3c Build/tfm.o
                0x000000000801ccd4                fp_sqr
 .text.fp_invmod_mont_ct
                0x000000000801cd10      0x1b2 Build/tfm.o
                0x000000000801cd10                fp_invmod_mont_ct
 .text.mp_invmod_mont_ct
                0x000000000801cec2        0x4 Build/tfm.o
                0x000000000801cec2                mp_invmod_mont_ct
 .text.fp_init_copy
                0x000000000801cec6       0x1c Build/tfm.o
                0x000000000801cec6                fp_init_copy
 .text.fp_to_unsigned_bin
                0x000000000801cee2       0x38 Build/tfm.o
                0x000000000801cee2                fp_to_unsigned_bin
 .text.mp_to_unsigned_bin
                0x000000000801cf1a        0x4 Build/tfm.o
                0x000000000801cf1a                mp_to_unsigned_bin
 .text.mp_copy  0x000000000801cf1e        0xa Build/tfm.o
                0x000000000801cf1e                mp_copy
 .text.mp_iszero
                0x000000000801cf28        0xa Build/tfm.o
                0x000000000801cf28                mp_iszero
 .text.mp_count_bits
                0x000000000801cf32        0x4 Build/tfm.o
                0x000000000801cf32                mp_count_bits
 .text.mp_leading_bit
                0x000000000801cf36        0x4 Build/tfm.o
                0x000000000801cf36                mp_leading_bit
 .text.mp_rshb  0x000000000801cf3a        0x4 Build/tfm.o
                0x000000000801cf3a                mp_rshb
 .text.mp_montgomery_calc_normalization
                0x000000000801cf3e        0x4 Build/tfm.o
                0x000000000801cf3e                mp_montgomery_calc_normalization
 .text.mp_cond_swap_ct_ex
                0x000000000801cf42        0x4 Build/tfm.o
                0x000000000801cf42                mp_cond_swap_ct_ex
 .text.fp_add_d
                0x000000000801cf46       0x3a Build/tfm.o
                0x000000000801cf46                fp_add_d
 .text.mp_read_radix
                0x000000000801cf80      0x128 Build/tfm.o
                0x000000000801cf80                mp_read_radix
 .text.mp_sqr   0x000000000801d0a8        0x4 Build/tfm.o
                0x000000000801d0a8                mp_sqr
 .text.mp_montgomery_reduce
                0x000000000801d0ac        0x4 Build/tfm.o
                0x000000000801d0ac                mp_montgomery_reduce
 .text.mp_montgomery_setup
                0x000000000801d0b0        0x4 Build/tfm.o
                0x000000000801d0b0                mp_montgomery_setup
 .text.mp_div_2_mod_ct
                0x000000000801d0b4        0x4 Build/tfm.o
                0x000000000801d0b4                mp_div_2_mod_ct
 .text.mp_set   0x000000000801d0b8        0xa Build/tfm.o
                0x000000000801d0b8                mp_set
 *fill*         0x000000000801d0c2        0x2 
 .text.wolfCrypt_Init
                0x000000000801d0c4       0x14 Build/wc_port.o
                0x000000000801d0c4                wolfCrypt_Init
 .text.wolfCrypt_Cleanup
                0x000000000801d0d8       0x1c Build/wc_port.o
                0x000000000801d0d8                wolfCrypt_Cleanup
 .text.wc_InitMutex
                0x000000000801d0f4        0x4 Build/wc_port.o
                0x000000000801d0f4                wc_InitMutex
 .text.wc_FreeMutex
                0x000000000801d0f8        0x4 Build/wc_port.o
                0x000000000801d0f8                wc_FreeMutex
 .text.wc_LockMutex
                0x000000000801d0fc        0x4 Build/wc_port.o
                0x000000000801d0fc                wc_LockMutex
 .text.wc_UnLockMutex
                0x000000000801d100        0x4 Build/wc_port.o
                0x000000000801d100                wc_UnLockMutex
 .text.gmtime   0x000000000801d104      0x10c Build/wc_port.o
                0x000000000801d104                gmtime
 .text.mp_reverse
                0x000000000801d210       0x24 Build/wolfmath.o
                0x000000000801d210                mp_reverse
 .text.get_digit_count
                0x000000000801d234        0x6 Build/wolfmath.o
                0x000000000801d234                get_digit_count
 .text.get_digit
                0x000000000801d23a       0x18 Build/wolfmath.o
                0x000000000801d23a                get_digit
 .text.mp_cond_copy
                0x000000000801d252       0xa2 Build/wolfmath.o
                0x000000000801d252                mp_cond_copy
 .text          0x000000000801d2f4       0x30 /usr/share/gcc-arm-none-eabi-10.3-2021.10/bin/../lib/gcc/arm-none-eabi/10.3.1/thumb/v7e-m/nofp/libgcc.a(_aeabi_uldivmod.o)
                0x000000000801d2f4                __aeabi_uldivmod
 .text          0x000000000801d324      0x2d0 /usr/share/gcc-arm-none-eabi-10.3-2021.10/bin/../lib/gcc/arm-none-eabi/10.3.1/thumb/v7e-m/nofp/libgcc.a(_udivmoddi4.o)
                0x000000000801d324                __udivmoddi4
 .text          0x000000000801d5f4        0x4 /usr/share/gcc-arm-none-eabi-10.3-2021.10/bin/../lib/gcc/arm-none-eabi/10.3.1/thumb/v7e-m/nofp/libgcc.a(_dvmd_tls.o)
                0x000000000801d5f4                __aeabi_ldiv0
                0x000000000801d5f4                __aeabi_idiv0
 .text.__sflush_r
                0x000000000801d5f8      0x104 /usr/share/gcc-arm-none-eabi-10.3-2021.10/bin/../lib/gcc/arm-none-eabi/10.3.1/../../../../arm-none-eabi/lib/thumb/v7e-m/nofp/libg_nano.a(lib_a-fflush.o)
                0x000000000801d5f8                __sflush_r
 .text._fflush_r
                0x000000000801d6fc       0x78 /usr/share/gcc-arm-none-eabi-10.3-2021.10/bin/../lib/gcc/arm-none-eabi/10.3.1/../../../../arm-none-eabi/lib/thumb/v7e-m/nofp/libg_nano.a(lib_a-fflush.o)
                0x000000000801d6fc                _fflush_r
 .text.std      0x000000000801d774       0x48 /usr/share/gcc-arm-none-eabi-10.3-2021.10/bin/../lib/gcc/arm-none-eabi/10.3.1/../../../../arm-none-eabi/lib/thumb/v7e-m/nofp/libg_nano.a(lib_a-findfp.o)
 .text._cleanup_r
                0x000000000801d7bc        0xc /usr/share/gcc-arm-none-eabi-10.3-2021.10/bin/../lib/gcc/arm-none-eabi/10.3.1/../../../../arm-none-eabi/lib/thumb/v7e-m/nofp/libg_nano.a(lib_a-findfp.o)
                0x000000000801d7bc                _cleanup_r
 .text.__sfmoreglue
                0x000000000801d7c8       0x2c /usr/share/gcc-arm-none-eabi-10.3-2021.10/bin/../lib/gcc/arm-none-eabi/10.3.1/../../../../arm-none-eabi/lib/thumb/v7e-m/nofp/libg_nano.a(lib_a-findfp.o)
                0x000000000801d7c8                __sfmoreglue
 .text.__sfp_lock_acquire
                0x000000000801d7f4        0xc /usr/share/gcc-arm-none-eabi-10.3-2021.10/bin/../lib/gcc/arm-none-eabi/10.3.1/../../../../arm-none-eabi/lib/thumb/v7e-m/nofp/libg_nano.a(lib_a-findfp.o)
                0x000000000801d7f4                __sfp_lock_acquire
 .text.__sfp_lock_release
                0x000000000801d800        0xc /usr/share/gcc-arm-none-eabi-10.3-2021.10/bin/../lib/gcc/arm-none-eabi/10.3.1/../../../../arm-none-eabi/lib/thumb/v7e-m/nofp/libg_nano.a(lib_a-findfp.o)
                0x000000000801d800                __sfp_lock_release
 .text.__sinit_lock_acquire
                0x000000000801d80c        0xc /usr/share/gcc-arm-none-eabi-10.3-2021.10/bin/../lib/gcc/arm-none-eabi/10.3.1/../../../../arm-none-eabi/lib/thumb/v7e-m/nofp/libg_nano.a(lib_a-findfp.o)
                0x000000000801d80c                __sinit_lock_acquire
 .text.__sinit_lock_release
                0x000000000801d818        0xc /usr/share/gcc-arm-none-eabi-10.3-2021.10/bin/../lib/gcc/arm-none-eabi/10.3.1/../../../../arm-none-eabi/lib/thumb/v7e-m/nofp/libg_nano.a(lib_a-findfp.o)
                0x000000000801d818                __sinit_lock_release
 .text.__sinit  0x000000000801d824       0x70 /usr/share/gcc-arm-none-eabi-10.3-2021.10/bin/../lib/gcc/arm-none-eabi/10.3.1/../../../../arm-none-eabi/lib/thumb/v7e-m/nofp/libg_nano.a(lib_a-findfp.o)
                0x000000000801d824                __sinit
 .text.__sfp    0x000000000801d894       0x8c /usr/share/gcc-arm-none-eabi-10.3-2021.10/bin/../lib/gcc/arm-none-eabi/10.3.1/../../../../arm-none-eabi/lib/thumb/v7e-m/nofp/libg_nano.a(lib_a-findfp.o)
                0x000000000801d894                __sfp
 .text._fwalk_reent
                0x000000000801d920       0x3e /usr/share/gcc-arm-none-eabi-10.3-2021.10/bin/../lib/gcc/arm-none-eabi/10.3.1/../../../../arm-none-eabi/lib/thumb/v7e-m/nofp/libg_nano.a(lib_a-fwalk.o)
                0x000000000801d920                _fwalk_reent
 .text.__retarget_lock_init_recursive
                0x000000000801d95e        0x2 /usr/share/gcc-arm-none-eabi-10.3-2021.10/bin/../lib/gcc/arm-none-eabi/10.3.1/../../../../arm-none-eabi/lib/thumb/v7e-m/nofp/libg_nano.a(lib_a-lock.o)
                0x000000000801d95e                __retarget_lock_init_recursive
 .text.__retarget_lock_acquire_recursive
                0x000000000801d960        0x2 /usr/share/gcc-arm-none-eabi-10.3-2021.10/bin/../lib/gcc/arm-none-eabi/10.3.1/../../../../arm-none-eabi/lib/thumb/v7e-m/nofp/libg_nano.a(lib_a-lock.o)
                0x000000000801d960                __retarget_lock_acquire_recursive
 .text.__retarget_lock_release_recursive
                0x000000000801d962        0x2 /usr/share/gcc-arm-none-eabi-10.3-2021.10/bin/../lib/gcc/arm-none-eabi/10.3.1/../../../../arm-none-eabi/lib/thumb/v7e-m/nofp/libg_nano.a(lib_a-lock.o)
                0x000000000801d962                __retarget_lock_release_recursive
 .text.malloc   0x000000000801d964       0x10 /usr/share/gcc-arm-none-eabi-10.3-2021.10/bin/../lib/gcc/arm-none-eabi/10.3.1/../../../../arm-none-eabi/lib/thumb/v7e-m/nofp/libg_nano.a(lib_a-malloc.o)
                0x000000000801d964                malloc
 .text.free     0x000000000801d974       0x10 /usr/share/gcc-arm-none-eabi-10.3-2021.10/bin/../lib/gcc/arm-none-eabi/10.3.1/../../../../arm-none-eabi/lib/thumb/v7e-m/nofp/libg_nano.a(lib_a-malloc.o)
                0x000000000801d974                free
 .text.memcmp   0x000000000801d984       0x20 /usr/share/gcc-arm-none-eabi-10.3-2021.10/bin/../lib/gcc/arm-none-eabi/10.3.1/../../../../arm-none-eabi/lib/thumb/v7e-m/nofp/libg_nano.a(lib_a-memcmp.o)
                0x000000000801d984                memcmp
 .text.memcpy   0x000000000801d9a4       0x1c /usr/share/gcc-arm-none-eabi-10.3-2021.10/bin/../lib/gcc/arm-none-eabi/10.3.1/../../../../arm-none-eabi/lib/thumb/v7e-m/nofp/libg_nano.a(lib_a-memcpy-stub.o)
                0x000000000801d9a4                memcpy
 .text.memmove  0x000000000801d9c0       0x34 /usr/share/gcc-arm-none-eabi-10.3-2021.10/bin/../lib/gcc/arm-none-eabi/10.3.1/../../../../arm-none-eabi/lib/thumb/v7e-m/nofp/libg_nano.a(lib_a-memmove.o)
                0x000000000801d9c0                memmove
 .text.memset   0x000000000801d9f4       0x10 /usr/share/gcc-arm-none-eabi-10.3-2021.10/bin/../lib/gcc/arm-none-eabi/10.3.1/../../../../arm-none-eabi/lib/thumb/v7e-m/nofp/libg_nano.a(lib_a-memset.o)
                0x000000000801d9f4                memset
 .text._free_r  0x000000000801da04       0x94 /usr/share/gcc-arm-none-eabi-10.3-2021.10/bin/../lib/gcc/arm-none-eabi/10.3.1/../../../../arm-none-eabi/lib/thumb/v7e-m/nofp/libg_nano.a(lib_a-nano-freer.o)
                0x000000000801da04                _free_r
 .text.sbrk_aligned
                0x000000000801da98       0x40 /usr/share/gcc-arm-none-eabi-10.3-2021.10/bin/../lib/gcc/arm-none-eabi/10.3.1/../../../../arm-none-eabi/lib/thumb/v7e-m/nofp/libg_nano.a(lib_a-nano-mallocr.o)
 .text._malloc_r
                0x000000000801dad8       0xe8 /usr/share/gcc-arm-none-eabi-10.3-2021.10/bin/../lib/gcc/arm-none-eabi/10.3.1/../../../../arm-none-eabi/lib/thumb/v7e-m/nofp/libg_nano.a(lib_a-nano-mallocr.o)
                0x000000000801dad8                _malloc_r
 .text.printf   0x000000000801dbc0       0x30 /usr/share/gcc-arm-none-eabi-10.3-2021.10/bin/../lib/gcc/arm-none-eabi/10.3.1/../../../../arm-none-eabi/lib/thumb/v7e-m/nofp/libg_nano.a(lib_a-printf.o)
                0x000000000801dbc0                printf
                0x000000000801dbc0                iprintf
 .text._sbrk_r  0x000000000801dbf0       0x20 /usr/share/gcc-arm-none-eabi-10.3-2021.10/bin/../lib/gcc/arm-none-eabi/10.3.1/../../../../arm-none-eabi/lib/thumb/v7e-m/nofp/libg_nano.a(lib_a-sbrkr.o)
                0x000000000801dbf0                _sbrk_r
 .text.__sread  0x000000000801dc10       0x22 /usr/share/gcc-arm-none-eabi-10.3-2021.10/bin/../lib/gcc/arm-none-eabi/10.3.1/../../../../arm-none-eabi/lib/thumb/v7e-m/nofp/libg_nano.a(lib_a-stdio.o)
                0x000000000801dc10                __sread
 .text.__swrite
                0x000000000801dc32       0x38 /usr/share/gcc-arm-none-eabi-10.3-2021.10/bin/../lib/gcc/arm-none-eabi/10.3.1/../../../../arm-none-eabi/lib/thumb/v7e-m/nofp/libg_nano.a(lib_a-stdio.o)
                0x000000000801dc32                __swrite
 .text.__sseek  0x000000000801dc6a       0x24 /usr/share/gcc-arm-none-eabi-10.3-2021.10/bin/../lib/gcc/arm-none-eabi/10.3.1/../../../../arm-none-eabi/lib/thumb/v7e-m/nofp/libg_nano.a(lib_a-stdio.o)
                0x000000000801dc6a                __sseek
 .text.__sclose
                0x000000000801dc8e        0x8 /usr/share/gcc-arm-none-eabi-10.3-2021.10/bin/../lib/gcc/arm-none-eabi/10.3.1/../../../../arm-none-eabi/lib/thumb/v7e-m/nofp/libg_nano.a(lib_a-stdio.o)
                0x000000000801dc8e                __sclose
 .text          0x000000000801dc96       0x14 /usr/share/gcc-arm-none-eabi-10.3-2021.10/bin/../lib/gcc/arm-none-eabi/10.3.1/../../../../arm-none-eabi/lib/thumb/v7e-m/nofp/libg_nano.a(lib_a-strcmp.o)
                0x000000000801dc96                strcmp
 .text          0x000000000801dcaa       0x10 /usr/share/gcc-arm-none-eabi-10.3-2021.10/bin/../lib/gcc/arm-none-eabi/10.3.1/../../../../arm-none-eabi/lib/thumb/v7e-m/nofp/libg_nano.a(lib_a-strlen.o)
                0x000000000801dcaa                strlen
 .text.strncmp  0x000000000801dcba       0x28 /usr/share/gcc-arm-none-eabi-10.3-2021.10/bin/../lib/gcc/arm-none-eabi/10.3.1/../../../../arm-none-eabi/lib/thumb/v7e-m/nofp/libg_nano.a(lib_a-strncmp.o)
                0x000000000801dcba                strncmp
 .text.strncpy  0x000000000801dce2       0x26 /usr/share/gcc-arm-none-eabi-10.3-2021.10/bin/../lib/gcc/arm-none-eabi/10.3.1/../../../../arm-none-eabi/lib/thumb/v7e-m/nofp/libg_nano.a(lib_a-strncpy.o)
                0x000000000801dce2                strncpy
 .text.strstr   0x000000000801dd08       0x2c /usr/share/gcc-arm-none-eabi-10.3-2021.10/bin/../lib/gcc/arm-none-eabi/10.3.1/../../../../arm-none-eabi/lib/thumb/v7e-m/nofp/libg_nano.a(lib_a-strstr.o)
                0x000000000801dd08                strstr
 .text._write_r
                0x000000000801dd34       0x24 /usr/share/gcc-arm-none-eabi-10.3-2021.10/bin/../lib/gcc/arm-none-eabi/10.3.1/../../../../arm-none-eabi/lib/thumb/v7e-m/nofp/libg_nano.a(lib_a-writer.o)
                0x000000000801dd34                _write_r
 .text._close_r
                0x000000000801dd58       0x20 /usr/share/gcc-arm-none-eabi-10.3-2021.10/bin/../lib/gcc/arm-none-eabi/10.3.1/../../../../arm-none-eabi/lib/thumb/v7e-m/nofp/libg_nano.a(lib_a-closer.o)
                0x000000000801dd58                _close_r
 .text._lseek_r
                0x000000000801dd78       0x24 /usr/share/gcc-arm-none-eabi-10.3-2021.10/bin/../lib/gcc/arm-none-eabi/10.3.1/../../../../arm-none-eabi/lib/thumb/v7e-m/nofp/libg_nano.a(lib_a-lseekr.o)
                0x000000000801dd78                _lseek_r
 .text.__malloc_lock
                0x000000000801dd9c        0xc /usr/share/gcc-arm-none-eabi-10.3-2021.10/bin/../lib/gcc/arm-none-eabi/10.3.1/../../../../arm-none-eabi/lib/thumb/v7e-m/nofp/libg_nano.a(lib_a-mlock.o)
                0x000000000801dd9c                __malloc_lock
 .text.__malloc_unlock
                0x000000000801dda8        0xc /usr/share/gcc-arm-none-eabi-10.3-2021.10/bin/../lib/gcc/arm-none-eabi/10.3.1/../../../../arm-none-eabi/lib/thumb/v7e-m/nofp/libg_nano.a(lib_a-mlock.o)
                0x000000000801dda8                __malloc_unlock
 .text.__sfputc_r
                0x000000000801ddb4       0x2a /usr/share/gcc-arm-none-eabi-10.3-2021.10/bin/../lib/gcc/arm-none-eabi/10.3.1/../../../../arm-none-eabi/lib/thumb/v7e-m/nofp/libg_nano.a(lib_a-nano-vfprintf.o)
 .text.__sfputs_r
                0x000000000801ddde       0x24 /usr/share/gcc-arm-none-eabi-10.3-2021.10/bin/../lib/gcc/arm-none-eabi/10.3.1/../../../../arm-none-eabi/lib/thumb/v7e-m/nofp/libg_nano.a(lib_a-nano-vfprintf.o)
                0x000000000801ddde                __sfputs_r
 *fill*         0x000000000801de02        0x2 
 .text._vfprintf_r
                0x000000000801de04      0x260 /usr/share/gcc-arm-none-eabi-10.3-2021.10/bin/../lib/gcc/arm-none-eabi/10.3.1/../../../../arm-none-eabi/lib/thumb/v7e-m/nofp/libg_nano.a(lib_a-nano-vfprintf.o)
                0x000000000801de04                _vfiprintf_r
                0x000000000801de04                _vfprintf_r
 .text._printf_common
                0x000000000801e064       0xda /usr/share/gcc-arm-none-eabi-10.3-2021.10/bin/../lib/gcc/arm-none-eabi/10.3.1/../../../../arm-none-eabi/lib/thumb/v7e-m/nofp/libg_nano.a(lib_a-nano-vfprintf_i.o)
                0x000000000801e064                _printf_common
 *fill*         0x000000000801e13e        0x2 
 .text._printf_i
                0x000000000801e140      0x24c /usr/share/gcc-arm-none-eabi-10.3-2021.10/bin/../lib/gcc/arm-none-eabi/10.3.1/../../../../arm-none-eabi/lib/thumb/v7e-m/nofp/libg_nano.a(lib_a-nano-vfprintf_i.o)
                0x000000000801e140                _printf_i
 .text._read_r  0x000000000801e38c       0x24 /usr/share/gcc-arm-none-eabi-10.3-2021.10/bin/../lib/gcc/arm-none-eabi/10.3.1/../../../../arm-none-eabi/lib/thumb/v7e-m/nofp/libg_nano.a(lib_a-readr.o)
                0x000000000801e38c                _read_r
 .text.__swbuf_r
                0x000000000801e3b0       0xa4 /usr/share/gcc-arm-none-eabi-10.3-2021.10/bin/../lib/gcc/arm-none-eabi/10.3.1/../../../../arm-none-eabi/lib/thumb/v7e-m/nofp/libg_nano.a(lib_a-wbuf.o)
                0x000000000801e3b0                __swbuf_r
 .text.__swsetup_r
                0x000000000801e454       0xdc /usr/share/gcc-arm-none-eabi-10.3-2021.10/bin/../lib/gcc/arm-none-eabi/10.3.1/../../../../arm-none-eabi/lib/thumb/v7e-m/nofp/libg_nano.a(lib_a-wsetup.o)
                0x000000000801e454                __swsetup_r
 .text.__swhatbuf_r
                0x000000000801e530       0x4a /usr/share/gcc-arm-none-eabi-10.3-2021.10/bin/../lib/gcc/arm-none-eabi/10.3.1/../../../../arm-none-eabi/lib/thumb/v7e-m/nofp/libg_nano.a(lib_a-makebuf.o)
                0x000000000801e530                __swhatbuf_r