Archive member included to satisfy reference by file (symbol)

/usr/share/gcc-arm-none-eabi-10.3-2021.10/bin/../lib/gcc/arm-none-eabi/10.3.1/thumb/v7e-m/nofp/libgcc.a(_arm_muldf3.o)
                              Build/benchmark.o (__aeabi_dmul)
/usr/share/gcc-arm-none-eabi-10.3-2021.10/bin/../lib/gcc/arm-none-eabi/10.3.1/thumb/v7e-m/nofp/libgcc.a(_arm_addsubdf3.o)
                              Build/benchmark.o (__aeabi_dsub)
/usr/share/gcc-arm-none-eabi-10.3-2021.10/bin/../lib/gcc/arm-none-eabi/10.3.1/thumb/v7e-m/nofp/libgcc.a(_arm_muldivdf3.o)
                              Build/wolf_main.o (__aeabi_ddiv)
/usr/share/gcc-arm-none-eabi-10.3-2021.10/bin/../lib/gcc/arm-none-eabi/10.3.1/thumb/v7e-m/nofp/libgcc.a(_arm_cmpdf2.o)
                              Build/benchmark.o (__aeabi_dcmplt)
/usr/share/gcc-arm-none-eabi-10.3-2021.10/bin/../lib/gcc/arm-none-eabi/10.3.1/thumb/v7e-m/nofp/libgcc.a(_aeabi_uldivmod.o)
                              Build/tfm.o (__aeabi_uldivmod)
/usr/share/gcc-arm-none-eabi-10.3-2021.10/bin/../lib/gcc/arm-none-eabi/10.3.1/thumb/v7e-m/nofp/libgcc.a(_udivmoddi4.o)
                              /usr/share/gcc-arm-none-eabi-10.3-2021.10/bin/../lib/gcc/arm-none-eabi/10.3.1/thumb/v7e-m/nofp/libgcc.a(_aeabi_uldivmod.o) (__udivmoddi4)
/usr/share/gcc-arm-none-eabi-10.3-2021.10/bin/../lib/gcc/arm-none-eabi/10.3.1/thumb/v7e-m/nofp/libgcc.a(_dvmd_tls.o)
                              /usr/share/gcc-arm-none-eabi-10.3-2021.10/bin/../lib/gcc/arm-none-eabi/10.3.1/thumb/v7e-m/nofp/libgcc.a(_aeabi_uldivmod.o) (__aeabi_ldiv0)
/usr/share/gcc-arm-none-eabi-10.3-2021.10/bin/../lib/gcc/arm-none-eabi/10.3.1/../../../../arm-none-eabi/lib/thumb/v7e-m/nofp/libg_nano.a(lib_a-ctype_.o)
                              Build/internal.o (_ctype_)
/usr/share/gcc-arm-none-eabi-10.3-2021.10/bin/../lib/gcc/arm-none-eabi/10.3.1/../../../../arm-none-eabi/lib/thumb/v7e-m/nofp/libg_nano.a(lib_a-exit.o)
                              /usr/share/gcc-arm-none-eabi-10.3-2021.10/bin/../lib/gcc/arm-none-eabi/10.3.1/../../../../arm-none-eabi/lib/thumb/v7e-m/nofp/crt0.o (exit)
/usr/share/gcc-arm-none-eabi-10.3-2021.10/bin/../lib/gcc/arm-none-eabi/10.3.1/../../../../arm-none-eabi/lib/thumb/v7e-m/nofp/libg_nano.a(lib_a-fflush.o)
                              Build/test.o (fflush)
/usr/share/gcc-arm-none-eabi-10.3-2021.10/bin/../lib/gcc/arm-none-eabi/10.3.1/../../../../arm-none-eabi/lib/thumb/v7e-m/nofp/libg_nano.a(lib_a-findfp.o)
                              /usr/share/gcc-arm-none-eabi-10.3-2021.10/bin/../lib/gcc/arm-none-eabi/10.3.1/../../../../arm-none-eabi/lib/thumb/v7e-m/nofp/libg_nano.a(lib_a-fflush.o) (__sinit)
/usr/share/gcc-arm-none-eabi-10.3-2021.10/bin/../lib/gcc/arm-none-eabi/10.3.1/../../../../arm-none-eabi/lib/thumb/v7e-m/nofp/libg_nano.a(lib_a-fwalk.o)
                              /usr/share/gcc-arm-none-eabi-10.3-2021.10/bin/../lib/gcc/arm-none-eabi/10.3.1/../../../../arm-none-eabi/lib/thumb/v7e-m/nofp/libg_nano.a(lib_a-findfp.o) (_fwalk)
/usr/share/gcc-arm-none-eabi-10.3-2021.10/bin/../lib/gcc/arm-none-eabi/10.3.1/../../../../arm-none-eabi/lib/thumb/v7e-m/nofp/libg_nano.a(lib_a-impure.o)
                              /usr/share/gcc-arm-none-eabi-10.3-2021.10/bin/../lib/gcc/arm-none-eabi/10.3.1/../../../../arm-none-eabi/lib/thumb/v7e-m/nofp/libg_nano.a(lib_a-exit.o) (_global_impure_ptr)
/usr/share/gcc-arm-none-eabi-10.3-2021.10/bin/../lib/gcc/arm-none-eabi/10.3.1/../../../../arm-none-eabi/lib/thumb/v7e-m/nofp/libg_nano.a(lib_a-init.o)
                              /usr/share/gcc-arm-none-eabi-10.3-2021.10/bin/../lib/gcc/arm-none-eabi/10.3.1/../../../../arm-none-eabi/lib/thumb/v7e-m/nofp/crt0.o (__libc_init_array)
/usr/share/gcc-arm-none-eabi-10.3-2021.10/bin/../lib/gcc/arm-none-eabi/10.3.1/../../../../arm-none-eabi/lib/thumb/v7e-m/nofp/libg_nano.a(lib_a-lock.o)
                              /usr/share/gcc-arm-none-eabi-10.3-2021.10/bin/../lib/gcc/arm-none-eabi/10.3.1/../../../../arm-none-eabi/lib/thumb/v7e-m/nofp/libg_nano.a(lib_a-findfp.o) (__retarget_lock_init_recursive)
/usr/share/gcc-arm-none-eabi-10.3-2021.10/bin/../lib/gcc/arm-none-eabi/10.3.1/../../../../arm-none-eabi/lib/thumb/v7e-m/nofp/libg_nano.a(lib_a-malloc.o)
                              Build/test.o (malloc)
/usr/share/gcc-arm-none-eabi-10.3-2021.10/bin/../lib/gcc/arm-none-eabi/10.3.1/../../../../arm-none-eabi/lib/thumb/v7e-m/nofp/libg_nano.a(lib_a-memcmp.o)
                              Build/test.o (memcmp)
/usr/share/gcc-arm-none-eabi-10.3-2021.10/bin/../lib/gcc/arm-none-eabi/10.3.1/../../../../arm-none-eabi/lib/thumb/v7e-m/nofp/libg_nano.a(lib_a-memcpy-stub.o)
                              Build/test.o (memcpy)
/usr/share/gcc-arm-none-eabi-10.3-2021.10/bin/../lib/gcc/arm-none-eabi/10.3.1/../../../../arm-none-eabi/lib/thumb/v7e-m/nofp/libg_nano.a(lib_a-memmove.o)
                              Build/internal.o (memmove)
[...]
Memory Configuration

Name             Origin             Length             Attributes
RAM              0x0000000020000000 0x0000000000020000 xrw
FLASH            0x0000000008000000 0x0000000000100000 xr
*default*        0x0000000000000000 0xffffffffffffffff

Linker script and memory map

LOAD /usr/share/gcc-arm-none-eabi-10.3-2021.10/bin/../lib/gcc/arm-none-eabi/10.3.1/thumb/v7e-m/nofp/crti.o
LOAD /usr/share/gcc-arm-none-eabi-10.3-2021.10/bin/../lib/gcc/arm-none-eabi/10.3.1/thumb/v7e-m/nofp/crtbegin.o
LOAD /usr/share/gcc-arm-none-eabi-10.3-2021.10/bin/../lib/gcc/arm-none-eabi/10.3.1/../../../../arm-none-eabi/lib/thumb/v7e-m/nofp/crt0.o
LOAD Build/test_main.o
LOAD Build/wolf_main.o
LOAD Build/armtarget.o
LOAD Build/test.o
LOAD Build/benchmark.o
LOAD Build/bio.o
LOAD Build/crl.o
LOAD Build/internal.o
LOAD Build/keys.o
LOAD Build/ocsp.o
LOAD Build/sniffer.o
LOAD Build/ssl.o
LOAD Build/tls.o
LOAD Build/tls13.o
LOAD Build/wolfio.o
LOAD Build/aes.o
LOAD Build/cmac.o
LOAD Build/des3.o
LOAD Build/dh.o
LOAD Build/ecc.o
LOAD Build/hmac.o
LOAD Build/kdf.o
LOAD Build/random.o
LOAD Build/rsa.o
LOAD Build/sha.o
LOAD Build/sha256.o
LOAD Build/sha512.o
LOAD Build/sha3.o
LOAD Build/asm.o
LOAD Build/asn.o
LOAD Build/blake2s.o
LOAD Build/chacha.o
LOAD Build/chacha20_poly1305.o
LOAD Build/coding.o
LOAD Build/compress.o
LOAD Build/cpuid.o
LOAD Build/cryptocb.o
LOAD Build/curve25519.o
LOAD Build/curve448.o
LOAD Build/ecc_fp.o
LOAD Build/eccsi.o
LOAD Build/ed25519.o
LOAD Build/ed448.o
LOAD Build/error.o
LOAD Build/fe_448.o
LOAD Build/fe_low_mem.o
LOAD Build/fe_operations.o
LOAD Build/ge_448.o
LOAD Build/ge_low_mem.o
LOAD Build/ge_operations.o
LOAD Build/hash.o
LOAD Build/integer.o
LOAD Build/logging.o
LOAD Build/md5.o
LOAD Build/memory.o
LOAD Build/misc.o
LOAD Build/pkcs12.o
LOAD Build/pkcs7.o
LOAD Build/poly1305.o
LOAD Build/pwdbased.o
LOAD Build/rc2.o
LOAD Build/sakke.o
LOAD Build/signature.o
LOAD Build/srp.o
LOAD Build/sp_arm32.o
LOAD Build/sp_arm64.o
LOAD Build/sp_armthumb.o
LOAD Build/sp_c32.o
LOAD Build/sp_c64.o
LOAD Build/sp_cortexm.o
LOAD Build/sp_dsp32.o
LOAD Build/sp_int.o
LOAD Build/sp_x86_64.o
LOAD Build/tfm.o
LOAD Build/wc_dsp.o
LOAD Build/wc_encrypt.o
LOAD Build/wc_pkcs11.o
LOAD Build/wc_port.o
LOAD Build/wolfevent.o
LOAD Build/wolfmath.o
LOAD Build/arc4.o
LOAD Build/blake2b.o
LOAD Build/camellia.o
LOAD Build/dsa.o
LOAD Build/md2.o
LOAD Build/md4.o
LOAD Build/ripemd.o
LOAD /usr/share/gcc-arm-none-eabi-10.3-2021.10/bin/../lib/gcc/arm-none-eabi/10.3.1/../../../../arm-none-eabi/lib/thumb/v7e-m/nofp/libm.a
START GROUP
LOAD /usr/share/gcc-arm-none-eabi-10.3-2021.10/bin/../lib/gcc/arm-none-eabi/10.3.1/thumb/v7e-m/nofp/libgcc.a
LOAD /usr/share/gcc-arm-none-eabi-10.3-2021.10/bin/../lib/gcc/arm-none-eabi/10.3.1/../../../../arm-none-eabi/lib/thumb/v7e-m/nofp/libg_nano.a
LOAD /usr/share/gcc-arm-none-eabi-10.3-2021.10/bin/../lib/gcc/arm-none-eabi/10.3.1/../../../../arm-none-eabi/lib/thumb/v7e-m/nofp/libc_nano.a
END GROUP
START GROUP
LOAD /usr/share/gcc-arm-none-eabi-10.3-2021.10/bin/../lib/gcc/arm-none-eabi/10.3.1/thumb/v7e-m/nofp/libgcc.a
LOAD /usr/share/gcc-arm-none-eabi-10.3-2021.10/bin/../lib/gcc/arm-none-eabi/10.3.1/../../../../arm-none-eabi/lib/thumb/v7e-m/nofp/libc_nano.a
LOAD /usr/share/gcc-arm-none-eabi-10.3-2021.10/bin/../lib/gcc/arm-none-eabi/10.3.1/../../../../arm-none-eabi/lib/thumb/v7e-m/nofp/libnosys.a
END GROUP
START GROUP
LOAD /usr/share/gcc-arm-none-eabi-10.3-2021.10/bin/../lib/gcc/arm-none-eabi/10.3.1/thumb/v7e-m/nofp/libgcc.a
LOAD /usr/share/gcc-arm-none-eabi-10.3-2021.10/bin/../lib/gcc/arm-none-eabi/10.3.1/../../../../arm-none-eabi/lib/thumb/v7e-m/nofp/libc_nano.a
LOAD /usr/share/gcc-arm-none-eabi-10.3-2021.10/bin/../lib/gcc/arm-none-eabi/10.3.1/../../../../arm-none-eabi/lib/thumb/v7e-m/nofp/libnosys.a
END GROUP
LOAD /usr/share/gcc-arm-none-eabi-10.3-2021.10/bin/../lib/gcc/arm-none-eabi/10.3.1/thumb/v7e-m/nofp/crtend.o
LOAD /usr/share/gcc-arm-none-eabi-10.3-2021.10/bin/../lib/gcc/arm-none-eabi/10.3.1/thumb/v7e-m/nofp/crtn.o
                0x0000000000000000                __vectors_start__ = .

.vectors
 *(.vectors)
                0x0000000000000400                __vectors_end__ = (__vectors_start__ + 0x400)

.sys
 *(.sys*)

.text           0x0000000008000000    0x1bd70
 *(.text*)
 .text.startup.main
                0x0000000008000000       0x34 Build/test_main.o
                0x0000000008000000                main
 .text.my_time  0x0000000008000034       0x10 Build/wolf_main.o
                0x0000000008000034                my_time
 .text.hw_rand  0x0000000008000044       0x10 Build/wolf_main.o
                0x0000000008000044                hw_rand
 .text.my_rng_gen_block
                0x0000000008000054       0x30 Build/wolf_main.o
                0x0000000008000054                my_rng_gen_block
 .text.memcpy32
                0x0000000008000084       0x10 Build/armtarget.o
                0x0000000008000084                memcpy32
 .text.meminit32
                0x0000000008000094        0xe Build/armtarget.o
                0x0000000008000094                meminit32
 *fill*         0x00000000080000a2        0x2 
 .text.reset_handler
                0x00000000080000a4       0x44 Build/armtarget.o
                0x00000000080000a4                reset_handler
 .text.time_cb  0x00000000080000e8       0x10 Build/test.o
 .text.print_fiducials
                0x00000000080000f8       0x34 Build/test.o
 .text.render_error_message
                0x000000000800012c       0xac Build/test.o
 .text._rng_test
                0x00000000080001d8       0x9c Build/test.o
 .text.random_rng_test
                0x0000000008000274       0x74 Build/test.o
 .text.ecc_exp_imp_test
                0x00000000080002e8      0x23c Build/test.o
 .text.aesgcm_default_test_helper.constprop.0
                0x0000000008000524      0x1e8 Build/test.o
 .text.error_test
                0x000000000800070c       0xfc Build/test.o
                0x000000000800070c                error_test
 .text.base64_test
                0x0000000008000808      0x3e4 Build/test.o
                0x0000000008000808                base64_test
 .text.asn_test
                0x0000000008000bec       0xf0 Build/test.o
                0x0000000008000bec                asn_test
 .text.sha_test
                0x0000000008000cdc      0x218 Build/test.o
                0x0000000008000cdc                sha_test
 .text.sha256_test
                0x0000000008000ef4      0x1d8 Build/test.o
                0x0000000008000ef4                sha256_test
 .text.sha512_test
                0x00000000080010cc      0x208 Build/test.o
                0x00000000080010cc                sha512_test
 .text.sha512_224_test
                0x00000000080012d4      0x20c Build/test.o
                0x00000000080012d4                sha512_224_test
 .text.sha512_256_test
                0x00000000080014e0      0x20c Build/test.o
                0x00000000080014e0                sha512_256_test
 .text.hash_test
                0x00000000080016ec      0x55c Build/test.o
                0x00000000080016ec                hash_test
 .text.hmac_sha_test
                0x0000000008001c48      0x144 Build/test.o
                0x0000000008001c48                hmac_sha_test
 .text.hmac_sha256_test
                0x0000000008001d8c      0x16c Build/test.o
                0x0000000008001d8c                hmac_sha256_test
 .text.hmac_sha512_test
                0x0000000008001ef8      0x164 Build/test.o
                0x0000000008001ef8                hmac_sha512_test
 .text.des_test
                0x000000000800205c       0xe8 Build/test.o
                0x000000000800205c                des_test
 .text.des3_test
                0x0000000008002144      0x11c Build/test.o
                0x0000000008002144                des3_test
 .text.aes_test
                0x0000000008002260      0x670 Build/test.o
                0x0000000008002260                aes_test
 .text.aes192_test
                0x00000000080028d0      0x164 Build/test.o
                0x00000000080028d0                aes192_test
 .text.aes256_test
                0x0000000008002a34      0x168 Build/test.o
                0x0000000008002a34                aes256_test
 .text.aesgcm_default_test
                0x0000000008002b9c      0x1d0 Build/test.o
                0x0000000008002b9c                aesgcm_default_test
 .text.aesgcm_test
                0x0000000008002d6c      0x730 Build/test.o
                0x0000000008002d6c                aesgcm_test
 .text.gmac_test
                0x000000000800349c      0x214 Build/test.o
                0x000000000800349c                gmac_test
 .text.memory_test
                0x00000000080036b0       0x68 Build/test.o
                0x00000000080036b0                memory_test
 .text.ecc_test
                0x0000000008003718     0x1398 Build/test.o
                0x0000000008003718                ecc_test
 .text.ecc_test_buffers
                0x0000000008004ab0      0x238 Build/test.o
                0x0000000008004ab0                ecc_test_buffers
 .text.curve25519_test
                0x0000000008004ce8      0x750 Build/test.o
                0x0000000008004ce8                curve25519_test
 .text.ed25519_test
                0x0000000008005438      0x6f4 Build/test.o
                0x0000000008005438                ed25519_test
 .text.logging_test
                0x0000000008005b2c       0x48 Build/test.o
                0x0000000008005b2c                logging_test
 .text.mutex_test
                0x0000000008005b74       0x20 Build/test.o
                0x0000000008005b74                mutex_test
 .text.time_test
                0x0000000008005b94       0x8c Build/test.o
                0x0000000008005b94                time_test
 .text.wolfcrypt_test
                0x0000000008005c20      0x480 Build/test.o
                0x0000000008005c20                wolfcrypt_test
 .text.ByteReverseWord32
                0x00000000080060a0        0x4 Build/aes.o
 .text.xorbufout
                0x00000000080060a4       0x66 Build/aes.o
 .text.xorbuf   0x000000000800610a       0x5e Build/aes.o
 .text.IncrementGcmCounter
                0x0000000008006168       0x18 Build/aes.o
 .text.wc_AesEncrypt
                0x0000000008006180      0xe78 Build/aes.o
 .text.GMULT    0x0000000008006ff8       0x8e Build/aes.o
 .text.wc_AesSetIV
                0x0000000008007086       0x1e Build/aes.o
                0x0000000008007086                wc_AesSetIV
 .text.wc_AesSetKey
                0x00000000080070a4      0x460 Build/aes.o
                0x00000000080070a4                wc_AesSetKey
 .text.wc_AesCbcEncrypt
                0x0000000008007504       0x54 Build/aes.o
                0x0000000008007504                wc_AesCbcEncrypt
 .text.wc_AesCbcDecrypt
                0x0000000008007558      0xe64 Build/aes.o
                0x0000000008007558                wc_AesCbcDecrypt
 .text.wc_AesGcmSetKey
                0x00000000080083bc       0x4a Build/aes.o
                0x00000000080083bc                wc_AesGcmSetKey
 .text.GHASH    0x0000000008008406      0x156 Build/aes.o
                0x0000000008008406                GHASH
 .text.wc_AesGcmEncrypt
                0x000000000800855c      0x110 Build/aes.o
                0x000000000800855c                wc_AesGcmEncrypt
 .text.wc_AesGcmDecrypt
                0x000000000800866c      0x134 Build/aes.o
                0x000000000800866c                wc_AesGcmDecrypt
 .text.wc_AesGcmSetIV
                0x00000000080087a0       0x5e Build/aes.o
                0x00000000080087a0                wc_AesGcmSetIV
 *fill*         0x00000000080087fe        0x2 
 .text.wc_AesGcmEncrypt_ex
                0x0000000008008800       0xb4 Build/aes.o
                0x0000000008008800                wc_AesGcmEncrypt_ex
 .text.wc_Gmac  0x00000000080088b4       0xb8 Build/aes.o
                0x00000000080088b4                wc_Gmac
 .text.wc_GmacVerify
                0x000000000800896c       0x9c Build/aes.o
                0x000000000800896c                wc_GmacVerify
 .text.wc_GmacSetKey
                0x0000000008008a08        0xe Build/aes.o
                0x0000000008008a08                wc_GmacSetKey
 .text.wc_GmacUpdate
                0x0000000008008a16       0x2c Build/aes.o
                0x0000000008008a16                wc_GmacUpdate
 .text.wc_AesInit
                0x0000000008008a42       0x10 Build/aes.o
                0x0000000008008a42                wc_AesInit
 .text.wc_AesFree
                0x0000000008008a52        0x2 Build/aes.o
                0x0000000008008a52                wc_AesFree
 .text.wc_AesGetKeySize
                0x0000000008008a54       0x32 Build/aes.o
                0x0000000008008a54                wc_AesGetKeySize
 .text.ByteReverseWord32
                0x0000000008008a86        0x4 Build/des3.o
 .text.IPERM    0x0000000008008a8a       0x78 Build/des3.o
 .text.FPERM    0x0000000008008b02       0x78 Build/des3.o
 *fill*         0x0000000008008b7a        0x2 
 .text.DesRawProcessBlock
                0x0000000008008b7c      0x134 Build/des3.o
 .text.DesSetKey
                0x0000000008008cb0      0x158 Build/des3.o
 .text.DesProcessBlock
                0x0000000008008e08       0x66 Build/des3.o
 .text.Des3ProcessBlock
                0x0000000008008e6e       0x7c Build/des3.o
 .text.xorbuf.constprop.0
                0x0000000008008eea       0x68 Build/des3.o
 .text.wc_Des_CbcEncrypt
                0x0000000008008f52       0x38 Build/des3.o
                0x0000000008008f52                wc_Des_CbcEncrypt
 .text.wc_Des_CbcDecrypt
                0x0000000008008f8a       0x4a Build/des3.o
                0x0000000008008f8a                wc_Des_CbcDecrypt
 .text.wc_Des3_CbcEncrypt
                0x0000000008008fd4       0x4c Build/des3.o
                0x0000000008008fd4                wc_Des3_CbcEncrypt
 .text.wc_Des3_CbcDecrypt
                0x0000000008009020       0x5a Build/des3.o
                0x0000000008009020                wc_Des3_CbcDecrypt
 .text.wc_Des_SetIV
                0x000000000800907a       0x10 Build/des3.o
                0x000000000800907a                wc_Des_SetIV
 .text.wc_Des_SetKey
                0x000000000800908a       0x1e Build/des3.o
                0x000000000800908a                wc_Des_SetKey
 .text.wc_Des3_SetIV
                0x00000000080090a8       0x20 Build/des3.o
                0x00000000080090a8                wc_Des3_SetIV
 .text.wc_Des3_SetKey
                0x00000000080090c8       0x82 Build/des3.o
                0x00000000080090c8                wc_Des3_SetKey
 .text.wc_Des3Init
                0x000000000800914a       0x10 Build/des3.o
                0x000000000800914a                wc_Des3Init
 .text.wc_Des3Free
                0x000000000800915a        0x2 Build/des3.o
                0x000000000800915a                wc_Des3Free
 .text._ecc_is_point.constprop.0
                0x000000000800915c      0x124 Build/ecc.o
 .text.wc_ecc_new_point_ex.constprop.0
                0x0000000008009280       0x4e Build/ecc.o
 .text.wc_ecc_del_point_ex.constprop.0
                0x00000000080092ce       0x26 Build/ecc.o
 .text.ecc_point_to_mont.constprop.0
                0x00000000080092f4       0xba Build/ecc.o
 .text._ecc_projective_dbl_point.constprop.0
                0x00000000080093ae      0x27e Build/ecc.o
 .text.wc_ecc_curve_cache_load_item
                0x000000000800962c       0x44 Build/ecc.o
 .text._ecc_projective_add_point.isra.0
                0x0000000008009670      0x458 Build/ecc.o
 .text.wc_ecc_curve_free
                0x0000000008009ac8       0x90 Build/ecc.o
 .text.wc_ecc_curve_load
                0x0000000008009b58       0xa0 Build/ecc.o
 .text.wc_ecc_set_curve
                0x0000000008009bf8       0x48 Build/ecc.o
                0x0000000008009bf8                wc_ecc_set_curve
 .text.wc_ecc_import_raw_private
                0x0000000008009c40      0x170 Build/ecc.o
 .text.ecc_map_ex
                0x0000000008009db0      0x18c Build/ecc.o
                0x0000000008009db0                ecc_map_ex
 .text.ecc_map  0x0000000008009f3c        0x6 Build/ecc.o
                0x0000000008009f3c                ecc_map
 .text.wc_ecc_new_point_h
                0x0000000008009f42       0x14 Build/ecc.o
                0x0000000008009f42                wc_ecc_new_point_h
 .text.wc_ecc_new_point
                0x0000000008009f56       0x14 Build/ecc.o
                0x0000000008009f56                wc_ecc_new_point
 .text.wc_ecc_del_point_h
                0x0000000008009f6a        0x4 Build/ecc.o
                0x0000000008009f6a                wc_ecc_del_point_h
 .text.wc_ecc_del_point
                0x0000000008009f6e        0x4 Build/ecc.o
                0x0000000008009f6e                wc_ecc_del_point
 .text.wc_ecc_copy_point
                0x0000000008009f72       0x34 Build/ecc.o
                0x0000000008009f72                wc_ecc_copy_point
 .text.wc_ecc_cmp_point
                0x0000000008009fa6       0x34 Build/ecc.o
                0x0000000008009fa6                wc_ecc_cmp_point
 .text.wc_ecc_is_valid_idx
                0x0000000008009fda        0xc Build/ecc.o
                0x0000000008009fda                wc_ecc_is_valid_idx
 .text.wc_ecc_get_curve_idx
                0x0000000008009fe6        0xa Build/ecc.o
                0x0000000008009fe6                wc_ecc_get_curve_idx
 .text.wc_ecc_get_curve_id
                0x0000000008009ff0       0x20 Build/ecc.o
                0x0000000008009ff0                wc_ecc_get_curve_id
 .text.wc_ecc_get_curve_size_from_id
                0x000000000800a010       0x20 Build/ecc.o
                0x000000000800a010                wc_ecc_get_curve_size_from_id
 .text.wc_ecc_point_is_at_infinity
                0x000000000800a030       0x22 Build/ecc.o
                0x000000000800a030                wc_ecc_point_is_at_infinity
 .text.wc_ecc_gen_k
                0x000000000800a052       0x7a Build/ecc.o
                0x000000000800a052                wc_ecc_gen_k
 .text.wc_ecc_gen_z
                0x000000000800a0cc       0xc0 Build/ecc.o
 .text.wc_ecc_init_ex
                0x000000000800a18c       0x42 Build/ecc.o
                0x000000000800a18c                wc_ecc_init_ex
 .text.wc_ecc_key_new
                0x000000000800a1ce       0x28 Build/ecc.o
                0x000000000800a1ce                wc_ecc_key_new
 .text.wc_ecc_init
                0x000000000800a1f6        0xa Build/ecc.o
                0x000000000800a1f6                wc_ecc_init
 .text.wc_ecc_set_flags
                0x000000000800a200       0x12 Build/ecc.o
                0x000000000800a200                wc_ecc_set_flags
 .text.wc_ecc_free
                0x000000000800a212       0x28 Build/ecc.o
                0x000000000800a212                wc_ecc_free
 .text.wc_ecc_key_free
                0x000000000800a23a       0x28 Build/ecc.o
                0x000000000800a23a                wc_ecc_key_free
 .text.ecc_projective_add_point_safe
                0x000000000800a262      0x134 Build/ecc.o
                0x000000000800a262                ecc_projective_add_point_safe
 .text.ecc_projective_dbl_point_safe
                0x000000000800a396       0x38 Build/ecc.o
                0x000000000800a396                ecc_projective_dbl_point_safe
 .text.ecc_mulmod
                0x000000000800a3ce      0x34e Build/ecc.o
 .text.wc_ecc_mulmod_ex
                0x000000000800a71c       0xde Build/ecc.o
                0x000000000800a71c                wc_ecc_mulmod_ex
 .text.wc_ecc_mulmod
                0x000000000800a7fa       0x16 Build/ecc.o
                0x000000000800a7fa                wc_ecc_mulmod
 .text.wc_ecc_mulmod_ex2
                0x000000000800a810      0x182 Build/ecc.o
                0x000000000800a810                wc_ecc_mulmod_ex2
 .text.wc_ecc_shared_secret_gen_sync
                0x000000000800a992      0x12c Build/ecc.o
                0x000000000800a992                wc_ecc_shared_secret_gen_sync
 .text.wc_ecc_shared_secret_ex
                0x000000000800aabe       0x66 Build/ecc.o
                0x000000000800aabe                wc_ecc_shared_secret_ex
 .text.wc_ecc_shared_secret
                0x000000000800ab24       0x4c Build/ecc.o
                0x000000000800ab24                wc_ecc_shared_secret
 .text.ecc_make_pub_ex
                0x000000000800ab70      0x124 Build/ecc.o
 .text.wc_ecc_make_pub_ex
                0x000000000800ac94       0x6e Build/ecc.o
                0x000000000800ac94                wc_ecc_make_pub_ex
 .text.wc_ecc_make_pub
                0x000000000800ad02        0x6 Build/ecc.o
                0x000000000800ad02                wc_ecc_make_pub
 .text._ecc_make_key_ex
                0x000000000800ad08       0xc0 Build/ecc.o
 .text.wc_ecc_make_key_ex
                0x000000000800adc8        0xe Build/ecc.o
                0x000000000800adc8                wc_ecc_make_key_ex
 .text.wc_ecc_make_key
                0x000000000800add6        0x6 Build/ecc.o
                0x000000000800add6                wc_ecc_make_key
 .text.wc_ecc_sign_hash_ex
                0x000000000800addc      0x2b8 Build/ecc.o
                0x000000000800addc                wc_ecc_sign_hash_ex
 .text.wc_ecc_sign_hash
                0x000000000800b094       0xc2 Build/ecc.o
                0x000000000800b094                wc_ecc_sign_hash
 .text.ecc_mul2add
                0x000000000800b156      0x40c Build/ecc.o
                0x000000000800b156                ecc_mul2add
 .text.wc_ecc_verify_hash_ex
                0x000000000800b562      0x306 Build/ecc.o
                0x000000000800b562                wc_ecc_verify_hash_ex
 .text.wc_ecc_verify_hash
                0x000000000800b868      0x116 Build/ecc.o
                0x000000000800b868                wc_ecc_verify_hash
 .text.wc_ecc_import_point_der_ex
                0x000000000800b97e       0xd2 Build/ecc.o
                0x000000000800b97e                wc_ecc_import_point_der_ex
 .text.wc_ecc_import_point_der
                0x000000000800ba50        0xe Build/ecc.o
                0x000000000800ba50                wc_ecc_import_point_der
 *fill*         0x000000000800ba5e        0x2 
 .text.wc_ecc_export_point_der
                0x000000000800ba60       0xf0 Build/ecc.o
                0x000000000800ba60                wc_ecc_export_point_der
 .text.wc_ecc_export_x963
                0x000000000800bb50      0x104 Build/ecc.o
                0x000000000800bb50                wc_ecc_export_x963
 .text.wc_ecc_export_x963_ex
                0x000000000800bc54        0xc Build/ecc.o
                0x000000000800bc54                wc_ecc_export_x963_ex
 .text.wc_ecc_check_key
                0x000000000800bc60      0x1cc Build/ecc.o
                0x000000000800bc60                wc_ecc_check_key
 .text.wc_ecc_import_x963_ex
                0x000000000800be2c       0xde Build/ecc.o
                0x000000000800be2c                wc_ecc_import_x963_ex
 .text.wc_ecc_export_ex
                0x000000000800bf0a       0xaa Build/ecc.o
                0x000000000800bf0a                wc_ecc_export_ex
 .text.wc_ecc_export_private_only
                0x000000000800bfb4       0x26 Build/ecc.o
                0x000000000800bfb4                wc_ecc_export_private_only
 .text.wc_ecc_export_public_raw
                0x000000000800bfda       0x26 Build/ecc.o
                0x000000000800bfda                wc_ecc_export_public_raw
 .text.wc_ecc_export_private_raw
                0x000000000800c000       0x1a Build/ecc.o
                0x000000000800c000                wc_ecc_export_private_raw
 .text.wc_ecc_import_private_key_ex
                0x000000000800c01a       0x64 Build/ecc.o
                0x000000000800c01a                wc_ecc_import_private_key_ex
 .text.wc_ecc_import_private_key
                0x000000000800c07e       0x12 Build/ecc.o
                0x000000000800c07e                wc_ecc_import_private_key
 .text.wc_ecc_rs_to_sig
                0x000000000800c090       0xca Build/ecc.o
                0x000000000800c090                wc_ecc_rs_to_sig
 .text.wc_ecc_rs_raw_to_sig
                0x000000000800c15a       0x2a Build/ecc.o
                0x000000000800c15a                wc_ecc_rs_raw_to_sig
 .text.wc_ecc_sig_to_rs
                0x000000000800c184       0x1e Build/ecc.o
                0x000000000800c184                wc_ecc_sig_to_rs
 .text.wc_ecc_import_raw_ex
                0x000000000800c1a2       0x12 Build/ecc.o
                0x000000000800c1a2                wc_ecc_import_raw_ex
 .text.wc_ecc_import_unsigned
                0x000000000800c1b4       0x12 Build/ecc.o
                0x000000000800c1b4                wc_ecc_import_unsigned
 *fill*         0x000000000800c1c6        0x2 
 .text.wc_ecc_import_raw
                0x000000000800c1c8       0x58 Build/ecc.o
                0x000000000800c1c8                wc_ecc_import_raw
 .text.wc_ecc_size
                0x000000000800c220        0xa Build/ecc.o
                0x000000000800c220                wc_ecc_size
 .text.wc_ecc_sig_size
                0x000000000800c22a       0x86 Build/ecc.o
                0x000000000800c22a                wc_ecc_sig_size
 .text.wc_ecc_set_rng
                0x000000000800c2b0       0x10 Build/ecc.o
                0x000000000800c2b0                wc_ecc_set_rng
 .text.wc_ecc_get_oid
                0x000000000800c2c0       0x2c Build/ecc.o
                0x000000000800c2c0                wc_ecc_get_oid
 .text.HmacKeyInnerHash
                0x000000000800c2ec       0x42 Build/hmac.o
 *fill*         0x000000000800c32e        0x2 
 .text.wc_HmacSizeByType
                0x000000000800c330       0x28 Build/hmac.o
                0x000000000800c330                wc_HmacSizeByType
 .text._InitHmac
                0x000000000800c358       0x40 Build/hmac.o
                0x000000000800c358                _InitHmac
 .text.wc_HmacUpdate
                0x000000000800c398       0x64 Build/hmac.o
                0x000000000800c398                wc_HmacUpdate
 .text.wc_HmacFinal
                0x000000000800c3fc       0xe0 Build/hmac.o
                0x000000000800c3fc                wc_HmacFinal
 .text.wc_HmacInit
                0x000000000800c4dc       0x24 Build/hmac.o
                0x000000000800c4dc                wc_HmacInit
 .text.wc_HmacFree
                0x000000000800c500       0x38 Build/hmac.o
                0x000000000800c500                wc_HmacFree
 .text.wc_HmacSetKey
                0x000000000800c538      0x114 Build/hmac.o
                0x000000000800c538                wc_HmacSetKey
 .text.wolfSSL_GetHmacMaxSize
                0x000000000800c64c        0x4 Build/hmac.o
                0x000000000800c64c                wolfSSL_GetHmacMaxSize
 .text.wc_rng_new
                0x000000000800c650       0x24 Build/random.o
                0x000000000800c650                wc_rng_new
 .text.wc_rng_free
                0x000000000800c674       0x1a Build/random.o
                0x000000000800c674                wc_rng_free
 .text.wc_InitRng_ex
                0x000000000800c68e        0xe Build/random.o
                0x000000000800c68e                wc_InitRng_ex
 .text.wc_RNG_GenerateBlock
                0x000000000800c69c       0x2a Build/random.o
                0x000000000800c69c                wc_RNG_GenerateBlock
 .text.wc_RNG_GenerateByte
                0x000000000800c6c6        0x6 Build/random.o
                0x000000000800c6c6                wc_RNG_GenerateByte
 .text.wc_FreeRng
                0x000000000800c6cc        0xc Build/random.o
                0x000000000800c6cc                wc_FreeRng
 .text.ByteReverseWords
                0x000000000800c6d8       0x18 Build/sha.o
 .text.Transform
                0x000000000800c6f0      0xddc Build/sha.o
 .text.wc_InitSha_ex
                0x000000000800d4cc       0x40 Build/sha.o
                0x000000000800d4cc                wc_InitSha_ex
 .text.wc_ShaUpdate
                0x000000000800d50c       0xd0 Build/sha.o
                0x000000000800d50c                wc_ShaUpdate
 .text.wc_ShaFinal
                0x000000000800d5dc       0xf0 Build/sha.o
                0x000000000800d5dc                wc_ShaFinal
 .text.wc_ShaFree
                0x000000000800d6cc        0x2 Build/sha.o
                0x000000000800d6cc                wc_ShaFree
 .text.wc_ShaCopy
                0x000000000800d6ce       0x1c Build/sha.o
                0x000000000800d6ce                wc_ShaCopy
 .text.wc_ShaGetHash
                0x000000000800d6ea       0x40 Build/sha.o
                0x000000000800d6ea                wc_ShaGetHash
 .text.ByteReverseWords
                0x000000000800d72a       0x18 Build/sha256.o
 *fill*         0x000000000800d742        0x2 
 .text.Transform_Sha256
                0x000000000800d744      0x340 Build/sha256.o
 .text.wc_InitSha256_ex
                0x000000000800da84       0x68 Build/sha256.o
                0x000000000800da84                wc_InitSha256_ex
 .text.wc_Sha256Update
                0x000000000800daec       0xae Build/sha256.o
                0x000000000800daec                wc_Sha256Update
 *fill*         0x000000000800db9a        0x2 
 .text.wc_Sha256Final
                0x000000000800db9c      0x114 Build/sha256.o
                0x000000000800db9c                wc_Sha256Final
 .text.wc_Sha256Free
                0x000000000800dcb0       0x14 Build/sha256.o
                0x000000000800dcb0                wc_Sha256Free
 .text.wc_Sha256Copy
                0x000000000800dcc4       0x1c Build/sha256.o
                0x000000000800dcc4                wc_Sha256Copy
 .text.wc_Sha256GetHash
                0x000000000800dce0       0x46 Build/sha256.o
                0x000000000800dce0                wc_Sha256GetHash
 *fill*         0x000000000800dd26        0x2 
 .text.InitSha512
                0x000000000800dd28       0xb8 Build/sha512.o
 .text.InitSha512_224
                0x000000000800dde0       0xb8 Build/sha512.o
 .text.InitSha512_256
                0x000000000800de98       0xb8 Build/sha512.o
 .text.ByteReverseWords64
                0x000000000800df50       0x20 Build/sha512.o
 .text._Transform_Sha512
                0x000000000800df70     0x1fe0 Build/sha512.o
 .text.Sha512_Family_Final
                0x000000000800ff50       0xe2 Build/sha512.o
 *fill*         0x0000000008010032        0x2 
 .text.wc_Sha512Final
                0x0000000008010034        0xc Build/sha512.o
                0x0000000008010034                wc_Sha512Final
 .text.wc_Sha512_224Final
                0x0000000008010040        0xc Build/sha512.o
                0x0000000008010040                wc_Sha512_224Final
 .text.wc_Sha512_256Final
                0x000000000801004c        0xc Build/sha512.o
                0x000000000801004c                wc_Sha512_256Final
 .text.wc_InitSha512_ex
                0x0000000008010058       0x10 Build/sha512.o
                0x0000000008010058                wc_InitSha512_ex
 .text.wc_InitSha512_224_ex
                0x0000000008010068       0x10 Build/sha512.o
                0x0000000008010068                wc_InitSha512_224_ex
 .text.wc_InitSha512_256_ex
                0x0000000008010078       0x10 Build/sha512.o
                0x0000000008010078                wc_InitSha512_256_ex
 .text.wc_Sha512Update
                0x0000000008010088       0xd4 Build/sha512.o
                0x0000000008010088                wc_Sha512Update
 .text.wc_InitSha512
                0x000000000801015c        0xa Build/sha512.o
                0x000000000801015c                wc_InitSha512
 .text.wc_Sha512Free
                0x0000000008010166       0x14 Build/sha512.o
                0x0000000008010166                wc_Sha512Free
 .text.wc_Sha512Copy
                0x000000000801017a       0x1c Build/sha512.o
                0x000000000801017a                wc_Sha512Copy
 .text.Sha512_Family_GetHash
                0x0000000008010196       0x46 Build/sha512.o
 .text.wc_Sha512GetHash
                0x00000000080101dc        0xc Build/sha512.o
                0x00000000080101dc                wc_Sha512GetHash
 .text.wc_InitSha512_224
                0x00000000080101e8        0xa Build/sha512.o
                0x00000000080101e8                wc_InitSha512_224
 .text.wc_Sha512_224Update
                0x00000000080101f2        0x4 Build/sha512.o
                0x00000000080101f2                wc_Sha512_224Update
 .text.wc_Sha512_224Free
                0x00000000080101f6        0x4 Build/sha512.o
                0x00000000080101f6                wc_Sha512_224Free
 *fill*         0x00000000080101fa        0x2 
 .text.wc_Sha512_224GetHash
                0x00000000080101fc        0xc Build/sha512.o
                0x00000000080101fc                wc_Sha512_224GetHash
 .text.wc_Sha512_224Copy
                0x0000000008010208        0x4 Build/sha512.o
                0x0000000008010208                wc_Sha512_224Copy
 .text.wc_InitSha512_256
                0x000000000801020c        0xa Build/sha512.o
                0x000000000801020c                wc_InitSha512_256
 .text.wc_Sha512_256Update
                0x0000000008010216        0x4 Build/sha512.o
                0x0000000008010216                wc_Sha512_256Update
 .text.wc_Sha512_256Free
                0x000000000801021a        0x4 Build/sha512.o
                0x000000000801021a                wc_Sha512_256Free
 *fill*         0x000000000801021e        0x2 
 .text.wc_Sha512_256GetHash
                0x0000000008010220        0xc Build/sha512.o
                0x0000000008010220                wc_Sha512_256GetHash
 .text.wc_Sha512_256Copy
                0x000000000801022c        0x4 Build/sha512.o
                0x000000000801022c                wc_Sha512_256Copy
 .text.GetTime  0x0000000008010230       0x3a Build/asn.o
 .text.trim_leading_zeros
                0x000000000801026a       0x28 Build/asn.o
 .text.CheckCurve
                0x0000000008010292       0x24 Build/asn.o
 .text.GetLength_ex
                0x00000000080102b6       0x76 Build/asn.o
                0x00000000080102b6                GetLength_ex
 .text.GetLength
                0x000000000801032c        0xe Build/asn.o
                0x000000000801032c                GetLength
 .text.GetDateInfo
                0x000000000801033a       0x84 Build/asn.o
 .text.GetASNTag
                0x00000000080103be       0x26 Build/asn.o
                0x00000000080103be                GetASNTag
 .text.GetASNHeader_ex
                0x00000000080103e4       0x56 Build/asn.o
 .text.GetSequence
                0x000000000801043a       0x16 Build/asn.o
                0x000000000801043a                GetSequence
 .text.GetOctetString
                0x0000000008010450       0x16 Build/asn.o
                0x0000000008010450                GetOctetString
 .text.GetASNInt
                0x0000000008010466       0x5c Build/asn.o
                0x0000000008010466                GetASNInt
 .text.GetIntPositive
                0x00000000080104c2       0x78 Build/asn.o
 .text.GetMyVersion
                0x000000000801053a       0x4c Build/asn.o
                0x000000000801053a                GetMyVersion
 .text.CheckBitString
                0x0000000008010586       0xa2 Build/asn.o
                0x0000000008010586                CheckBitString
 .text.OidFromId
                0x0000000008010628      0x3d4 Build/asn.o
                0x0000000008010628                OidFromId
 .text.GetASNObjectId
                0x00000000080109fc       0x1a Build/asn.o
                0x00000000080109fc                GetASNObjectId
 .text.SkipObjectId
                0x0000000008010a16       0x20 Build/asn.o
 .text.GetObjectId
                0x0000000008010a36       0x6e Build/asn.o
                0x0000000008010a36                GetObjectId
 .text.GetAlgoId
                0x0000000008010aa4       0x98 Build/asn.o
                0x0000000008010aa4                GetAlgoId
 .text.ToTraditionalInline_ex
                0x0000000008010b3c       0x9c Build/asn.o
                0x0000000008010b3c                ToTraditionalInline_ex
 .text.ExtractDate
                0x0000000008010bd8       0xa4 Build/asn.o
                0x0000000008010bd8                ExtractDate
 .text.wc_SetTimeCb
                0x0000000008010c7c        0xc Build/asn.o
                0x0000000008010c7c                wc_SetTimeCb
 .text.wc_Time  0x0000000008010c88       0x1c Build/asn.o
                0x0000000008010c88                wc_Time
 .text.wc_GetTime
                0x0000000008010ca4       0x24 Build/asn.o
                0x0000000008010ca4                wc_GetTime
 .text.wc_GetDateInfo
                0x0000000008010cc8       0x16 Build/asn.o
                0x0000000008010cc8                wc_GetDateInfo
 .text.wc_GetDateAsCalendarTime
                0x0000000008010cde       0x20 Build/asn.o
                0x0000000008010cde                wc_GetDateAsCalendarTime
 .text.SetLength
                0x0000000008010cfe       0x4c Build/asn.o
                0x0000000008010cfe                SetLength
 .text.SetASNInt
                0x0000000008010d4a       0x32 Build/asn.o
                0x0000000008010d4a                SetASNInt
 .text.SetASNIntMP
                0x0000000008010d7c       0x64 Build/asn.o
 .text.SetBitString
                0x0000000008010de0       0x24 Build/asn.o
                0x0000000008010de0                SetBitString
 .text.SetObjectId
                0x0000000008010e04       0x12 Build/asn.o
                0x0000000008010e04                SetObjectId
 .text.SetCurve
                0x0000000008010e16       0x40 Build/asn.o
 .text.SetHeader
                0x0000000008010e56       0x16 Build/asn.o
 .text.SetSequence
                0x0000000008010e6c        0xa Build/asn.o
                0x0000000008010e6c                SetSequence
 .text.SetOctetString
                0x0000000008010e76        0xa Build/asn.o
                0x0000000008010e76                SetOctetString
 .text.SetAlgoID
                0x0000000008010e80       0xf2 Build/asn.o
                0x0000000008010e80                SetAlgoID
 .text.SetEccPublicKey
                0x0000000008010f72       0xe6 Build/asn.o
 .text.wc_EccPublicKeyToDer
                0x0000000008011058       0x14 Build/asn.o
                0x0000000008011058                wc_EccPublicKeyToDer
 .text.SetAsymKeyDerPublic
                0x000000000801106c       0x88 Build/asn.o
                0x000000000801106c                SetAsymKeyDerPublic
 .text.wc_GetCTC_HashOID
                0x00000000080110f4       0x10 Build/asn.o
                0x00000000080110f4                wc_GetCTC_HashOID
 .text.SetMyVersion
                0x0000000008011104       0x26 Build/asn.o
                0x0000000008011104                SetMyVersion
 .text.wc_CreatePKCS8Key
                0x000000000801112a      0x134 Build/asn.o
                0x000000000801112a                wc_CreatePKCS8Key
 .text.StoreECC_DSA_Sig
                0x000000000801125e       0x78 Build/asn.o
                0x000000000801125e                StoreECC_DSA_Sig
 .text.StoreECC_DSA_Sig_Bin
                0x00000000080112d6       0xd6 Build/asn.o
                0x00000000080112d6                StoreECC_DSA_Sig_Bin
 .text.DecodeECC_DSA_Sig_Bin
                0x00000000080113ac       0xa6 Build/asn.o
                0x00000000080113ac                DecodeECC_DSA_Sig_Bin
 .text.DecodeECC_DSA_Sig_Ex
                0x0000000008011452       0x7c Build/asn.o
                0x0000000008011452                DecodeECC_DSA_Sig_Ex
 .text.wc_EccPrivateKeyDecode
                0x00000000080114ce      0x1c2 Build/asn.o
                0x00000000080114ce                wc_EccPrivateKeyDecode
 .text.wc_EccPublicKeyDecode
                0x0000000008011690      0x184 Build/asn.o
                0x0000000008011690                wc_EccPublicKeyDecode
 .text.wc_BuildEccKeyDer
                0x0000000008011814      0x1ec Build/asn.o
                0x0000000008011814                wc_BuildEccKeyDer
 .text.eccToPKCS8
                0x0000000008011a00       0xe2 Build/asn.o
 .text.wc_EccKeyToDer
                0x0000000008011ae2       0x14 Build/asn.o
                0x0000000008011ae2                wc_EccKeyToDer
 .text.wc_EccPrivateKeyToPKCS8
                0x0000000008011af6        0x6 Build/asn.o
                0x0000000008011af6                wc_EccPrivateKeyToPKCS8
 .text.DecodeAsymKey
                0x0000000008011afc      0x14e Build/asn.o
                0x0000000008011afc                DecodeAsymKey
 .text.DecodeAsymKeyPublic
                0x0000000008011c4a       0xac Build/asn.o
                0x0000000008011c4a                DecodeAsymKeyPublic
 .text.wc_Ed25519PrivateKeyDecode
                0x0000000008011cf6       0x58 Build/asn.o
                0x0000000008011cf6                wc_Ed25519PrivateKeyDecode
 .text.wc_Ed25519PublicKeyDecode
                0x0000000008011d4e       0x3a Build/asn.o
                0x0000000008011d4e                wc_Ed25519PublicKeyDecode
 .text.wc_Curve25519PrivateKeyDecode
                0x0000000008011d88       0x3e Build/asn.o
                0x0000000008011d88                wc_Curve25519PrivateKeyDecode
 .text.wc_Curve25519PublicKeyDecode
                0x0000000008011dc6       0x38 Build/asn.o
                0x0000000008011dc6                wc_Curve25519PublicKeyDecode
 .text.SetAsymKeyDer
                0x0000000008011dfe       0xba Build/asn.o
                0x0000000008011dfe                SetAsymKeyDer
 .text.wc_Curve25519PrivateKeyToDer
                0x0000000008011eb8       0x36 Build/asn.o
                0x0000000008011eb8                wc_Curve25519PrivateKeyToDer
 .text.wc_Curve25519PublicKeyToDer
                0x0000000008011eee       0x38 Build/asn.o
                0x0000000008011eee                wc_Curve25519PublicKeyToDer
 *fill*         0x0000000008011f26        0x2 
 .text.Base64_Char2Val
                0x0000000008011f28       0x34 Build/coding.o
 .text.CEscape  0x0000000008011f5c       0xc0 Build/coding.o
 .text.DoBase64_Encode
                0x000000000801201c      0x22e Build/coding.o
 .text.Base64_SkipNewline
                0x000000000801224a       0x64 Build/coding.o
                0x000000000801224a                Base64_SkipNewline
 .text.Base64_Decode
                0x00000000080122ae      0x1b0 Build/coding.o
                0x00000000080122ae                Base64_Decode
 .text.Base64_Encode
                0x000000000801245e        0xe Build/coding.o
                0x000000000801245e                Base64_Encode
 .text.Base64_EncodeEsc
                0x000000000801246c        0xe Build/coding.o
                0x000000000801246c                Base64_EncodeEsc
 .text.Base64_Encode_NoNl
                0x000000000801247a        0xe Build/coding.o
                0x000000000801247a                Base64_Encode_NoNl
 .text.curve25519_copy_point
                0x0000000008012488       0x26 Build/curve25519.o
 *fill*         0x00000000080124ae        0x2 
 .text.wc_curve25519_make_pub
                0x00000000080124b0       0x3c Build/curve25519.o
                0x00000000080124b0                wc_curve25519_make_pub
 .text.wc_curve25519_make_priv
                0x00000000080124ec       0x38 Build/curve25519.o
                0x00000000080124ec                wc_curve25519_make_priv
 .text.wc_curve25519_make_key
                0x0000000008012524       0x48 Build/curve25519.o
                0x0000000008012524                wc_curve25519_make_key
 .text.wc_curve25519_shared_secret_ex
                0x000000000801256c       0x80 Build/curve25519.o
                0x000000000801256c                wc_curve25519_shared_secret_ex
 .text.wc_curve25519_shared_secret
                0x00000000080125ec        0xe Build/curve25519.o
                0x00000000080125ec                wc_curve25519_shared_secret
 .text.wc_curve25519_export_public_ex
                0x00000000080125fa       0x6e Build/curve25519.o
                0x00000000080125fa                wc_curve25519_export_public_ex
 .text.wc_curve25519_export_public
                0x0000000008012668        0x6 Build/curve25519.o
                0x0000000008012668                wc_curve25519_export_public
 *fill*         0x000000000801266e        0x2 
 .text.wc_curve25519_import_public_ex
                0x0000000008012670       0x3c Build/curve25519.o
                0x0000000008012670                wc_curve25519_import_public_ex
 .text.wc_curve25519_import_public
                0x00000000080126ac        0x6 Build/curve25519.o
                0x00000000080126ac                wc_curve25519_import_public
 .text.wc_curve25519_check_public
                0x00000000080126b2       0xa6 Build/curve25519.o
                0x00000000080126b2                wc_curve25519_check_public
 .text.wc_curve25519_export_private_raw_ex
                0x0000000008012758       0x36 Build/curve25519.o
                0x0000000008012758                wc_curve25519_export_private_raw_ex
 .text.wc_curve25519_export_private_raw
                0x000000000801278e        0x6 Build/curve25519.o
                0x000000000801278e                wc_curve25519_export_private_raw
 .text.wc_curve25519_import_private_ex
                0x0000000008012794       0x58 Build/curve25519.o
                0x0000000008012794                wc_curve25519_import_private_ex
 .text.wc_curve25519_import_private_raw_ex
                0x00000000080127ec       0x2a Build/curve25519.o
                0x00000000080127ec                wc_curve25519_import_private_raw_ex
 .text.wc_curve25519_import_private_raw
                0x0000000008012816       0x12 Build/curve25519.o
                0x0000000008012816                wc_curve25519_import_private_raw
 .text.wc_curve25519_import_private
                0x0000000008012828        0x6 Build/curve25519.o
                0x0000000008012828                wc_curve25519_import_private
 *fill*         0x000000000801282e        0x2 
 .text.wc_curve25519_init_ex
                0x0000000008012830       0x24 Build/curve25519.o
                0x0000000008012830                wc_curve25519_init_ex
 .text.wc_curve25519_free
                0x0000000008012854       0x36 Build/curve25519.o
                0x0000000008012854                wc_curve25519_free
 .text.ed25519_hash_init
                0x000000000801288a       0x20 Build/ed25519.o
 .text.ed25519_hash
                0x00000000080128aa       0x44 Build/ed25519.o
 .text.wc_ed25519_make_public
                0x00000000080128ee       0x70 Build/ed25519.o
                0x00000000080128ee                wc_ed25519_make_public
 .text.wc_ed25519_make_key
                0x000000000801295e       0x74 Build/ed25519.o
                0x000000000801295e                wc_ed25519_make_key
 *fill*         0x00000000080129d2        0x2 
 .text.wc_ed25519_sign_msg_ex
                0x00000000080129d4      0x1f8 Build/ed25519.o
                0x00000000080129d4                wc_ed25519_sign_msg_ex
 .text.wc_ed25519_sign_msg
                0x0000000008012bcc       0x18 Build/ed25519.o
                0x0000000008012bcc                wc_ed25519_sign_msg
 .text.wc_ed25519ctx_sign_msg
                0x0000000008012be4       0x1c Build/ed25519.o
                0x0000000008012be4                wc_ed25519ctx_sign_msg
 .text.wc_ed25519ph_sign_hash
                0x0000000008012c00       0x1c Build/ed25519.o
                0x0000000008012c00                wc_ed25519ph_sign_hash
 .text.wc_ed25519ph_sign_msg
                0x0000000008012c1c       0x38 Build/ed25519.o
                0x0000000008012c1c                wc_ed25519ph_sign_msg
 .text.wc_ed25519_verify_msg_ex
                0x0000000008012c54      0x1b0 Build/ed25519.o
                0x0000000008012c54                wc_ed25519_verify_msg_ex
 .text.wc_ed25519_verify_msg
                0x0000000008012e04       0x1e Build/ed25519.o
                0x0000000008012e04                wc_ed25519_verify_msg
 .text.wc_ed25519ctx_verify_msg
                0x0000000008012e22       0x22 Build/ed25519.o
                0x0000000008012e22                wc_ed25519ctx_verify_msg
 .text.wc_ed25519ph_verify_hash
                0x0000000008012e44       0x22 Build/ed25519.o
                0x0000000008012e44                wc_ed25519ph_verify_hash
 .text.wc_ed25519ph_verify_msg
                0x0000000008012e66       0x3c Build/ed25519.o
                0x0000000008012e66                wc_ed25519ph_verify_msg
 .text.wc_ed25519_init_ex
                0x0000000008012ea2       0x20 Build/ed25519.o
                0x0000000008012ea2                wc_ed25519_init_ex
 .text.wc_ed25519_init
                0x0000000008012ec2        0xa Build/ed25519.o
                0x0000000008012ec2                wc_ed25519_init
 .text.wc_ed25519_free
                0x0000000008012ecc       0x14 Build/ed25519.o
                0x0000000008012ecc                wc_ed25519_free
 .text.wc_ed25519_export_public
                0x0000000008012ee0       0x30 Build/ed25519.o
                0x0000000008012ee0                wc_ed25519_export_public
 .text.wc_ed25519_export_private_only
                0x0000000008012f10       0x32 Build/ed25519.o
                0x0000000008012f10                wc_ed25519_export_private_only
 .text.wc_ed25519_check_key
                0x0000000008012f42       0x2c Build/ed25519.o
                0x0000000008012f42                wc_ed25519_check_key
 .text.wc_ed25519_import_public_ex
                0x0000000008012f6e       0x8a Build/ed25519.o
                0x0000000008012f6e                wc_ed25519_import_public_ex
 .text.wc_ed25519_import_public
                0x0000000008012ff8        0x6 Build/ed25519.o
                0x0000000008012ff8                wc_ed25519_import_public
 .text.wc_ed25519_import_private_key_ex
                0x0000000008012ffe       0x8a Build/ed25519.o
                0x0000000008012ffe                wc_ed25519_import_private_key_ex
 .text.wc_ed25519_import_private_key
                0x0000000008013088       0x12 Build/ed25519.o
                0x0000000008013088                wc_ed25519_import_private_key
 .text.wc_ed25519_import_private_only
                0x000000000801309a       0x5a Build/ed25519.o
                0x000000000801309a                wc_ed25519_import_private_only
 .text.wc_ed25519_size
                0x00000000080130f4        0xc Build/ed25519.o
                0x00000000080130f4                wc_ed25519_size
 .text.wc_ed25519_sig_size
                0x0000000008013100        0xc Build/ed25519.o
                0x0000000008013100                wc_ed25519_sig_size
 .text.wc_GetErrorString
                0x000000000801310c       0x1c Build/error.o
                0x000000000801310c                wc_GetErrorString
 .text.wc_ErrorString
                0x0000000008013128       0x1a Build/error.o
                0x0000000008013128                wc_ErrorString
 .text.load_3   0x0000000008013142       0x14 Build/fe_operations.o
                0x0000000008013142                load_3
 .text.load_4   0x0000000008013156        0x6 Build/fe_operations.o
                0x0000000008013156                load_4
 .text.fe_1     0x000000000801315c       0x1a Build/fe_operations.o
                0x000000000801315c                fe_1
 .text.fe_0     0x0000000008013176       0x18 Build/fe_operations.o
                0x0000000008013176                fe_0
 .text.fe_init  0x000000000801318e        0x2 Build/fe_operations.o
                0x000000000801318e                fe_init
 .text.fe_sq    0x0000000008013190      0x3b0 Build/fe_operations.o
                0x0000000008013190                fe_sq
 .text.fe_add   0x0000000008013540       0x62 Build/fe_operations.o
                0x0000000008013540                fe_add
 .text.fe_tobytes
                0x00000000080135a2      0x162 Build/fe_operations.o
                0x00000000080135a2                fe_tobytes
 .text.fe_sub   0x0000000008013704       0x62 Build/fe_operations.o
                0x0000000008013704                fe_sub
 .text.fe_frombytes
                0x0000000008013766      0x214 Build/fe_operations.o
                0x0000000008013766                fe_frombytes
 .text.fe_copy  0x000000000801397a       0x30 Build/fe_operations.o
                0x000000000801397a                fe_copy
 .text.fe_mul   0x00000000080139aa      0x584 Build/fe_operations.o
                0x00000000080139aa                fe_mul
 .text.fe_invert
                0x0000000008013f2e      0x174 Build/fe_operations.o
                0x0000000008013f2e                fe_invert
 .text.fe_cswap
                0x00000000080140a2      0x160 Build/fe_operations.o
                0x00000000080140a2                fe_cswap
 *fill*         0x0000000008014202        0x2 
 .text.fe_mul121666
                0x0000000008014204      0x1ac Build/fe_operations.o
                0x0000000008014204                fe_mul121666
 .text.curve25519
                0x00000000080143b0      0x192 Build/fe_operations.o
                0x00000000080143b0                curve25519
 .text.fe_sq2   0x0000000008014542      0x412 Build/fe_operations.o
                0x0000000008014542                fe_sq2
 .text.fe_pow22523
                0x0000000008014954      0x164 Build/fe_operations.o
                0x0000000008014954                fe_pow22523
 .text.fe_neg   0x0000000008014ab8       0x4a Build/fe_operations.o
                0x0000000008014ab8                fe_neg
 *fill*         0x0000000008014b02        0x2 
 .text.fe_isnonzero
                0x0000000008014b04       0x30 Build/fe_operations.o
                0x0000000008014b04                fe_isnonzero
 .text.fe_isnegative
                0x0000000008014b34       0x1a Build/fe_operations.o
                0x0000000008014b34                fe_isnegative
 .text.fe_cmov  0x0000000008014b4e       0xba Build/fe_operations.o
                0x0000000008014b4e                fe_cmov
 .text.slide    0x0000000008014c08       0x98 Build/ge_operations.o
 .text.ge_p1p1_to_p2
                0x0000000008014ca0       0x32 Build/ge_operations.o
 .text.ge_madd  0x0000000008014cd2       0x8c Build/ge_operations.o
 .text.ge_p1p1_to_p3
                0x0000000008014d5e       0x42 Build/ge_operations.o
 .text.ge_add   0x0000000008014da0       0x98 Build/ge_operations.o
 .text.ge_p3_to_cached
                0x0000000008014e38       0x40 Build/ge_operations.o
 .text.ge_p2_dbl
                0x0000000008014e78       0x70 Build/ge_operations.o
 .text.ge_p3_dbl
                0x0000000008014ee8       0x2e Build/ge_operations.o
 .text.cmov     0x0000000008014f16       0x34 Build/ge_operations.o
 *fill*         0x0000000008014f4a        0x2 
 .text.ge_select
                0x0000000008014f4c       0xe0 Build/ge_operations.o
 .text.sc_reduce
                0x000000000801502c      0xbf8 Build/ge_operations.o
                0x000000000801502c                sc_reduce
 .text.sc_muladd
                0x0000000008015c24     0x14d8 Build/ge_operations.o
                0x0000000008015c24                sc_muladd
 .text.ge_scalarmult_base
                0x00000000080170fc      0x12c Build/ge_operations.o
                0x00000000080170fc                ge_scalarmult_base
 .text.ge_double_scalarmult_vartime
                0x0000000008017228      0x3e8 Build/ge_operations.o
                0x0000000008017228                ge_double_scalarmult_vartime
 .text.ge_frombytes_negate_vartime
                0x0000000008017610      0x104 Build/ge_operations.o
                0x0000000008017610                ge_frombytes_negate_vartime
 .text.ge_tobytes
                0x0000000008017714       0x40 Build/ge_operations.o
                0x0000000008017714                ge_tobytes
 .text.ge_compress_key
                0x0000000008017754       0x54 Build/ge_operations.o
                0x0000000008017754                ge_compress_key
 .text.wc_HashTypeConvert
                0x00000000080177a8        0xc Build/hash.o
                0x00000000080177a8                wc_HashTypeConvert
 .text.wc_HashGetOID
                0x00000000080177b4       0x18 Build/hash.o
                0x00000000080177b4                wc_HashGetOID
 .text.wc_OidGetHash
                0x00000000080177cc       0x1e Build/hash.o
                0x00000000080177cc                wc_OidGetHash
 *fill*         0x00000000080177ea        0x2 
 .text.wc_HashGetDigestSize
                0x00000000080177ec       0x18 Build/hash.o
                0x00000000080177ec                wc_HashGetDigestSize
 .text.wc_HashGetBlockSize
                0x0000000008017804       0x18 Build/hash.o
                0x0000000008017804                wc_HashGetBlockSize
 .text.wc_HashInit_ex
                0x000000000801781c       0x50 Build/hash.o
                0x000000000801781c                wc_HashInit_ex
 .text.wc_HashInit
                0x000000000801786c        0xa Build/hash.o
                0x000000000801786c                wc_HashInit
 .text.wc_HashUpdate
                0x0000000008017876       0x54 Build/hash.o
                0x0000000008017876                wc_HashUpdate
 .text.wc_HashFinal
                0x00000000080178ca       0x42 Build/hash.o
                0x00000000080178ca                wc_HashFinal
 .text.wc_HashFree
                0x000000000801790c       0x4a Build/hash.o
                0x000000000801790c                wc_HashFree
 .text.wc_ShaHash
                0x0000000008017956       0x52 Build/hash.o
                0x0000000008017956                wc_ShaHash
 .text.wc_Sha256Hash
                0x00000000080179a8       0x52 Build/hash.o
                0x00000000080179a8                wc_Sha256Hash
 .text.wc_Sha512Hash
                0x00000000080179fa       0x4c Build/hash.o
                0x00000000080179fa                wc_Sha512Hash
 .text.wc_Sha512_224Hash
                0x0000000008017a46       0x4c Build/hash.o
                0x0000000008017a46                wc_Sha512_224Hash
 .text.wc_Sha512_256Hash
                0x0000000008017a92       0x4c Build/hash.o
                0x0000000008017a92                wc_Sha512_256Hash
 .text.wc_Hash  0x0000000008017ade       0x76 Build/hash.o
                0x0000000008017ade                wc_Hash
 .text.wolfSSL_SetLoggingCb
                0x0000000008017b54        0x6 Build/logging.o
                0x0000000008017b54                wolfSSL_SetLoggingCb
 .text.wolfSSL_Debugging_ON
                0x0000000008017b5a        0x6 Build/logging.o
                0x0000000008017b5a                wolfSSL_Debugging_ON
 .text.wolfSSL_Debugging_OFF
                0x0000000008017b60        0x2 Build/logging.o
                0x0000000008017b60                wolfSSL_Debugging_OFF
 .text.wc_SignatureGetSize
                0x0000000008017b62       0x28 Build/signature.o
                0x0000000008017b62                wc_SignatureGetSize
 .text.wc_SignatureVerifyHash
                0x0000000008017b8a       0x98 Build/signature.o
                0x0000000008017b8a                wc_SignatureVerifyHash
 .text.wc_SignatureVerify
                0x0000000008017c22       0xac Build/signature.o
                0x0000000008017c22                wc_SignatureVerify
 .text.wc_SignatureGenerateHash_ex
                0x0000000008017cce       0xc2 Build/signature.o
                0x0000000008017cce                wc_SignatureGenerateHash_ex
 .text.wc_SignatureGenerateHash
                0x0000000008017d90       0x24 Build/signature.o
                0x0000000008017d90                wc_SignatureGenerateHash
 .text.wc_SignatureGenerate_ex
                0x0000000008017db4       0xb6 Build/signature.o
                0x0000000008017db4                wc_SignatureGenerate_ex
 .text.wc_SignatureGenerate
                0x0000000008017e6a       0x24 Build/signature.o
                0x0000000008017e6a                wc_SignatureGenerate
 .text.fp_cond_swap_ct_ex
                0x0000000008017e8e       0x78 Build/tfm.o
 .text.fp_sqr_comba8
                0x0000000008017f06      0x458 Build/tfm.o
                0x0000000008017f06                fp_sqr_comba8
 .text.fp_mul_comba8
                0x000000000801835e      0x4be Build/tfm.o
                0x000000000801835e                fp_mul_comba8
 .text.CheckRunTimeSettings
                0x000000000801881c        0x4 Build/tfm.o
                0x000000000801881c                CheckRunTimeSettings
 .text.CheckRunTimeFastMath
                0x0000000008018820        0x4 Build/tfm.o
                0x0000000008018820                CheckRunTimeFastMath
 .text.s_fp_add
                0x0000000008018824       0x8e Build/tfm.o
                0x0000000008018824                s_fp_add
 .text.s_fp_sub
                0x00000000080188b2       0x92 Build/tfm.o
                0x00000000080188b2                s_fp_sub
 .text.fp_mul_2
                0x0000000008018944       0x6a Build/tfm.o
                0x0000000008018944                fp_mul_2
 .text.fp_mul_d
                0x00000000080189ae       0x7e Build/tfm.o
                0x00000000080189ae                fp_mul_d
 .text.fp_div_2
                0x0000000008018a2c       0x6a Build/tfm.o
                0x0000000008018a2c                fp_div_2
 .text.fp_div_2_mod_ct
                0x0000000008018a96       0x98 Build/tfm.o
                0x0000000008018a96                fp_div_2_mod_ct
 .text.fp_submod_ct
                0x0000000008018b2e       0xa2 Build/tfm.o
                0x0000000008018b2e                fp_submod_ct
 .text.fp_addmod_ct
                0x0000000008018bd0       0xbe Build/tfm.o
                0x0000000008018bd0                fp_addmod_ct
 .text.fp_cmp_d
                0x0000000008018c8e       0x32 Build/tfm.o
                0x0000000008018c8e                fp_cmp_d
 .text.fp_cmp_mag
                0x0000000008018cc0       0x36 Build/tfm.o
                0x0000000008018cc0                fp_cmp_mag
 .text.fp_add   0x0000000008018cf6       0x44 Build/tfm.o
                0x0000000008018cf6                fp_add
 .text.fp_sub   0x0000000008018d3a       0x42 Build/tfm.o
                0x0000000008018d3a                fp_sub
 .text.fp_cmp   0x0000000008018d7c       0x2a Build/tfm.o
                0x0000000008018d7c                fp_cmp
 .text.fp_montgomery_setup
                0x0000000008018da6       0x36 Build/tfm.o
                0x0000000008018da6                fp_montgomery_setup
 .text.fp_montgomery_reduce_ex
                0x0000000008018ddc      0x14a Build/tfm.o
                0x0000000008018ddc                fp_montgomery_reduce_ex
 .text.fp_montgomery_reduce
                0x0000000008018f26        0x6 Build/tfm.o
                0x0000000008018f26                fp_montgomery_reduce
 .text.fp_to_unsigned_bin_at_pos
                0x0000000008018f2c       0x40 Build/tfm.o
                0x0000000008018f2c                fp_to_unsigned_bin_at_pos
 .text.fp_is_bit_set
                0x0000000008018f6c       0x30 Build/tfm.o
                0x0000000008018f6c                fp_is_bit_set
 .text.fp_count_bits
                0x0000000008018f9c       0x1a Build/tfm.o
                0x0000000008018f9c                fp_count_bits
 .text.fp_unsigned_bin_size
                0x0000000008018fb6       0x1a Build/tfm.o
                0x0000000008018fb6                fp_unsigned_bin_size
 .text.fp_leading_bit
                0x0000000008018fd0       0x22 Build/tfm.o
                0x0000000008018fd0                fp_leading_bit
 .text.fp_lshd  0x0000000008018ff2       0x68 Build/tfm.o
                0x0000000008018ff2                fp_lshd
 .text.fp_zero  0x000000000801905a        0xe Build/tfm.o
                0x000000000801905a                fp_zero
 .text.fp_2expt
                0x0000000008019068       0x28 Build/tfm.o
                0x0000000008019068                fp_2expt
 .text.fp_read_unsigned_bin
                0x0000000008019090       0x4a Build/tfm.o
                0x0000000008019090                fp_read_unsigned_bin
 .text.fp_set   0x00000000080190da       0x16 Build/tfm.o
                0x00000000080190da                fp_set
 .text.fp_montgomery_calc_normalization
                0x00000000080190f0       0x6e Build/tfm.o
                0x00000000080190f0                fp_montgomery_calc_normalization
 .text.fp_rshd  0x000000000801915e       0x56 Build/tfm.o
                0x000000000801915e                fp_rshd
 .text.fp_rshb  0x00000000080191b4       0x66 Build/tfm.o
                0x00000000080191b4                fp_rshb
 .text.fp_sub_d
                0x000000000801921a       0x3a Build/tfm.o
                0x000000000801921a                fp_sub_d
 .text.mp_init  0x0000000008019254        0xc Build/tfm.o
                0x0000000008019254                mp_init
 .text.fp_forcezero
                0x0000000008019260       0x1a Build/tfm.o
                0x0000000008019260                fp_forcezero
 .text.mp_forcezero
                0x000000000801927a        0x4 Build/tfm.o
                0x000000000801927a                mp_forcezero
 .text.mp_clear
                0x000000000801927e        0x8 Build/tfm.o
                0x000000000801927e                mp_clear
 .text.mp_free  0x0000000008019286        0x2 Build/tfm.o
                0x0000000008019286                mp_free
 .text.mp_init_multi
                0x0000000008019288       0x46 Build/tfm.o
                0x0000000008019288                mp_init_multi
 .text.mp_add   0x00000000080192ce        0x4 Build/tfm.o
                0x00000000080192ce                mp_add
 .text.mp_sub   0x00000000080192d2        0x4 Build/tfm.o
                0x00000000080192d2                mp_sub
 .text.mp_submod_ct
                0x00000000080192d6        0x4 Build/tfm.o
                0x00000000080192d6                mp_submod_ct
 .text.mp_addmod_ct
                0x00000000080192da        0x4 Build/tfm.o
                0x00000000080192da                mp_addmod_ct
 .text.mp_cmp   0x00000000080192de        0x4 Build/tfm.o
                0x00000000080192de                mp_cmp
 .text.mp_cmp_d
                0x00000000080192e2        0x4 Build/tfm.o
                0x00000000080192e2                mp_cmp_d
 .text.mp_unsigned_bin_size
                0x00000000080192e6        0x4 Build/tfm.o
                0x00000000080192e6                mp_unsigned_bin_size
 .text.mp_read_unsigned_bin
                0x00000000080192ea        0x4 Build/tfm.o
                0x00000000080192ea                mp_read_unsigned_bin
 .text.mp_sub_d
                0x00000000080192ee        0x4 Build/tfm.o
                0x00000000080192ee                mp_sub_d
 .text.fp_copy  0x00000000080192f2       0x1e Build/tfm.o
                0x00000000080192f2                fp_copy
 .text.fp_mul_2d
                0x0000000008019310       0x8a Build/tfm.o
                0x0000000008019310                fp_mul_2d
 .text.fp_mul_comba
                0x000000000801939a      0x100 Build/tfm.o
                0x000000000801939a                fp_mul_comba
 .text.fp_mul   0x000000000801949a       0x52 Build/tfm.o
                0x000000000801949a                fp_mul
 .text.mp_mul   0x00000000080194ec        0x4 Build/tfm.o
                0x00000000080194ec                mp_mul
 .text.fp_mod_2d
                0x00000000080194f0       0xc6 Build/tfm.o
                0x00000000080194f0                fp_mod_2d
 .text.fp_div_2d
                0x00000000080195b6       0x72 Build/tfm.o
                0x00000000080195b6                fp_div_2d
 .text.fp_div   0x0000000008019628      0x328 Build/tfm.o
                0x0000000008019628                fp_div
 .text.fp_mod   0x0000000008019950       0x58 Build/tfm.o
                0x0000000008019950                fp_mod
 .text.fp_mulmod
                0x00000000080199a8       0x46 Build/tfm.o
                0x00000000080199a8                fp_mulmod
 .text.mp_mulmod
                0x00000000080199ee        0x4 Build/tfm.o
                0x00000000080199ee                mp_mulmod
 .text.fp_submod
                0x00000000080199f2       0x46 Build/tfm.o
                0x00000000080199f2                fp_submod
 .text.mp_submod
                0x0000000008019a38        0x4 Build/tfm.o
                0x0000000008019a38                mp_submod
 .text.mp_mod   0x0000000008019a3c        0x4 Build/tfm.o
                0x0000000008019a3c                mp_mod
 .text.fp_invmod
                0x0000000008019a40      0x470 Build/tfm.o
                0x0000000008019a40                fp_invmod
 .text.mp_invmod
                0x0000000008019eb0        0x4 Build/tfm.o
                0x0000000008019eb0                mp_invmod
 .text.fp_sqr_comba
                0x0000000008019eb4      0x12c Build/tfm.o
                0x0000000008019eb4                fp_sqr_comba
 .text.fp_sqr   0x0000000008019fe0       0x3c Build/tfm.o
                0x0000000008019fe0                fp_sqr
 .text.fp_invmod_mont_ct
                0x000000000801a01c      0x1b2 Build/tfm.o
                0x000000000801a01c                fp_invmod_mont_ct
 .text.mp_invmod_mont_ct
                0x000000000801a1ce        0x4 Build/tfm.o
                0x000000000801a1ce                mp_invmod_mont_ct
 .text.fp_div_d
                0x000000000801a1d2      0x112 Build/tfm.o
 .text.fp_init_copy
                0x000000000801a2e4       0x1c Build/tfm.o
                0x000000000801a2e4                fp_init_copy
 .text.fp_to_unsigned_bin
                0x000000000801a300       0x38 Build/tfm.o
                0x000000000801a300                fp_to_unsigned_bin
 .text.mp_to_unsigned_bin
                0x000000000801a338        0x4 Build/tfm.o
                0x000000000801a338                mp_to_unsigned_bin
 .text.mp_copy  0x000000000801a33c        0xa Build/tfm.o
                0x000000000801a33c                mp_copy
 .text.mp_iszero
                0x000000000801a346        0xa Build/tfm.o
                0x000000000801a346                mp_iszero
 .text.mp_count_bits
                0x000000000801a350        0x4 Build/tfm.o
                0x000000000801a350                mp_count_bits
 .text.mp_leading_bit
                0x000000000801a354        0x4 Build/tfm.o
                0x000000000801a354                mp_leading_bit
 .text.mp_rshb  0x000000000801a358        0x4 Build/tfm.o
                0x000000000801a358                mp_rshb
 .text.mp_montgomery_calc_normalization
                0x000000000801a35c        0x4 Build/tfm.o
                0x000000000801a35c                mp_montgomery_calc_normalization
 .text.mp_cond_swap_ct_ex
                0x000000000801a360        0x4 Build/tfm.o
                0x000000000801a360                mp_cond_swap_ct_ex
 .text.fp_add_d
                0x000000000801a364       0x3a Build/tfm.o
                0x000000000801a364                fp_add_d
 *fill*         0x000000000801a39e        0x2 
 .text.mp_read_radix
                0x000000000801a3a0      0x128 Build/tfm.o
                0x000000000801a3a0                mp_read_radix
 .text.mp_sqr   0x000000000801a4c8        0x4 Build/tfm.o
                0x000000000801a4c8                mp_sqr
 .text.mp_montgomery_reduce
                0x000000000801a4cc        0x4 Build/tfm.o
                0x000000000801a4cc                mp_montgomery_reduce
 .text.mp_montgomery_setup
                0x000000000801a4d0        0x4 Build/tfm.o
                0x000000000801a4d0                mp_montgomery_setup
 .text.mp_div_2_mod_ct
                0x000000000801a4d4        0x4 Build/tfm.o
                0x000000000801a4d4                mp_div_2_mod_ct
 .text.mp_set   0x000000000801a4d8        0xa Build/tfm.o
                0x000000000801a4d8                mp_set
 .text.mp_radix_size
                0x000000000801a4e2       0xbe Build/tfm.o
                0x000000000801a4e2                mp_radix_size
 .text.mp_toradix
                0x000000000801a5a0       0xc0 Build/tfm.o
                0x000000000801a5a0                mp_toradix
 .text.wc_AesCbcDecryptWithKey
                0x000000000801a660       0x78 Build/wc_encrypt.o
                0x000000000801a660                wc_AesCbcDecryptWithKey
 .text.wc_AesCbcEncryptWithKey
                0x000000000801a6d8       0x60 Build/wc_encrypt.o
                0x000000000801a6d8                wc_AesCbcEncryptWithKey
 .text.wc_Des_CbcEncryptWithKey
                0x000000000801a738       0x44 Build/wc_encrypt.o
                0x000000000801a738                wc_Des_CbcEncryptWithKey
 .text.wolfCrypt_Init
                0x000000000801a77c       0x14 Build/wc_port.o
                0x000000000801a77c                wolfCrypt_Init
 .text.wolfCrypt_Cleanup
                0x000000000801a790       0x1c Build/wc_port.o
                0x000000000801a790                wolfCrypt_Cleanup
 .text.wc_InitAndAllocMutex
                0x000000000801a7ac        0x6 Build/wc_port.o
                0x000000000801a7ac                wc_InitAndAllocMutex
 .text.wc_FreeMutex
                0x000000000801a7b2        0x4 Build/wc_port.o
                0x000000000801a7b2                wc_FreeMutex
 .text.mp_reverse
                0x000000000801a7b6       0x24 Build/wolfmath.o
                0x000000000801a7b6                mp_reverse
 .text.get_digit_count
                0x000000000801a7da        0x6 Build/wolfmath.o
                0x000000000801a7da                get_digit_count
 .text.get_digit
                0x000000000801a7e0       0x18 Build/wolfmath.o
                0x000000000801a7e0                get_digit
 .text.mp_cond_copy
                0x000000000801a7f8       0xa2 Build/wolfmath.o
                0x000000000801a7f8                mp_cond_copy
 .text.wc_export_int
                0x000000000801a89a       0x70 Build/wolfmath.o
                0x000000000801a89a                wc_export_int
 *fill*         0x000000000801a90a        0x2 
 .text          0x000000000801a90c       0x30 /usr/share/gcc-arm-none-eabi-10.3-2021.10/bin/../lib/gcc/arm-none-eabi/10.3.1/thumb/v7e-m/nofp/libgcc.a(_aeabi_uldivmod.o)
                0x000000000801a90c                __aeabi_uldivmod
 .text          0x000000000801a93c      0x2d0 /usr/share/gcc-arm-none-eabi-10.3-2021.10/bin/../lib/gcc/arm-none-eabi/10.3.1/thumb/v7e-m/nofp/libgcc.a(_udivmoddi4.o)
                0x000000000801a93c                __udivmoddi4
 .text          0x000000000801ac0c        0x4 /usr/share/gcc-arm-none-eabi-10.3-2021.10/bin/../lib/gcc/arm-none-eabi/10.3.1/thumb/v7e-m/nofp/libgcc.a(_dvmd_tls.o)
                0x000000000801ac0c                __aeabi_ldiv0
                0x000000000801ac0c                __aeabi_idiv0
 .text.__sflush_r
                0x000000000801ac10      0x104 /usr/share/gcc-arm-none-eabi-10.3-2021.10/bin/../lib/gcc/arm-none-eabi/10.3.1/../../../../arm-none-eabi/lib/thumb/v7e-m/nofp/libg_nano.a(lib_a-fflush.o)
                0x000000000801ac10                __sflush_r
 .text._fflush_r
                0x000000000801ad14       0x78 /usr/share/gcc-arm-none-eabi-10.3-2021.10/bin/../lib/gcc/arm-none-eabi/10.3.1/../../../../arm-none-eabi/lib/thumb/v7e-m/nofp/libg_nano.a(lib_a-fflush.o)
                0x000000000801ad14                _fflush_r
 .text.fflush   0x000000000801ad8c       0x24 /usr/share/gcc-arm-none-eabi-10.3-2021.10/bin/../lib/gcc/arm-none-eabi/10.3.1/../../../../arm-none-eabi/lib/thumb/v7e-m/nofp/libg_nano.a(lib_a-fflush.o)
                0x000000000801ad8c                fflush
 .text.std      0x000000000801adb0       0x48 /usr/share/gcc-arm-none-eabi-10.3-2021.10/bin/../lib/gcc/arm-none-eabi/10.3.1/../../../../arm-none-eabi/lib/thumb/v7e-m/nofp/libg_nano.a(lib_a-findfp.o)
 .text._cleanup_r
                0x000000000801adf8        0xc /usr/share/gcc-arm-none-eabi-10.3-2021.10/bin/../lib/gcc/arm-none-eabi/10.3.1/../../../../arm-none-eabi/lib/thumb/v7e-m/nofp/libg_nano.a(lib_a-findfp.o)
                0x000000000801adf8                _cleanup_r
 .text.__sfmoreglue
                0x000000000801ae04       0x2c /usr/share/gcc-arm-none-eabi-10.3-2021.10/bin/../lib/gcc/arm-none-eabi/10.3.1/../../../../arm-none-eabi/lib/thumb/v7e-m/nofp/libg_nano.a(lib_a-findfp.o)
                0x000000000801ae04                __sfmoreglue
 .text.__sfp_lock_acquire
                0x000000000801ae30        0xc /usr/share/gcc-arm-none-eabi-10.3-2021.10/bin/../lib/gcc/arm-none-eabi/10.3.1/../../../../arm-none-eabi/lib/thumb/v7e-m/nofp/libg_nano.a(lib_a-findfp.o)
                0x000000000801ae30                __sfp_lock_acquire
 .text.__sfp_lock_release
                0x000000000801ae3c        0xc /usr/share/gcc-arm-none-eabi-10.3-2021.10/bin/../lib/gcc/arm-none-eabi/10.3.1/../../../../arm-none-eabi/lib/thumb/v7e-m/nofp/libg_nano.a(lib_a-findfp.o)
                0x000000000801ae3c                __sfp_lock_release
 .text.__sinit_lock_acquire
                0x000000000801ae48        0xc /usr/share/gcc-arm-none-eabi-10.3-2021.10/bin/../lib/gcc/arm-none-eabi/10.3.1/../../../../arm-none-eabi/lib/thumb/v7e-m/nofp/libg_nano.a(lib_a-findfp.o)
                0x000000000801ae48                __sinit_lock_acquire
 .text.__sinit_lock_release
                0x000000000801ae54        0xc /usr/share/gcc-arm-none-eabi-10.3-2021.10/bin/../lib/gcc/arm-none-eabi/10.3.1/../../../../arm-none-eabi/lib/thumb/v7e-m/nofp/libg_nano.a(lib_a-findfp.o)
                0x000000000801ae54                __sinit_lock_release
 .text.__sinit  0x000000000801ae60       0x70 /usr/share/gcc-arm-none-eabi-10.3-2021.10/bin/../lib/gcc/arm-none-eabi/10.3.1/../../../../arm-none-eabi/lib/thumb/v7e-m/nofp/libg_nano.a(lib_a-findfp.o)
                0x000000000801ae60                __sinit
 .text.__sfp    0x000000000801aed0       0x8c /usr/share/gcc-arm-none-eabi-10.3-2021.10/bin/../lib/gcc/arm-none-eabi/10.3.1/../../../../arm-none-eabi/lib/thumb/v7e-m/nofp/libg_nano.a(lib_a-findfp.o)
                0x000000000801aed0                __sfp
 .text._fwalk_reent
                0x000000000801af5c       0x3e /usr/share/gcc-arm-none-eabi-10.3-2021.10/bin/../lib/gcc/arm-none-eabi/10.3.1/../../../../arm-none-eabi/lib/thumb/v7e-m/nofp/libg_nano.a(lib_a-fwalk.o)
                0x000000000801af5c                _fwalk_reent
 .text.__retarget_lock_init_recursive
                0x000000000801af9a        0x2 /usr/share/gcc-arm-none-eabi-10.3-2021.10/bin/../lib/gcc/arm-none-eabi/10.3.1/../../../../arm-none-eabi/lib/thumb/v7e-m/nofp/libg_nano.a(lib_a-lock.o)
                0x000000000801af9a                __retarget_lock_init_recursive
 .text.__retarget_lock_acquire_recursive
                0x000000000801af9c        0x2 /usr/share/gcc-arm-none-eabi-10.3-2021.10/bin/../lib/gcc/arm-none-eabi/10.3.1/../../../../arm-none-eabi/lib/thumb/v7e-m/nofp/libg_nano.a(lib_a-lock.o)
                0x000000000801af9c                __retarget_lock_acquire_recursive
 .text.__retarget_lock_release_recursive
                0x000000000801af9e        0x2 /usr/share/gcc-arm-none-eabi-10.3-2021.10/bin/../lib/gcc/arm-none-eabi/10.3.1/../../../../arm-none-eabi/lib/thumb/v7e-m/nofp/libg_nano.a(lib_a-lock.o)
                0x000000000801af9e                __retarget_lock_release_recursive
 .text.malloc   0x000000000801afa0       0x10 /usr/share/gcc-arm-none-eabi-10.3-2021.10/bin/../lib/gcc/arm-none-eabi/10.3.1/../../../../arm-none-eabi/lib/thumb/v7e-m/nofp/libg_nano.a(lib_a-malloc.o)
                0x000000000801afa0                malloc
 .text.free     0x000000000801afb0       0x10 /usr/share/gcc-arm-none-eabi-10.3-2021.10/bin/../lib/gcc/arm-none-eabi/10.3.1/../../../../arm-none-eabi/lib/thumb/v7e-m/nofp/libg_nano.a(lib_a-malloc.o)
                0x000000000801afb0                free
 .text.memcmp   0x000000000801afc0       0x20 /usr/share/gcc-arm-none-eabi-10.3-2021.10/bin/../lib/gcc/arm-none-eabi/10.3.1/../../../../arm-none-eabi/lib/thumb/v7e-m/nofp/libg_nano.a(lib_a-memcmp.o)
                0x000000000801afc0                memcmp
 .text.memcpy   0x000000000801afe0       0x1c /usr/share/gcc-arm-none-eabi-10.3-2021.10/bin/../lib/gcc/arm-none-eabi/10.3.1/../../../../arm-none-eabi/lib/thumb/v7e-m/nofp/libg_nano.a(lib_a-memcpy-stub.o)
                0x000000000801afe0                memcpy
 .text.memmove  0x000000000801affc       0x34 /usr/share/gcc-arm-none-eabi-10.3-2021.10/bin/../lib/gcc/arm-none-eabi/10.3.1/../../../../arm-none-eabi/lib/thumb/v7e-m/nofp/libg_nano.a(lib_a-memmove.o)
                0x000000000801affc                memmove
 .text.memset   0x000000000801b030       0x10 /usr/share/gcc-arm-none-eabi-10.3-2021.10/bin/../lib/gcc/arm-none-eabi/10.3.1/../../../../arm-none-eabi/lib/thumb/v7e-m/nofp/libg_nano.a(lib_a-memset.o)
                0x000000000801b030                memset
 .text._free_r  0x000000000801b040       0x94 /usr/share/gcc-arm-none-eabi-10.3-2021.10/bin/../lib/gcc/arm-none-eabi/10.3.1/../../../../arm-none-eabi/lib/thumb/v7e-m/nofp/libg_nano.a(lib_a-nano-freer.o)
                0x000000000801b040                _free_r
 .text.sbrk_aligned
                0x000000000801b0d4       0x40 /usr/share/gcc-arm-none-eabi-10.3-2021.10/bin/../lib/gcc/arm-none-eabi/10.3.1/../../../../arm-none-eabi/lib/thumb/v7e-m/nofp/libg_nano.a(lib_a-nano-mallocr.o)
 .text._malloc_r
                0x000000000801b114       0xe8 /usr/share/gcc-arm-none-eabi-10.3-2021.10/bin/../lib/gcc/arm-none-eabi/10.3.1/../../../../arm-none-eabi/lib/thumb/v7e-m/nofp/libg_nano.a(lib_a-nano-mallocr.o)
                0x000000000801b114                _malloc_r
 .text.printf   0x000000000801b1fc       0x30 /usr/share/gcc-arm-none-eabi-10.3-2021.10/bin/../lib/gcc/arm-none-eabi/10.3.1/../../../../arm-none-eabi/lib/thumb/v7e-m/nofp/libg_nano.a(lib_a-printf.o)
                0x000000000801b1fc                printf
                0x000000000801b1fc                iprintf
 .text._sbrk_r  0x000000000801b22c       0x20 /usr/share/gcc-arm-none-eabi-10.3-2021.10/bin/../lib/gcc/arm-none-eabi/10.3.1/../../../../arm-none-eabi/lib/thumb/v7e-m/nofp/libg_nano.a(lib_a-sbrkr.o)
                0x000000000801b22c                _sbrk_r
 .text.__sread  0x000000000801b24c       0x22 /usr/share/gcc-arm-none-eabi-10.3-2021.10/bin/../lib/gcc/arm-none-eabi/10.3.1/../../../../arm-none-eabi/lib/thumb/v7e-m/nofp/libg_nano.a(lib_a-stdio.o)
                0x000000000801b24c                __sread
 .text.__swrite
                0x000000000801b26e       0x38 /usr/share/gcc-arm-none-eabi-10.3-2021.10/bin/../lib/gcc/arm-none-eabi/10.3.1/../../../../arm-none-eabi/lib/thumb/v7e-m/nofp/libg_nano.a(lib_a-stdio.o)
                0x000000000801b26e                __swrite
 .text.__sseek  0x000000000801b2a6       0x24 /usr/share/gcc-arm-none-eabi-10.3-2021.10/bin/../lib/gcc/arm-none-eabi/10.3.1/../../../../arm-none-eabi/lib/thumb/v7e-m/nofp/libg_nano.a(lib_a-stdio.o)
                0x000000000801b2a6                __sseek
 .text.__sclose
                0x000000000801b2ca        0x8 /usr/share/gcc-arm-none-eabi-10.3-2021.10/bin/../lib/gcc/arm-none-eabi/10.3.1/../../../../arm-none-eabi/lib/thumb/v7e-m/nofp/libg_nano.a(lib_a-stdio.o)
                0x000000000801b2ca                __sclose
 .text          0x000000000801b2d2       0x14 /usr/share/gcc-arm-none-eabi-10.3-2021.10/bin/../lib/gcc/arm-none-eabi/10.3.1/../../../../arm-none-eabi/lib/thumb/v7e-m/nofp/libg_nano.a(lib_a-strcmp.o)
                0x000000000801b2d2                strcmp
 .text          0x000000000801b2e6       0x10 /usr/share/gcc-arm-none-eabi-10.3-2021.10/bin/../lib/gcc/arm-none-eabi/10.3.1/../../../../arm-none-eabi/lib/thumb/v7e-m/nofp/libg_nano.a(lib_a-strlen.o)
                0x000000000801b2e6                strlen
 .text.strncmp  0x000000000801b2f6       0x28 /usr/share/gcc-arm-none-eabi-10.3-2021.10/bin/../lib/gcc/arm-none-eabi/10.3.1/../../../../arm-none-eabi/lib/thumb/v7e-m/nofp/libg_nano.a(lib_a-strncmp.o)
                0x000000000801b2f6                strncmp
 .text.strncpy  0x000000000801b31e       0x26 /usr/share/gcc-arm-none-eabi-10.3-2021.10/bin/../lib/gcc/arm-none-eabi/10.3.1/../../../../arm-none-eabi/lib/thumb/v7e-m/nofp/libg_nano.a(lib_a-strncpy.o)
                0x000000000801b31e                strncpy
 .text._write_r
                0x000000000801b344       0x24 /usr/share/gcc-arm-none-eabi-10.3-2021.10/bin/../lib/gcc/arm-none-eabi/10.3.1/../../../../arm-none-eabi/lib/thumb/v7e-m/nofp/libg_nano.a(lib_a-writer.o)
                0x000000000801b344                _write_r
 .text._close_r
                0x000000000801b368       0x20 /usr/share/gcc-arm-none-eabi-10.3-2021.10/bin/../lib/gcc/arm-none-eabi/10.3.1/../../../../arm-none-eabi/lib/thumb/v7e-m/nofp/libg_nano.a(lib_a-closer.o)
                0x000000000801b368                _close_r
 .text._lseek_r
                0x000000000801b388       0x24 /usr/share/gcc-arm-none-eabi-10.3-2021.10/bin/../lib/gcc/arm-none-eabi/10.3.1/../../../../arm-none-eabi/lib/thumb/v7e-m/nofp/libg_nano.a(lib_a-lseekr.o)
                0x000000000801b388                _lseek_r
 .text.__malloc_lock
                0x000000000801b3ac        0xc /usr/share/gcc-arm-none-eabi-10.3-2021.10/bin/../lib/gcc/arm-none-eabi/10.3.1/../../../../arm-none-eabi/lib/thumb/v7e-m/nofp/libg_nano.a(lib_a-mlock.o)
                0x000000000801b3ac                __malloc_lock
 .text.__malloc_unlock
                0x000000000801b3b8        0xc /usr/share/gcc-arm-none-eabi-10.3-2021.10/bin/../lib/gcc/arm-none-eabi/10.3.1/../../../../arm-none-eabi/lib/thumb/v7e-m/nofp/libg_nano.a(lib_a-mlock.o)
                0x000000000801b3b8                __malloc_unlock
 .text.__sfputc_r
                0x000000000801b3c4       0x2a /usr/share/gcc-arm-none-eabi-10.3-2021.10/bin/../lib/gcc/arm-none-eabi/10.3.1/../../../../arm-none-eabi/lib/thumb/v7e-m/nofp/libg_nano.a(lib_a-nano-vfprintf.o)
 .text.__sfputs_r
                0x000000000801b3ee       0x24 /usr/share/gcc-arm-none-eabi-10.3-2021.10/bin/../lib/gcc/arm-none-eabi/10.3.1/../../../../arm-none-eabi/lib/thumb/v7e-m/nofp/libg_nano.a(lib_a-nano-vfprintf.o)
                0x000000000801b3ee                __sfputs_r
 *fill*         0x000000000801b412        0x2 
 .text._vfprintf_r
                0x000000000801b414      0x260 /usr/share/gcc-arm-none-eabi-10.3-2021.10/bin/../lib/gcc/arm-none-eabi/10.3.1/../../../../arm-none-eabi/lib/thumb/v7e-m/nofp/libg_nano.a(lib_a-nano-vfprintf.o)
                0x000000000801b414                _vfiprintf_r
                0x000000000801b414                _vfprintf_r
 .text._printf_common
                0x000000000801b674       0xda /usr/share/gcc-arm-none-eabi-10.3-2021.10/bin/../lib/gcc/arm-none-eabi/10.3.1/../../../../arm-none-eabi/lib/thumb/v7e-m/nofp/libg_nano.a(lib_a-nano-vfprintf_i.o)
                0x000000000801b674                _printf_common
 *fill*         0x000000000801b74e        0x2 
 .text._printf_i
                0x000000000801b750      0x24c /usr/share/gcc-arm-none-eabi-10.3-2021.10/bin/../lib/gcc/arm-none-eabi/10.3.1/../../../../arm-none-eabi/lib/thumb/v7e-m/nofp/libg_nano.a(lib_a-nano-vfprintf_i.o)
                0x000000000801b750                _printf_i
 .text._read_r  0x000000000801b99c       0x24 /usr/share/gcc-arm-none-eabi-10.3-2021.10/bin/../lib/gcc/arm-none-eabi/10.3.1/../../../../arm-none-eabi/lib/thumb/v7e-m/nofp/libg_nano.a(lib_a-readr.o)
                0x000000000801b99c                _read_r
 .text.__swbuf_r
                0x000000000801b9c0       0xa4 /usr/share/gcc-arm-none-eabi-10.3-2021.10/bin/../lib/gcc/arm-none-eabi/10.3.1/../../../../arm-none-eabi/lib/thumb/v7e-m/nofp/libg_nano.a(lib_a-wbuf.o)
                0x000000000801b9c0                __swbuf_r
 .text.__swsetup_r
                0x000000000801ba64       0xdc /usr/share/gcc-arm-none-eabi-10.3-2021.10/bin/../lib/gcc/arm-none-eabi/10.3.1/../../../../arm-none-eabi/lib/thumb/v7e-m/nofp/libg_nano.a(lib_a-wsetup.o)
                0x000000000801ba64                __swsetup_r
 .text.__swhatbuf_r
                0x000000000801bb40       0x4a /usr/share/gcc-arm-none-eabi-10.3-2021.10/bin/../lib/gcc/arm-none-eabi/10.3.1/../../../../arm-none-eabi/lib/thumb/v7e-m/nofp/libg_nano.a(lib_a-makebuf.o)
                0x000000000801bb40                __swhatbuf_r
 *fill*         0x000000000801bb8a        0x2 
 .text.__smakebuf_r
                0x000000000801bb8c       0x80 /usr/share/gcc-arm-none-eabi-10.3-2021.10/bin/../lib/gcc/arm-none-eabi/10.3.1/../../../../arm-none-eabi/lib/thumb/v7e-m/nofp/libg_nano.a(lib_a-makebuf.o)
                0x000000000801bb8c                __smakebuf_r
 *fill*         0x000000000801bc0c        0x4 
 .text          0x000000000801bc10       0xa0 /usr/share/gcc-arm-none-eabi-10.3-2021.10/bin/../lib/gcc/arm-none-eabi/10.3.1/../../../../arm-none-eabi/lib/thumb/v7e-m/nofp/libg_nano.a(lib_a-memchr.o)
                0x000000000801bc10                memchr
 .text._fstat_r
                0x000000000801bcb0       0x24 /usr/share/gcc-arm-none-eabi-10.3-2021.10/bin/../lib/gcc/arm-none-eabi/10.3.1/../../../../arm-none-eabi/lib/thumb/v7e-m/nofp/libg_nano.a(lib_a-fstatr.o)
                0x000000000801bcb0                _fstat_r
 .text._isatty_r
                0x000000000801bcd4       0x20 /usr/share/gcc-arm-none-eabi-10.3-2021.10/bin/../lib/gcc/arm-none-eabi/10.3.1/../../../../arm-none-eabi/lib/thumb/v7e-m/nofp/libg_nano.a(lib_a-isattyr.o)
                0x000000000801bcd4                _isatty_r
 .text._close   0x000000000801bcf4       0x10 /usr/share/gcc-arm-none-eabi-10.3-2021.10/bin/../lib/gcc/arm-none-eabi/10.3.1/../../../../arm-none-eabi/lib/thumb/v7e-m/nofp/libnosys.a(close.o)
                0x000000000801bcf4                _close
 .text._fstat   0x000000000801bd04       0x10 /usr/share/gcc-arm-none-eabi-10.3-2021.10/bin/../lib/gcc/arm-none-eabi/10.3.1/../../../../arm-none-eabi/lib/thumb/v7e-m/nofp/libnosys.a(fstat.o)
                0x000000000801bd04                _fstat
 .text._isatty  0x000000000801bd14       0x10 /usr/share/gcc-arm-none-eabi-10.3-2021.10/bin/../lib/gcc/arm-none-eabi/10.3.1/../../../../arm-none-eabi/lib/thumb/v7e-m/nofp/libnosys.a(isatty.o)
                0x000000000801bd14                _isatty
 .text._lseek   0x000000000801bd24       0x10 /usr/share/gcc-arm-none-eabi-10.3-2021.10/bin/../lib/gcc/arm-none-eabi/10.3.1/../../../../arm-none-eabi/lib/thumb/v7e-m/nofp/libnosys.a(lseek.o)
                0x000000000801bd24                _lseek
 .text._read    0x000000000801bd34       0x10 /usr/share/gcc-arm-none-eabi-10.3-2021.10/bin/../lib/gcc/arm-none-eabi/10.3.1/../../../../arm-none-eabi/lib/thumb/v7e-m/nofp/libnosys.a(read.o)
                0x000000000801bd34                _read
 .text._sbrk    0x000000000801bd44       0x1c /usr/share/gcc-arm-none-eabi-10.3-2021.10/bin/../lib/gcc/arm-none-eabi/10.3.1/../../../../arm-none-eabi/lib/thumb/v7e-m/nofp/libnosys.a(sbrk.o)
                0x000000000801bd44                _sbrk
 .text._write   0x000000000801bd60       0x10 /usr/share/gcc-arm-none-eabi-10.3-2021.10/bin/../lib/gcc/arm-none-eabi/10.3.1/../../../../arm-none-eabi/lib/thumb/v7e-m/nofp/libnosys.a(write.o)
                0x000000000801bd60                _write

.glue_7         0x000000000801bd70        0x0
 .glue_7        0x000000000801bd70        0x0 linker stubs

.glue_7t        0x000000000801bd70        0x0
 .glue_7t       0x000000000801bd70        0x0 linker stubs

.vfp11_veneer   0x000000000801bd70        0x0
 .vfp11_veneer  0x000000000801bd70        0x0 linker stubs

.v4_bx          0x000000000801bd70        0x0
 .v4_bx         0x000000000801bd70        0x0 linker stubs

.init           0x000000000801bd70        0x4
 .init          0x000000000801bd70        0x4 /usr/share/gcc-arm-none-eabi-10.3-2021.10/bin/../lib/gcc/arm-none-eabi/10.3.1/thumb/v7e-m/nofp/crti.o
                0x000000000801bd70                _init

.fini           0x000000000801bd74        0x4
 .fini          0x000000000801bd74        0x4 /usr/share/gcc-arm-none-eabi-10.3-2021.10/bin/../lib/gcc/arm-none-eabi/10.3.1/thumb/v7e-m/nofp/crti.o
                0x000000000801bd74                _fini

.iplt           0x000000000801bd78        0x0
 .iplt          0x000000000801bd78        0x0 Build/test_main.o

.rodata         0x000000000801bd78      0x329
 *(.text*)
 .rodata        0x000000000801bd78      0x329 Build/test.o
                0x000000000801c0a1                __data_load_start__ = .
                0x000000000801c0a1                __data_start__ = .

.rodata.main.str1.1
                0x000000000801c0a1       0x29
 .rodata.main.str1.1
                0x000000000801c0a1       0x29 Build/test_main.o

.rodata.str1.1  0x000000000801c0ca     0x1a93
 .rodata.str1.1
                0x000000000801c0ca       0xc0 Build/test.o
 .rodata.str1.1
                0x000000000801c18a      0x186 Build/ecc.o
 .rodata.str1.1
                0x000000000801c310        0xb Build/curve25519.o
 .rodata.str1.1
                0x000000000801c31b     0x1842 Build/error.o
                                       0x187b (size before relaxing)

.rodata.print_fiducials.str1.1
                0x000000000801db5d       0x27
 .rodata.print_fiducials.str1.1
                0x000000000801db5d       0x27 Build/test.o

.rodata.render_error_message.str1.1
                0x000000000801db84       0x57
 .rodata.render_error_message.str1.1
                0x000000000801db84       0x57 Build/test.o

.rodata.ecc_exp_imp_test.str1.1
                0x000000000801dbdb       0xc3
 .rodata.ecc_exp_imp_test.str1.1
                0x000000000801dbdb       0xc3 Build/test.o

.rodata.base64_test.str1.1
                0x000000000801dc9e       0x42
 .rodata.base64_test.str1.1
                0x000000000801dc9e       0x42 Build/test.o

.rodata.asn_test.str1.1
                0x000000000801dce0       0x13
 .rodata.asn_test.str1.1
                0x000000000801dce0       0x13 Build/test.o

.rodata.sha_test.str1.1
                0x000000000801dcf3      0x127
 .rodata.sha_test.str1.1
                0x000000000801dcf3      0x127 Build/test.o
                                        0x169 (size before relaxing)

.rodata.sha256_test.str1.1
                0x000000000801de1a       0x63
 .rodata.sha256_test.str1.1
                0x000000000801de1a       0x63 Build/test.o

.rodata.sha512_test.str1.1
                0x000000000801de7d      0x134
 .rodata.sha512_test.str1.1
                0x000000000801de7d      0x134 Build/test.o

.rodata.sha512_224_test.str1.1
                0x000000000801dfb1       0x74